ARM GAS  /tmp/cc4MXntr.s 			page 1


   1              		.cpu cortex-m4
   2              		.arch armv7e-m
   3              		.fpu fpv4-sp-d16
   4              		.eabi_attribute 27, 1
   5              		.eabi_attribute 28, 1
   6              		.eabi_attribute 20, 1
   7              		.eabi_attribute 21, 1
   8              		.eabi_attribute 23, 3
   9              		.eabi_attribute 24, 1
  10              		.eabi_attribute 25, 1
  11              		.eabi_attribute 26, 1
  12              		.eabi_attribute 30, 1
  13              		.eabi_attribute 34, 1
  14              		.eabi_attribute 18, 4
  15              		.file	"tim.c"
  16              		.text
  17              	.Ltext0:
  18              		.cfi_sections	.debug_frame
  19              		.section	.text.MX_TIM1_Init,"ax",%progbits
  20              		.align	1
  21              		.global	MX_TIM1_Init
  22              		.syntax unified
  23              		.thumb
  24              		.thumb_func
  26              	MX_TIM1_Init:
  27              	.LFB134:
  28              		.file 1 "Core/Src/tim.c"
   1:Core/Src/tim.c **** /* USER CODE BEGIN Header */
   2:Core/Src/tim.c **** /**
   3:Core/Src/tim.c ****   ******************************************************************************
   4:Core/Src/tim.c ****   * @file    tim.c
   5:Core/Src/tim.c ****   * @brief   This file provides code for the configuration
   6:Core/Src/tim.c ****   *          of the TIM instances.
   7:Core/Src/tim.c ****   ******************************************************************************
   8:Core/Src/tim.c ****   * @attention
   9:Core/Src/tim.c ****   *
  10:Core/Src/tim.c ****   * Copyright (c) 2025 STMicroelectronics.
  11:Core/Src/tim.c ****   * All rights reserved.
  12:Core/Src/tim.c ****   *
  13:Core/Src/tim.c ****   * This software is licensed under terms that can be found in the LICENSE file
  14:Core/Src/tim.c ****   * in the root directory of this software component.
  15:Core/Src/tim.c ****   * If no LICENSE file comes with this software, it is provided AS-IS.
  16:Core/Src/tim.c ****   *
  17:Core/Src/tim.c ****   ******************************************************************************
  18:Core/Src/tim.c ****   */
  19:Core/Src/tim.c **** /* USER CODE END Header */
  20:Core/Src/tim.c **** /* Includes ------------------------------------------------------------------*/
  21:Core/Src/tim.c **** #include "tim.h"
  22:Core/Src/tim.c **** 
  23:Core/Src/tim.c **** /* USER CODE BEGIN 0 */
  24:Core/Src/tim.c **** 
  25:Core/Src/tim.c **** /* USER CODE END 0 */
  26:Core/Src/tim.c **** 
  27:Core/Src/tim.c **** TIM_HandleTypeDef htim1;
  28:Core/Src/tim.c **** DMA_HandleTypeDef hdma_tim1_up;
  29:Core/Src/tim.c **** 
  30:Core/Src/tim.c **** /* TIM1 init function */
ARM GAS  /tmp/cc4MXntr.s 			page 2


  31:Core/Src/tim.c **** void MX_TIM1_Init(void)
  32:Core/Src/tim.c **** {
  29              		.loc 1 32 1 view -0
  30              		.cfi_startproc
  31              		@ args = 0, pretend = 0, frame = 24
  32              		@ frame_needed = 0, uses_anonymous_args = 0
  33 0000 00B5     		push	{lr}
  34              	.LCFI0:
  35              		.cfi_def_cfa_offset 4
  36              		.cfi_offset 14, -4
  37 0002 87B0     		sub	sp, sp, #28
  38              	.LCFI1:
  39              		.cfi_def_cfa_offset 32
  33:Core/Src/tim.c **** 
  34:Core/Src/tim.c ****   /* USER CODE BEGIN TIM1_Init 0 */
  35:Core/Src/tim.c **** 
  36:Core/Src/tim.c ****   /* USER CODE END TIM1_Init 0 */
  37:Core/Src/tim.c **** 
  38:Core/Src/tim.c ****   TIM_ClockConfigTypeDef sClockSourceConfig = {0};
  40              		.loc 1 38 3 view .LVU1
  41              		.loc 1 38 26 is_stmt 0 view .LVU2
  42 0004 0023     		movs	r3, #0
  43 0006 0293     		str	r3, [sp, #8]
  44 0008 0393     		str	r3, [sp, #12]
  45 000a 0493     		str	r3, [sp, #16]
  46 000c 0593     		str	r3, [sp, #20]
  39:Core/Src/tim.c ****   TIM_MasterConfigTypeDef sMasterConfig = {0};
  47              		.loc 1 39 3 is_stmt 1 view .LVU3
  48              		.loc 1 39 27 is_stmt 0 view .LVU4
  49 000e 0093     		str	r3, [sp]
  50 0010 0193     		str	r3, [sp, #4]
  40:Core/Src/tim.c **** 
  41:Core/Src/tim.c ****   /* USER CODE BEGIN TIM1_Init 1 */
  42:Core/Src/tim.c **** 
  43:Core/Src/tim.c ****   /* USER CODE END TIM1_Init 1 */
  44:Core/Src/tim.c ****   htim1.Instance = TIM1;
  51              		.loc 1 44 3 is_stmt 1 view .LVU5
  52              		.loc 1 44 18 is_stmt 0 view .LVU6
  53 0012 1648     		ldr	r0, .L9
  54 0014 164A     		ldr	r2, .L9+4
  55 0016 0260     		str	r2, [r0]
  45:Core/Src/tim.c ****   htim1.Init.Prescaler = 10000-1;
  56              		.loc 1 45 3 is_stmt 1 view .LVU7
  57              		.loc 1 45 24 is_stmt 0 view .LVU8
  58 0018 42F20F72 		movw	r2, #9999
  59 001c 4260     		str	r2, [r0, #4]
  46:Core/Src/tim.c ****   htim1.Init.CounterMode = TIM_COUNTERMODE_UP;
  60              		.loc 1 46 3 is_stmt 1 view .LVU9
  61              		.loc 1 46 26 is_stmt 0 view .LVU10
  62 001e 8360     		str	r3, [r0, #8]
  47:Core/Src/tim.c ****   htim1.Init.Period = 800-1;
  63              		.loc 1 47 3 is_stmt 1 view .LVU11
  64              		.loc 1 47 21 is_stmt 0 view .LVU12
  65 0020 40F21F32 		movw	r2, #799
  66 0024 C260     		str	r2, [r0, #12]
  48:Core/Src/tim.c ****   htim1.Init.ClockDivision = TIM_CLOCKDIVISION_DIV1;
  67              		.loc 1 48 3 is_stmt 1 view .LVU13
ARM GAS  /tmp/cc4MXntr.s 			page 3


  68              		.loc 1 48 28 is_stmt 0 view .LVU14
  69 0026 0361     		str	r3, [r0, #16]
  49:Core/Src/tim.c ****   htim1.Init.RepetitionCounter = 0;
  70              		.loc 1 49 3 is_stmt 1 view .LVU15
  71              		.loc 1 49 32 is_stmt 0 view .LVU16
  72 0028 4361     		str	r3, [r0, #20]
  50:Core/Src/tim.c ****   htim1.Init.AutoReloadPreload = TIM_AUTORELOAD_PRELOAD_DISABLE;
  73              		.loc 1 50 3 is_stmt 1 view .LVU17
  74              		.loc 1 50 32 is_stmt 0 view .LVU18
  75 002a 8361     		str	r3, [r0, #24]
  51:Core/Src/tim.c ****   if (HAL_TIM_Base_Init(&htim1) != HAL_OK)
  76              		.loc 1 51 3 is_stmt 1 view .LVU19
  77              		.loc 1 51 7 is_stmt 0 view .LVU20
  78 002c FFF7FEFF 		bl	HAL_TIM_Base_Init
  79              	.LVL0:
  80              		.loc 1 51 6 view .LVU21
  81 0030 98B9     		cbnz	r0, .L6
  82              	.L2:
  52:Core/Src/tim.c ****   {
  53:Core/Src/tim.c ****     Error_Handler();
  54:Core/Src/tim.c ****   }
  55:Core/Src/tim.c ****   sClockSourceConfig.ClockSource = TIM_CLOCKSOURCE_INTERNAL;
  83              		.loc 1 55 3 is_stmt 1 view .LVU22
  84              		.loc 1 55 34 is_stmt 0 view .LVU23
  85 0032 4FF48053 		mov	r3, #4096
  86 0036 0293     		str	r3, [sp, #8]
  56:Core/Src/tim.c ****   if (HAL_TIM_ConfigClockSource(&htim1, &sClockSourceConfig) != HAL_OK)
  87              		.loc 1 56 3 is_stmt 1 view .LVU24
  88              		.loc 1 56 7 is_stmt 0 view .LVU25
  89 0038 02A9     		add	r1, sp, #8
  90 003a 0C48     		ldr	r0, .L9
  91 003c FFF7FEFF 		bl	HAL_TIM_ConfigClockSource
  92              	.LVL1:
  93              		.loc 1 56 6 view .LVU26
  94 0040 70B9     		cbnz	r0, .L7
  95              	.L3:
  57:Core/Src/tim.c ****   {
  58:Core/Src/tim.c ****     Error_Handler();
  59:Core/Src/tim.c ****   }
  60:Core/Src/tim.c ****   sMasterConfig.MasterOutputTrigger = TIM_TRGO_UPDATE;
  96              		.loc 1 60 3 is_stmt 1 view .LVU27
  97              		.loc 1 60 37 is_stmt 0 view .LVU28
  98 0042 2023     		movs	r3, #32
  99 0044 0093     		str	r3, [sp]
  61:Core/Src/tim.c ****   sMasterConfig.MasterSlaveMode = TIM_MASTERSLAVEMODE_ENABLE;
 100              		.loc 1 61 3 is_stmt 1 view .LVU29
 101              		.loc 1 61 33 is_stmt 0 view .LVU30
 102 0046 8023     		movs	r3, #128
 103 0048 0193     		str	r3, [sp, #4]
  62:Core/Src/tim.c ****   if (HAL_TIMEx_MasterConfigSynchronization(&htim1, &sMasterConfig) != HAL_OK)
 104              		.loc 1 62 3 is_stmt 1 view .LVU31
 105              		.loc 1 62 7 is_stmt 0 view .LVU32
 106 004a 6946     		mov	r1, sp
 107 004c 0748     		ldr	r0, .L9
 108 004e FFF7FEFF 		bl	HAL_TIMEx_MasterConfigSynchronization
 109              	.LVL2:
 110              		.loc 1 62 6 view .LVU33
ARM GAS  /tmp/cc4MXntr.s 			page 4


 111 0052 40B9     		cbnz	r0, .L8
 112              	.L1:
  63:Core/Src/tim.c ****   {
  64:Core/Src/tim.c ****     Error_Handler();
  65:Core/Src/tim.c ****   }
  66:Core/Src/tim.c ****   /* USER CODE BEGIN TIM1_Init 2 */
  67:Core/Src/tim.c **** 
  68:Core/Src/tim.c ****   /* USER CODE END TIM1_Init 2 */
  69:Core/Src/tim.c **** 
  70:Core/Src/tim.c **** }
 113              		.loc 1 70 1 view .LVU34
 114 0054 07B0     		add	sp, sp, #28
 115              	.LCFI2:
 116              		.cfi_remember_state
 117              		.cfi_def_cfa_offset 4
 118              		@ sp needed
 119 0056 5DF804FB 		ldr	pc, [sp], #4
 120              	.L6:
 121              	.LCFI3:
 122              		.cfi_restore_state
  53:Core/Src/tim.c ****   }
 123              		.loc 1 53 5 is_stmt 1 view .LVU35
 124 005a FFF7FEFF 		bl	Error_Handler
 125              	.LVL3:
 126 005e E8E7     		b	.L2
 127              	.L7:
  58:Core/Src/tim.c ****   }
 128              		.loc 1 58 5 view .LVU36
 129 0060 FFF7FEFF 		bl	Error_Handler
 130              	.LVL4:
 131 0064 EDE7     		b	.L3
 132              	.L8:
  64:Core/Src/tim.c ****   }
 133              		.loc 1 64 5 view .LVU37
 134 0066 FFF7FEFF 		bl	Error_Handler
 135              	.LVL5:
 136              		.loc 1 70 1 is_stmt 0 view .LVU38
 137 006a F3E7     		b	.L1
 138              	.L10:
 139              		.align	2
 140              	.L9:
 141 006c 00000000 		.word	.LANCHOR0
 142 0070 00000140 		.word	1073807360
 143              		.cfi_endproc
 144              	.LFE134:
 146              		.section	.text.HAL_TIM_Base_MspInit,"ax",%progbits
 147              		.align	1
 148              		.global	HAL_TIM_Base_MspInit
 149              		.syntax unified
 150              		.thumb
 151              		.thumb_func
 153              	HAL_TIM_Base_MspInit:
 154              	.LVL6:
 155              	.LFB135:
  71:Core/Src/tim.c **** 
  72:Core/Src/tim.c **** void HAL_TIM_Base_MspInit(TIM_HandleTypeDef* tim_baseHandle)
  73:Core/Src/tim.c **** {
ARM GAS  /tmp/cc4MXntr.s 			page 5


 156              		.loc 1 73 1 is_stmt 1 view -0
 157              		.cfi_startproc
 158              		@ args = 0, pretend = 0, frame = 8
 159              		@ frame_needed = 0, uses_anonymous_args = 0
  74:Core/Src/tim.c **** 
  75:Core/Src/tim.c ****   if(tim_baseHandle->Instance==TIM1)
 160              		.loc 1 75 3 view .LVU40
 161              		.loc 1 75 20 is_stmt 0 view .LVU41
 162 0000 0268     		ldr	r2, [r0]
 163              		.loc 1 75 5 view .LVU42
 164 0002 1A4B     		ldr	r3, .L20
 165 0004 9A42     		cmp	r2, r3
 166 0006 00D0     		beq	.L18
 167 0008 7047     		bx	lr
 168              	.L18:
  73:Core/Src/tim.c **** 
 169              		.loc 1 73 1 view .LVU43
 170 000a 10B5     		push	{r4, lr}
 171              	.LCFI4:
 172              		.cfi_def_cfa_offset 8
 173              		.cfi_offset 4, -8
 174              		.cfi_offset 14, -4
 175 000c 82B0     		sub	sp, sp, #8
 176              	.LCFI5:
 177              		.cfi_def_cfa_offset 16
 178 000e 0446     		mov	r4, r0
  76:Core/Src/tim.c ****   {
  77:Core/Src/tim.c ****   /* USER CODE BEGIN TIM1_MspInit 0 */
  78:Core/Src/tim.c **** 
  79:Core/Src/tim.c ****   /* USER CODE END TIM1_MspInit 0 */
  80:Core/Src/tim.c ****     /* TIM1 clock enable */
  81:Core/Src/tim.c ****     __HAL_RCC_TIM1_CLK_ENABLE();
 179              		.loc 1 81 5 is_stmt 1 view .LVU44
 180              	.LBB2:
 181              		.loc 1 81 5 view .LVU45
 182 0010 0023     		movs	r3, #0
 183 0012 0193     		str	r3, [sp, #4]
 184              		.loc 1 81 5 view .LVU46
 185 0014 164A     		ldr	r2, .L20+4
 186 0016 516C     		ldr	r1, [r2, #68]
 187 0018 41F00101 		orr	r1, r1, #1
 188 001c 5164     		str	r1, [r2, #68]
 189              		.loc 1 81 5 view .LVU47
 190 001e 526C     		ldr	r2, [r2, #68]
 191 0020 02F00102 		and	r2, r2, #1
 192 0024 0192     		str	r2, [sp, #4]
 193              		.loc 1 81 5 view .LVU48
 194 0026 019A     		ldr	r2, [sp, #4]
 195              	.LBE2:
 196              		.loc 1 81 5 view .LVU49
  82:Core/Src/tim.c **** 
  83:Core/Src/tim.c ****     /* TIM1 DMA Init */
  84:Core/Src/tim.c ****     /* TIM1_UP Init */
  85:Core/Src/tim.c ****     hdma_tim1_up.Instance = DMA2_Stream5;
 197              		.loc 1 85 5 view .LVU50
 198              		.loc 1 85 27 is_stmt 0 view .LVU51
 199 0028 1248     		ldr	r0, .L20+8
ARM GAS  /tmp/cc4MXntr.s 			page 6


 200              	.LVL7:
 201              		.loc 1 85 27 view .LVU52
 202 002a 134A     		ldr	r2, .L20+12
 203 002c 0260     		str	r2, [r0]
  86:Core/Src/tim.c ****     hdma_tim1_up.Init.Channel = DMA_CHANNEL_6;
 204              		.loc 1 86 5 is_stmt 1 view .LVU53
 205              		.loc 1 86 31 is_stmt 0 view .LVU54
 206 002e 4FF04062 		mov	r2, #201326592
 207 0032 4260     		str	r2, [r0, #4]
  87:Core/Src/tim.c ****     hdma_tim1_up.Init.Direction = DMA_MEMORY_TO_PERIPH;
 208              		.loc 1 87 5 is_stmt 1 view .LVU55
 209              		.loc 1 87 33 is_stmt 0 view .LVU56
 210 0034 4022     		movs	r2, #64
 211 0036 8260     		str	r2, [r0, #8]
  88:Core/Src/tim.c ****     hdma_tim1_up.Init.PeriphInc = DMA_PINC_DISABLE;
 212              		.loc 1 88 5 is_stmt 1 view .LVU57
 213              		.loc 1 88 33 is_stmt 0 view .LVU58
 214 0038 C360     		str	r3, [r0, #12]
  89:Core/Src/tim.c ****     hdma_tim1_up.Init.MemInc = DMA_MINC_ENABLE;
 215              		.loc 1 89 5 is_stmt 1 view .LVU59
 216              		.loc 1 89 30 is_stmt 0 view .LVU60
 217 003a 4FF48062 		mov	r2, #1024
 218 003e 0261     		str	r2, [r0, #16]
  90:Core/Src/tim.c ****     hdma_tim1_up.Init.PeriphDataAlignment = DMA_PDATAALIGN_WORD;
 219              		.loc 1 90 5 is_stmt 1 view .LVU61
 220              		.loc 1 90 43 is_stmt 0 view .LVU62
 221 0040 4FF48052 		mov	r2, #4096
 222 0044 4261     		str	r2, [r0, #20]
  91:Core/Src/tim.c ****     hdma_tim1_up.Init.MemDataAlignment = DMA_MDATAALIGN_WORD;
 223              		.loc 1 91 5 is_stmt 1 view .LVU63
 224              		.loc 1 91 40 is_stmt 0 view .LVU64
 225 0046 4FF48042 		mov	r2, #16384
 226 004a 8261     		str	r2, [r0, #24]
  92:Core/Src/tim.c ****     hdma_tim1_up.Init.Mode = DMA_CIRCULAR;
 227              		.loc 1 92 5 is_stmt 1 view .LVU65
 228              		.loc 1 92 28 is_stmt 0 view .LVU66
 229 004c 4FF48072 		mov	r2, #256
 230 0050 C261     		str	r2, [r0, #28]
  93:Core/Src/tim.c ****     hdma_tim1_up.Init.Priority = DMA_PRIORITY_LOW;
 231              		.loc 1 93 5 is_stmt 1 view .LVU67
 232              		.loc 1 93 32 is_stmt 0 view .LVU68
 233 0052 0362     		str	r3, [r0, #32]
  94:Core/Src/tim.c ****     hdma_tim1_up.Init.FIFOMode = DMA_FIFOMODE_DISABLE;
 234              		.loc 1 94 5 is_stmt 1 view .LVU69
 235              		.loc 1 94 32 is_stmt 0 view .LVU70
 236 0054 4362     		str	r3, [r0, #36]
  95:Core/Src/tim.c ****     if (HAL_DMA_Init(&hdma_tim1_up) != HAL_OK)
 237              		.loc 1 95 5 is_stmt 1 view .LVU71
 238              		.loc 1 95 9 is_stmt 0 view .LVU72
 239 0056 FFF7FEFF 		bl	HAL_DMA_Init
 240              	.LVL8:
 241              		.loc 1 95 8 view .LVU73
 242 005a 20B9     		cbnz	r0, .L19
 243              	.L13:
  96:Core/Src/tim.c ****     {
  97:Core/Src/tim.c ****       Error_Handler();
  98:Core/Src/tim.c ****     }
ARM GAS  /tmp/cc4MXntr.s 			page 7


  99:Core/Src/tim.c **** 
 100:Core/Src/tim.c ****     __HAL_LINKDMA(tim_baseHandle,hdma[TIM_DMA_ID_UPDATE],hdma_tim1_up);
 244              		.loc 1 100 5 is_stmt 1 view .LVU74
 245              		.loc 1 100 5 view .LVU75
 246 005c 054B     		ldr	r3, .L20+8
 247 005e 2362     		str	r3, [r4, #32]
 248              		.loc 1 100 5 view .LVU76
 249 0060 9C63     		str	r4, [r3, #56]
 250              		.loc 1 100 5 view .LVU77
 101:Core/Src/tim.c **** 
 102:Core/Src/tim.c ****   /* USER CODE BEGIN TIM1_MspInit 1 */
 103:Core/Src/tim.c **** 
 104:Core/Src/tim.c ****   /* USER CODE END TIM1_MspInit 1 */
 105:Core/Src/tim.c ****   }
 106:Core/Src/tim.c **** }
 251              		.loc 1 106 1 is_stmt 0 view .LVU78
 252 0062 02B0     		add	sp, sp, #8
 253              	.LCFI6:
 254              		.cfi_remember_state
 255              		.cfi_def_cfa_offset 8
 256              		@ sp needed
 257 0064 10BD     		pop	{r4, pc}
 258              	.LVL9:
 259              	.L19:
 260              	.LCFI7:
 261              		.cfi_restore_state
  97:Core/Src/tim.c ****     }
 262              		.loc 1 97 7 is_stmt 1 view .LVU79
 263 0066 FFF7FEFF 		bl	Error_Handler
 264              	.LVL10:
 265 006a F7E7     		b	.L13
 266              	.L21:
 267              		.align	2
 268              	.L20:
 269 006c 00000140 		.word	1073807360
 270 0070 00380240 		.word	1073887232
 271 0074 00000000 		.word	.LANCHOR1
 272 0078 88640240 		.word	1073898632
 273              		.cfi_endproc
 274              	.LFE135:
 276              		.section	.text.HAL_TIM_Base_MspDeInit,"ax",%progbits
 277              		.align	1
 278              		.global	HAL_TIM_Base_MspDeInit
 279              		.syntax unified
 280              		.thumb
 281              		.thumb_func
 283              	HAL_TIM_Base_MspDeInit:
 284              	.LVL11:
 285              	.LFB136:
 107:Core/Src/tim.c **** 
 108:Core/Src/tim.c **** void HAL_TIM_Base_MspDeInit(TIM_HandleTypeDef* tim_baseHandle)
 109:Core/Src/tim.c **** {
 286              		.loc 1 109 1 view -0
 287              		.cfi_startproc
 288              		@ args = 0, pretend = 0, frame = 0
 289              		@ frame_needed = 0, uses_anonymous_args = 0
 290              		.loc 1 109 1 is_stmt 0 view .LVU81
ARM GAS  /tmp/cc4MXntr.s 			page 8


 291 0000 08B5     		push	{r3, lr}
 292              	.LCFI8:
 293              		.cfi_def_cfa_offset 8
 294              		.cfi_offset 3, -8
 295              		.cfi_offset 14, -4
 110:Core/Src/tim.c **** 
 111:Core/Src/tim.c ****   if(tim_baseHandle->Instance==TIM1)
 296              		.loc 1 111 3 is_stmt 1 view .LVU82
 297              		.loc 1 111 20 is_stmt 0 view .LVU83
 298 0002 0268     		ldr	r2, [r0]
 299              		.loc 1 111 5 view .LVU84
 300 0004 074B     		ldr	r3, .L26
 301 0006 9A42     		cmp	r2, r3
 302 0008 00D0     		beq	.L25
 303              	.LVL12:
 304              	.L22:
 112:Core/Src/tim.c ****   {
 113:Core/Src/tim.c ****   /* USER CODE BEGIN TIM1_MspDeInit 0 */
 114:Core/Src/tim.c **** 
 115:Core/Src/tim.c ****   /* USER CODE END TIM1_MspDeInit 0 */
 116:Core/Src/tim.c ****     /* Peripheral clock disable */
 117:Core/Src/tim.c ****     __HAL_RCC_TIM1_CLK_DISABLE();
 118:Core/Src/tim.c **** 
 119:Core/Src/tim.c ****     /* TIM1 DMA DeInit */
 120:Core/Src/tim.c ****     HAL_DMA_DeInit(tim_baseHandle->hdma[TIM_DMA_ID_UPDATE]);
 121:Core/Src/tim.c **** 
 122:Core/Src/tim.c ****     /* TIM1 interrupt Deinit */
 123:Core/Src/tim.c ****     HAL_NVIC_DisableIRQ(TIM1_UP_TIM10_IRQn);
 124:Core/Src/tim.c ****   /* USER CODE BEGIN TIM1_MspDeInit 1 */
 125:Core/Src/tim.c **** 
 126:Core/Src/tim.c ****   /* USER CODE END TIM1_MspDeInit 1 */
 127:Core/Src/tim.c ****   }
 128:Core/Src/tim.c **** }
 305              		.loc 1 128 1 view .LVU85
 306 000a 08BD     		pop	{r3, pc}
 307              	.LVL13:
 308              	.L25:
 117:Core/Src/tim.c **** 
 309              		.loc 1 117 5 is_stmt 1 view .LVU86
 310 000c 064A     		ldr	r2, .L26+4
 311 000e 536C     		ldr	r3, [r2, #68]
 312 0010 23F00103 		bic	r3, r3, #1
 313 0014 5364     		str	r3, [r2, #68]
 120:Core/Src/tim.c **** 
 314              		.loc 1 120 5 view .LVU87
 315 0016 006A     		ldr	r0, [r0, #32]
 316              	.LVL14:
 120:Core/Src/tim.c **** 
 317              		.loc 1 120 5 is_stmt 0 view .LVU88
 318 0018 FFF7FEFF 		bl	HAL_DMA_DeInit
 319              	.LVL15:
 123:Core/Src/tim.c ****   /* USER CODE BEGIN TIM1_MspDeInit 1 */
 320              		.loc 1 123 5 is_stmt 1 view .LVU89
 321 001c 1920     		movs	r0, #25
 322 001e FFF7FEFF 		bl	HAL_NVIC_DisableIRQ
 323              	.LVL16:
 324              		.loc 1 128 1 is_stmt 0 view .LVU90
ARM GAS  /tmp/cc4MXntr.s 			page 9


 325 0022 F2E7     		b	.L22
 326              	.L27:
 327              		.align	2
 328              	.L26:
 329 0024 00000140 		.word	1073807360
 330 0028 00380240 		.word	1073887232
 331              		.cfi_endproc
 332              	.LFE136:
 334              		.global	hdma_tim1_up
 335              		.global	htim1
 336              		.section	.bss.hdma_tim1_up,"aw",%nobits
 337              		.align	2
 338              		.set	.LANCHOR1,. + 0
 341              	hdma_tim1_up:
 342 0000 00000000 		.space	96
 342      00000000 
 342      00000000 
 342      00000000 
 342      00000000 
 343              		.section	.bss.htim1,"aw",%nobits
 344              		.align	2
 345              		.set	.LANCHOR0,. + 0
 348              	htim1:
 349 0000 00000000 		.space	72
 349      00000000 
 349      00000000 
 349      00000000 
 349      00000000 
 350              		.text
 351              	.Letext0:
 352              		.file 2 "/opt/gcc-arm-none-eabi-10.3-2021.10/arm-none-eabi/include/machine/_default_types.h"
 353              		.file 3 "/opt/gcc-arm-none-eabi-10.3-2021.10/arm-none-eabi/include/sys/_stdint.h"
 354              		.file 4 "Drivers/CMSIS/Device/ST/STM32F4xx/Include/stm32f407xx.h"
 355              		.file 5 "Drivers/STM32F4xx_HAL_Driver/Inc/stm32f4xx_hal_def.h"
 356              		.file 6 "Drivers/STM32F4xx_HAL_Driver/Inc/stm32f4xx_hal_dma.h"
 357              		.file 7 "Drivers/STM32F4xx_HAL_Driver/Inc/stm32f4xx_hal_tim.h"
 358              		.file 8 "Core/Inc/tim.h"
 359              		.file 9 "Drivers/STM32F4xx_HAL_Driver/Inc/stm32f4xx_hal_cortex.h"
 360              		.file 10 "Core/Inc/main.h"
 361              		.file 11 "Drivers/STM32F4xx_HAL_Driver/Inc/stm32f4xx_hal_tim_ex.h"
ARM GAS  /tmp/cc4MXntr.s 			page 10


DEFINED SYMBOLS
                            *ABS*:0000000000000000 tim.c
     /tmp/cc4MXntr.s:20     .text.MX_TIM1_Init:0000000000000000 $t
     /tmp/cc4MXntr.s:26     .text.MX_TIM1_Init:0000000000000000 MX_TIM1_Init
     /tmp/cc4MXntr.s:141    .text.MX_TIM1_Init:000000000000006c $d
     /tmp/cc4MXntr.s:147    .text.HAL_TIM_Base_MspInit:0000000000000000 $t
     /tmp/cc4MXntr.s:153    .text.HAL_TIM_Base_MspInit:0000000000000000 HAL_TIM_Base_MspInit
     /tmp/cc4MXntr.s:269    .text.HAL_TIM_Base_MspInit:000000000000006c $d
     /tmp/cc4MXntr.s:277    .text.HAL_TIM_Base_MspDeInit:0000000000000000 $t
     /tmp/cc4MXntr.s:283    .text.HAL_TIM_Base_MspDeInit:0000000000000000 HAL_TIM_Base_MspDeInit
     /tmp/cc4MXntr.s:329    .text.HAL_TIM_Base_MspDeInit:0000000000000024 $d
     /tmp/cc4MXntr.s:341    .bss.hdma_tim1_up:0000000000000000 hdma_tim1_up
     /tmp/cc4MXntr.s:348    .bss.htim1:0000000000000000 htim1
     /tmp/cc4MXntr.s:337    .bss.hdma_tim1_up:0000000000000000 $d
     /tmp/cc4MXntr.s:344    .bss.htim1:0000000000000000 $d

UNDEFINED SYMBOLS
HAL_TIM_Base_Init
HAL_TIM_ConfigClockSource
HAL_TIMEx_MasterConfigSynchronization
Error_Handler
HAL_DMA_Init
HAL_DMA_DeInit
HAL_NVIC_DisableIRQ
