ARM GAS  /tmp/ccPavd5r.s 			page 1


   1              		.cpu cortex-m4
   2              		.arch armv7e-m
   3              		.fpu fpv4-sp-d16
   4              		.eabi_attribute 27, 1
   5              		.eabi_attribute 28, 1
   6              		.eabi_attribute 20, 1
   7              		.eabi_attribute 21, 1
   8              		.eabi_attribute 23, 3
   9              		.eabi_attribute 24, 1
  10              		.eabi_attribute 25, 1
  11              		.eabi_attribute 26, 1
  12              		.eabi_attribute 30, 1
  13              		.eabi_attribute 34, 1
  14              		.eabi_attribute 18, 4
  15              		.file	"gpio.c"
  16              		.text
  17              	.Ltext0:
  18              		.cfi_sections	.debug_frame
  19              		.section	.text.MX_GPIO_Init,"ax",%progbits
  20              		.align	1
  21              		.global	MX_GPIO_Init
  22              		.syntax unified
  23              		.thumb
  24              		.thumb_func
  26              	MX_GPIO_Init:
  27              	.LFB134:
  28              		.file 1 "Core/Src/gpio.c"
   1:Core/Src/gpio.c **** /* USER CODE BEGIN Header */
   2:Core/Src/gpio.c **** /**
   3:Core/Src/gpio.c ****   ******************************************************************************
   4:Core/Src/gpio.c ****   * @file    gpio.c
   5:Core/Src/gpio.c ****   * @brief   This file provides code for the configuration
   6:Core/Src/gpio.c ****   *          of all used GPIO pins.
   7:Core/Src/gpio.c ****   ******************************************************************************
   8:Core/Src/gpio.c ****   * @attention
   9:Core/Src/gpio.c ****   *
  10:Core/Src/gpio.c ****   * Copyright (c) 2025 STMicroelectronics.
  11:Core/Src/gpio.c ****   * All rights reserved.
  12:Core/Src/gpio.c ****   *
  13:Core/Src/gpio.c ****   * This software is licensed under terms that can be found in the LICENSE file
  14:Core/Src/gpio.c ****   * in the root directory of this software component.
  15:Core/Src/gpio.c ****   * If no LICENSE file comes with this software, it is provided AS-IS.
  16:Core/Src/gpio.c ****   *
  17:Core/Src/gpio.c ****   ******************************************************************************
  18:Core/Src/gpio.c ****   */
  19:Core/Src/gpio.c **** /* USER CODE END Header */
  20:Core/Src/gpio.c **** 
  21:Core/Src/gpio.c **** /* Includes ------------------------------------------------------------------*/
  22:Core/Src/gpio.c **** #include "gpio.h"
  23:Core/Src/gpio.c **** 
  24:Core/Src/gpio.c **** /* USER CODE BEGIN 0 */
  25:Core/Src/gpio.c **** 
  26:Core/Src/gpio.c **** /* USER CODE END 0 */
  27:Core/Src/gpio.c **** 
  28:Core/Src/gpio.c **** /*----------------------------------------------------------------------------*/
  29:Core/Src/gpio.c **** /* Configure GPIO                                                             */
  30:Core/Src/gpio.c **** /*----------------------------------------------------------------------------*/
ARM GAS  /tmp/ccPavd5r.s 			page 2


  31:Core/Src/gpio.c **** /* USER CODE BEGIN 1 */
  32:Core/Src/gpio.c **** 
  33:Core/Src/gpio.c **** /* USER CODE END 1 */
  34:Core/Src/gpio.c **** 
  35:Core/Src/gpio.c **** /** Configure pins as
  36:Core/Src/gpio.c ****         * Analog
  37:Core/Src/gpio.c ****         * Input
  38:Core/Src/gpio.c ****         * Output
  39:Core/Src/gpio.c ****         * EVENT_OUT
  40:Core/Src/gpio.c ****         * EXTI
  41:Core/Src/gpio.c **** */
  42:Core/Src/gpio.c **** void MX_GPIO_Init(void)
  43:Core/Src/gpio.c **** {
  29              		.loc 1 43 1 view -0
  30              		.cfi_startproc
  31              		@ args = 0, pretend = 0, frame = 32
  32              		@ frame_needed = 0, uses_anonymous_args = 0
  33 0000 70B5     		push	{r4, r5, r6, lr}
  34              	.LCFI0:
  35              		.cfi_def_cfa_offset 16
  36              		.cfi_offset 4, -16
  37              		.cfi_offset 5, -12
  38              		.cfi_offset 6, -8
  39              		.cfi_offset 14, -4
  40 0002 88B0     		sub	sp, sp, #32
  41              	.LCFI1:
  42              		.cfi_def_cfa_offset 48
  44:Core/Src/gpio.c **** 
  45:Core/Src/gpio.c ****   GPIO_InitTypeDef GPIO_InitStruct = {0};
  43              		.loc 1 45 3 view .LVU1
  44              		.loc 1 45 20 is_stmt 0 view .LVU2
  45 0004 0024     		movs	r4, #0
  46 0006 0394     		str	r4, [sp, #12]
  47 0008 0494     		str	r4, [sp, #16]
  48 000a 0594     		str	r4, [sp, #20]
  49 000c 0694     		str	r4, [sp, #24]
  50 000e 0794     		str	r4, [sp, #28]
  46:Core/Src/gpio.c **** 
  47:Core/Src/gpio.c ****   /* GPIO Ports Clock Enable */
  48:Core/Src/gpio.c ****   __HAL_RCC_GPIOH_CLK_ENABLE();
  51              		.loc 1 48 3 is_stmt 1 view .LVU3
  52              	.LBB2:
  53              		.loc 1 48 3 view .LVU4
  54 0010 0094     		str	r4, [sp]
  55              		.loc 1 48 3 view .LVU5
  56 0012 1C4B     		ldr	r3, .L3
  57 0014 1A6B     		ldr	r2, [r3, #48]
  58 0016 42F08002 		orr	r2, r2, #128
  59 001a 1A63     		str	r2, [r3, #48]
  60              		.loc 1 48 3 view .LVU6
  61 001c 1A6B     		ldr	r2, [r3, #48]
  62 001e 02F08002 		and	r2, r2, #128
  63 0022 0092     		str	r2, [sp]
  64              		.loc 1 48 3 view .LVU7
  65 0024 009A     		ldr	r2, [sp]
  66              	.LBE2:
  67              		.loc 1 48 3 view .LVU8
ARM GAS  /tmp/ccPavd5r.s 			page 3


  49:Core/Src/gpio.c ****   __HAL_RCC_GPIOA_CLK_ENABLE();
  68              		.loc 1 49 3 view .LVU9
  69              	.LBB3:
  70              		.loc 1 49 3 view .LVU10
  71 0026 0194     		str	r4, [sp, #4]
  72              		.loc 1 49 3 view .LVU11
  73 0028 1A6B     		ldr	r2, [r3, #48]
  74 002a 42F00102 		orr	r2, r2, #1
  75 002e 1A63     		str	r2, [r3, #48]
  76              		.loc 1 49 3 view .LVU12
  77 0030 1A6B     		ldr	r2, [r3, #48]
  78 0032 02F00102 		and	r2, r2, #1
  79 0036 0192     		str	r2, [sp, #4]
  80              		.loc 1 49 3 view .LVU13
  81 0038 019A     		ldr	r2, [sp, #4]
  82              	.LBE3:
  83              		.loc 1 49 3 view .LVU14
  50:Core/Src/gpio.c ****   __HAL_RCC_GPIOD_CLK_ENABLE();
  84              		.loc 1 50 3 view .LVU15
  85              	.LBB4:
  86              		.loc 1 50 3 view .LVU16
  87 003a 0294     		str	r4, [sp, #8]
  88              		.loc 1 50 3 view .LVU17
  89 003c 1A6B     		ldr	r2, [r3, #48]
  90 003e 42F00802 		orr	r2, r2, #8
  91 0042 1A63     		str	r2, [r3, #48]
  92              		.loc 1 50 3 view .LVU18
  93 0044 1B6B     		ldr	r3, [r3, #48]
  94 0046 03F00803 		and	r3, r3, #8
  95 004a 0293     		str	r3, [sp, #8]
  96              		.loc 1 50 3 view .LVU19
  97 004c 029B     		ldr	r3, [sp, #8]
  98              	.LBE4:
  99              		.loc 1 50 3 view .LVU20
  51:Core/Src/gpio.c **** 
  52:Core/Src/gpio.c ****   /*Configure GPIO pin Output Level */
  53:Core/Src/gpio.c ****   HAL_GPIO_WritePin(GPIOD, GPIO_PIN_13|GPIO_PIN_15, GPIO_PIN_RESET);
 100              		.loc 1 53 3 view .LVU21
 101 004e 0E4D     		ldr	r5, .L3+4
 102 0050 2246     		mov	r2, r4
 103 0052 4FF42041 		mov	r1, #40960
 104 0056 2846     		mov	r0, r5
 105 0058 FFF7FEFF 		bl	HAL_GPIO_WritePin
 106              	.LVL0:
  54:Core/Src/gpio.c **** 
  55:Core/Src/gpio.c ****   /*Configure GPIO pin : PA0 */
  56:Core/Src/gpio.c ****   GPIO_InitStruct.Pin = GPIO_PIN_0;
 107              		.loc 1 56 3 view .LVU22
 108              		.loc 1 56 23 is_stmt 0 view .LVU23
 109 005c 0126     		movs	r6, #1
 110 005e 0396     		str	r6, [sp, #12]
  57:Core/Src/gpio.c ****   GPIO_InitStruct.Mode = GPIO_MODE_INPUT;
 111              		.loc 1 57 3 is_stmt 1 view .LVU24
 112              		.loc 1 57 24 is_stmt 0 view .LVU25
 113 0060 0494     		str	r4, [sp, #16]
  58:Core/Src/gpio.c ****   GPIO_InitStruct.Pull = GPIO_NOPULL;
 114              		.loc 1 58 3 is_stmt 1 view .LVU26
ARM GAS  /tmp/ccPavd5r.s 			page 4


 115              		.loc 1 58 24 is_stmt 0 view .LVU27
 116 0062 0594     		str	r4, [sp, #20]
  59:Core/Src/gpio.c ****   HAL_GPIO_Init(GPIOA, &GPIO_InitStruct);
 117              		.loc 1 59 3 is_stmt 1 view .LVU28
 118 0064 03A9     		add	r1, sp, #12
 119 0066 0948     		ldr	r0, .L3+8
 120 0068 FFF7FEFF 		bl	HAL_GPIO_Init
 121              	.LVL1:
  60:Core/Src/gpio.c **** 
  61:Core/Src/gpio.c ****   /*Configure GPIO pins : PD13 PD15 */
  62:Core/Src/gpio.c ****   GPIO_InitStruct.Pin = GPIO_PIN_13|GPIO_PIN_15;
 122              		.loc 1 62 3 view .LVU29
 123              		.loc 1 62 23 is_stmt 0 view .LVU30
 124 006c 4FF42043 		mov	r3, #40960
 125 0070 0393     		str	r3, [sp, #12]
  63:Core/Src/gpio.c ****   GPIO_InitStruct.Mode = GPIO_MODE_OUTPUT_PP;
 126              		.loc 1 63 3 is_stmt 1 view .LVU31
 127              		.loc 1 63 24 is_stmt 0 view .LVU32
 128 0072 0496     		str	r6, [sp, #16]
  64:Core/Src/gpio.c ****   GPIO_InitStruct.Pull = GPIO_NOPULL;
 129              		.loc 1 64 3 is_stmt 1 view .LVU33
 130              		.loc 1 64 24 is_stmt 0 view .LVU34
 131 0074 0594     		str	r4, [sp, #20]
  65:Core/Src/gpio.c ****   GPIO_InitStruct.Speed = GPIO_SPEED_FREQ_LOW;
 132              		.loc 1 65 3 is_stmt 1 view .LVU35
 133              		.loc 1 65 25 is_stmt 0 view .LVU36
 134 0076 0694     		str	r4, [sp, #24]
  66:Core/Src/gpio.c ****   HAL_GPIO_Init(GPIOD, &GPIO_InitStruct);
 135              		.loc 1 66 3 is_stmt 1 view .LVU37
 136 0078 03A9     		add	r1, sp, #12
 137 007a 2846     		mov	r0, r5
 138 007c FFF7FEFF 		bl	HAL_GPIO_Init
 139              	.LVL2:
  67:Core/Src/gpio.c **** 
  68:Core/Src/gpio.c **** }
 140              		.loc 1 68 1 is_stmt 0 view .LVU38
 141 0080 08B0     		add	sp, sp, #32
 142              	.LCFI2:
 143              		.cfi_def_cfa_offset 16
 144              		@ sp needed
 145 0082 70BD     		pop	{r4, r5, r6, pc}
 146              	.L4:
 147              		.align	2
 148              	.L3:
 149 0084 00380240 		.word	1073887232
 150 0088 000C0240 		.word	1073875968
 151 008c 00000240 		.word	1073872896
 152              		.cfi_endproc
 153              	.LFE134:
 155              		.text
 156              	.Letext0:
 157              		.file 2 "/opt/gcc-arm-none-eabi-10.3-2021.10/arm-none-eabi/include/machine/_default_types.h"
 158              		.file 3 "/opt/gcc-arm-none-eabi-10.3-2021.10/arm-none-eabi/include/sys/_stdint.h"
 159              		.file 4 "Drivers/CMSIS/Device/ST/STM32F4xx/Include/stm32f407xx.h"
 160              		.file 5 "Drivers/STM32F4xx_HAL_Driver/Inc/stm32f4xx_hal_gpio.h"
ARM GAS  /tmp/ccPavd5r.s 			page 5


DEFINED SYMBOLS
                            *ABS*:0000000000000000 gpio.c
     /tmp/ccPavd5r.s:20     .text.MX_GPIO_Init:0000000000000000 $t
     /tmp/ccPavd5r.s:26     .text.MX_GPIO_Init:0000000000000000 MX_GPIO_Init
     /tmp/ccPavd5r.s:149    .text.MX_GPIO_Init:0000000000000084 $d

UNDEFINED SYMBOLS
HAL_GPIO_WritePin
HAL_GPIO_Init
