ARM GAS  /tmp/cc2RCxK1.s 			page 1


   1              		.cpu cortex-m4
   2              		.arch armv7e-m
   3              		.fpu fpv4-sp-d16
   4              		.eabi_attribute 27, 1
   5              		.eabi_attribute 28, 1
   6              		.eabi_attribute 20, 1
   7              		.eabi_attribute 21, 1
   8              		.eabi_attribute 23, 3
   9              		.eabi_attribute 24, 1
  10              		.eabi_attribute 25, 1
  11              		.eabi_attribute 26, 1
  12              		.eabi_attribute 30, 1
  13              		.eabi_attribute 34, 1
  14              		.eabi_attribute 18, 4
  15              		.file	"usart.c"
  16              		.text
  17              	.Ltext0:
  18              		.cfi_sections	.debug_frame
  19              		.section	.text.MX_USART2_UART_Init,"ax",%progbits
  20              		.align	1
  21              		.global	MX_USART2_UART_Init
  22              		.syntax unified
  23              		.thumb
  24              		.thumb_func
  26              	MX_USART2_UART_Init:
  27              	.LFB239:
  28              		.file 1 "Core/Src/usart.c"
   1:Core/Src/usart.c **** /* USER CODE BEGIN Header */
   2:Core/Src/usart.c **** /**
   3:Core/Src/usart.c ****   ******************************************************************************
   4:Core/Src/usart.c ****   * @file    usart.c
   5:Core/Src/usart.c ****   * @brief   This file provides code for the configuration
   6:Core/Src/usart.c ****   *          of the USART instances.
   7:Core/Src/usart.c ****   ******************************************************************************
   8:Core/Src/usart.c ****   * @attention
   9:Core/Src/usart.c ****   *
  10:Core/Src/usart.c ****   * Copyright (c) 2025 STMicroelectronics.
  11:Core/Src/usart.c ****   * All rights reserved.
  12:Core/Src/usart.c ****   *
  13:Core/Src/usart.c ****   * This software is licensed under terms that can be found in the LICENSE file
  14:Core/Src/usart.c ****   * in the root directory of this software component.
  15:Core/Src/usart.c ****   * If no LICENSE file comes with this software, it is provided AS-IS.
  16:Core/Src/usart.c ****   *
  17:Core/Src/usart.c ****   ******************************************************************************
  18:Core/Src/usart.c ****   */
  19:Core/Src/usart.c **** /* USER CODE END Header */
  20:Core/Src/usart.c **** /* Includes ------------------------------------------------------------------*/
  21:Core/Src/usart.c **** #include "usart.h"
  22:Core/Src/usart.c **** 
  23:Core/Src/usart.c **** /* USER CODE BEGIN 0 */
  24:Core/Src/usart.c **** 
  25:Core/Src/usart.c **** /* USER CODE END 0 */
  26:Core/Src/usart.c **** 
  27:Core/Src/usart.c **** UART_HandleTypeDef huart2;
  28:Core/Src/usart.c **** DMA_HandleTypeDef hdma_usart2_tx;
  29:Core/Src/usart.c **** 
  30:Core/Src/usart.c **** /* USART2 init function */
ARM GAS  /tmp/cc2RCxK1.s 			page 2


  31:Core/Src/usart.c **** 
  32:Core/Src/usart.c **** void MX_USART2_UART_Init(void)
  33:Core/Src/usart.c **** {
  29              		.loc 1 33 1 view -0
  30              		.cfi_startproc
  31              		@ args = 0, pretend = 0, frame = 0
  32              		@ frame_needed = 0, uses_anonymous_args = 0
  33 0000 08B5     		push	{r3, lr}
  34              	.LCFI0:
  35              		.cfi_def_cfa_offset 8
  36              		.cfi_offset 3, -8
  37              		.cfi_offset 14, -4
  34:Core/Src/usart.c **** 
  35:Core/Src/usart.c ****   /* USER CODE BEGIN USART2_Init 0 */
  36:Core/Src/usart.c **** 
  37:Core/Src/usart.c ****   /* USER CODE END USART2_Init 0 */
  38:Core/Src/usart.c **** 
  39:Core/Src/usart.c ****   /* USER CODE BEGIN USART2_Init 1 */
  40:Core/Src/usart.c **** 
  41:Core/Src/usart.c ****   /* USER CODE END USART2_Init 1 */
  42:Core/Src/usart.c ****   huart2.Instance = USART2;
  38              		.loc 1 42 3 view .LVU1
  39              		.loc 1 42 19 is_stmt 0 view .LVU2
  40 0002 0A48     		ldr	r0, .L5
  41 0004 0A4B     		ldr	r3, .L5+4
  42 0006 0360     		str	r3, [r0]
  43:Core/Src/usart.c ****   huart2.Init.BaudRate = 115200;
  43              		.loc 1 43 3 is_stmt 1 view .LVU3
  44              		.loc 1 43 24 is_stmt 0 view .LVU4
  45 0008 4FF4E133 		mov	r3, #115200
  46 000c 4360     		str	r3, [r0, #4]
  44:Core/Src/usart.c ****   huart2.Init.WordLength = UART_WORDLENGTH_8B;
  47              		.loc 1 44 3 is_stmt 1 view .LVU5
  48              		.loc 1 44 26 is_stmt 0 view .LVU6
  49 000e 0023     		movs	r3, #0
  50 0010 8360     		str	r3, [r0, #8]
  45:Core/Src/usart.c ****   huart2.Init.StopBits = UART_STOPBITS_1;
  51              		.loc 1 45 3 is_stmt 1 view .LVU7
  52              		.loc 1 45 24 is_stmt 0 view .LVU8
  53 0012 C360     		str	r3, [r0, #12]
  46:Core/Src/usart.c ****   huart2.Init.Parity = UART_PARITY_NONE;
  54              		.loc 1 46 3 is_stmt 1 view .LVU9
  55              		.loc 1 46 22 is_stmt 0 view .LVU10
  56 0014 0361     		str	r3, [r0, #16]
  47:Core/Src/usart.c ****   huart2.Init.Mode = UART_MODE_TX_RX;
  57              		.loc 1 47 3 is_stmt 1 view .LVU11
  58              		.loc 1 47 20 is_stmt 0 view .LVU12
  59 0016 0C22     		movs	r2, #12
  60 0018 4261     		str	r2, [r0, #20]
  48:Core/Src/usart.c ****   huart2.Init.HwFlowCtl = UART_HWCONTROL_NONE;
  61              		.loc 1 48 3 is_stmt 1 view .LVU13
  62              		.loc 1 48 25 is_stmt 0 view .LVU14
  63 001a 8361     		str	r3, [r0, #24]
  49:Core/Src/usart.c ****   huart2.Init.OverSampling = UART_OVERSAMPLING_16;
  64              		.loc 1 49 3 is_stmt 1 view .LVU15
  65              		.loc 1 49 28 is_stmt 0 view .LVU16
  66 001c C361     		str	r3, [r0, #28]
ARM GAS  /tmp/cc2RCxK1.s 			page 3


  50:Core/Src/usart.c ****   if (HAL_UART_Init(&huart2) != HAL_OK)
  67              		.loc 1 50 3 is_stmt 1 view .LVU17
  68              		.loc 1 50 7 is_stmt 0 view .LVU18
  69 001e FFF7FEFF 		bl	HAL_UART_Init
  70              	.LVL0:
  71              		.loc 1 50 6 view .LVU19
  72 0022 00B9     		cbnz	r0, .L4
  73              	.L1:
  51:Core/Src/usart.c ****   {
  52:Core/Src/usart.c ****     Error_Handler();
  53:Core/Src/usart.c ****   }
  54:Core/Src/usart.c ****   /* USER CODE BEGIN USART2_Init 2 */
  55:Core/Src/usart.c **** 
  56:Core/Src/usart.c ****   /* USER CODE END USART2_Init 2 */
  57:Core/Src/usart.c **** 
  58:Core/Src/usart.c **** }
  74              		.loc 1 58 1 view .LVU20
  75 0024 08BD     		pop	{r3, pc}
  76              	.L4:
  52:Core/Src/usart.c ****   }
  77              		.loc 1 52 5 is_stmt 1 view .LVU21
  78 0026 FFF7FEFF 		bl	Error_Handler
  79              	.LVL1:
  80              		.loc 1 58 1 is_stmt 0 view .LVU22
  81 002a FBE7     		b	.L1
  82              	.L6:
  83              		.align	2
  84              	.L5:
  85 002c 00000000 		.word	.LANCHOR0
  86 0030 00440040 		.word	1073759232
  87              		.cfi_endproc
  88              	.LFE239:
  90              		.section	.text.HAL_UART_MspInit,"ax",%progbits
  91              		.align	1
  92              		.global	HAL_UART_MspInit
  93              		.syntax unified
  94              		.thumb
  95              		.thumb_func
  97              	HAL_UART_MspInit:
  98              	.LVL2:
  99              	.LFB240:
  59:Core/Src/usart.c **** 
  60:Core/Src/usart.c **** void HAL_UART_MspInit(UART_HandleTypeDef* uartHandle)
  61:Core/Src/usart.c **** {
 100              		.loc 1 61 1 is_stmt 1 view -0
 101              		.cfi_startproc
 102              		@ args = 0, pretend = 0, frame = 32
 103              		@ frame_needed = 0, uses_anonymous_args = 0
 104              		.loc 1 61 1 is_stmt 0 view .LVU24
 105 0000 30B5     		push	{r4, r5, lr}
 106              	.LCFI1:
 107              		.cfi_def_cfa_offset 12
 108              		.cfi_offset 4, -12
 109              		.cfi_offset 5, -8
 110              		.cfi_offset 14, -4
 111 0002 89B0     		sub	sp, sp, #36
 112              	.LCFI2:
ARM GAS  /tmp/cc2RCxK1.s 			page 4


 113              		.cfi_def_cfa_offset 48
  62:Core/Src/usart.c **** 
  63:Core/Src/usart.c ****   GPIO_InitTypeDef GPIO_InitStruct = {0};
 114              		.loc 1 63 3 is_stmt 1 view .LVU25
 115              		.loc 1 63 20 is_stmt 0 view .LVU26
 116 0004 0023     		movs	r3, #0
 117 0006 0393     		str	r3, [sp, #12]
 118 0008 0493     		str	r3, [sp, #16]
 119 000a 0593     		str	r3, [sp, #20]
 120 000c 0693     		str	r3, [sp, #24]
 121 000e 0793     		str	r3, [sp, #28]
  64:Core/Src/usart.c ****   if(uartHandle->Instance==USART2)
 122              		.loc 1 64 3 is_stmt 1 view .LVU27
 123              		.loc 1 64 16 is_stmt 0 view .LVU28
 124 0010 0268     		ldr	r2, [r0]
 125              		.loc 1 64 5 view .LVU29
 126 0012 234B     		ldr	r3, .L13
 127 0014 9A42     		cmp	r2, r3
 128 0016 01D0     		beq	.L11
 129              	.LVL3:
 130              	.L7:
  65:Core/Src/usart.c ****   {
  66:Core/Src/usart.c ****   /* USER CODE BEGIN USART2_MspInit 0 */
  67:Core/Src/usart.c **** 
  68:Core/Src/usart.c ****   /* USER CODE END USART2_MspInit 0 */
  69:Core/Src/usart.c ****     /* USART2 clock enable */
  70:Core/Src/usart.c ****     __HAL_RCC_USART2_CLK_ENABLE();
  71:Core/Src/usart.c **** 
  72:Core/Src/usart.c ****     __HAL_RCC_GPIOA_CLK_ENABLE();
  73:Core/Src/usart.c ****     /**USART2 GPIO Configuration
  74:Core/Src/usart.c ****     PA2     ------> USART2_TX
  75:Core/Src/usart.c ****     PA3     ------> USART2_RX
  76:Core/Src/usart.c ****     */
  77:Core/Src/usart.c ****     GPIO_InitStruct.Pin = GPIO_PIN_2|GPIO_PIN_3;
  78:Core/Src/usart.c ****     GPIO_InitStruct.Mode = GPIO_MODE_AF_PP;
  79:Core/Src/usart.c ****     GPIO_InitStruct.Pull = GPIO_NOPULL;
  80:Core/Src/usart.c ****     GPIO_InitStruct.Speed = GPIO_SPEED_FREQ_VERY_HIGH;
  81:Core/Src/usart.c ****     GPIO_InitStruct.Alternate = GPIO_AF7_USART2;
  82:Core/Src/usart.c ****     HAL_GPIO_Init(GPIOA, &GPIO_InitStruct);
  83:Core/Src/usart.c **** 
  84:Core/Src/usart.c ****     /* USART2 DMA Init */
  85:Core/Src/usart.c ****     /* USART2_TX Init */
  86:Core/Src/usart.c ****     hdma_usart2_tx.Instance = DMA1_Stream6;
  87:Core/Src/usart.c ****     hdma_usart2_tx.Init.Channel = DMA_CHANNEL_4;
  88:Core/Src/usart.c ****     hdma_usart2_tx.Init.Direction = DMA_MEMORY_TO_PERIPH;
  89:Core/Src/usart.c ****     hdma_usart2_tx.Init.PeriphInc = DMA_PINC_DISABLE;
  90:Core/Src/usart.c ****     hdma_usart2_tx.Init.MemInc = DMA_MINC_ENABLE;
  91:Core/Src/usart.c ****     hdma_usart2_tx.Init.PeriphDataAlignment = DMA_PDATAALIGN_BYTE;
  92:Core/Src/usart.c ****     hdma_usart2_tx.Init.MemDataAlignment = DMA_MDATAALIGN_BYTE;
  93:Core/Src/usart.c ****     hdma_usart2_tx.Init.Mode = DMA_CIRCULAR;
  94:Core/Src/usart.c ****     hdma_usart2_tx.Init.Priority = DMA_PRIORITY_LOW;
  95:Core/Src/usart.c ****     hdma_usart2_tx.Init.FIFOMode = DMA_FIFOMODE_DISABLE;
  96:Core/Src/usart.c ****     if (HAL_DMA_Init(&hdma_usart2_tx) != HAL_OK)
  97:Core/Src/usart.c ****     {
  98:Core/Src/usart.c ****       Error_Handler();
  99:Core/Src/usart.c ****     }
 100:Core/Src/usart.c **** 
ARM GAS  /tmp/cc2RCxK1.s 			page 5


 101:Core/Src/usart.c ****     __HAL_LINKDMA(uartHandle,hdmatx,hdma_usart2_tx);
 102:Core/Src/usart.c **** 
 103:Core/Src/usart.c ****   /* USER CODE BEGIN USART2_MspInit 1 */
 104:Core/Src/usart.c **** 
 105:Core/Src/usart.c ****   /* USER CODE END USART2_MspInit 1 */
 106:Core/Src/usart.c ****   }
 107:Core/Src/usart.c **** }
 131              		.loc 1 107 1 view .LVU30
 132 0018 09B0     		add	sp, sp, #36
 133              	.LCFI3:
 134              		.cfi_remember_state
 135              		.cfi_def_cfa_offset 12
 136              		@ sp needed
 137 001a 30BD     		pop	{r4, r5, pc}
 138              	.LVL4:
 139              	.L11:
 140              	.LCFI4:
 141              		.cfi_restore_state
 142              		.loc 1 107 1 view .LVU31
 143 001c 0446     		mov	r4, r0
  70:Core/Src/usart.c **** 
 144              		.loc 1 70 5 is_stmt 1 view .LVU32
 145              	.LBB2:
  70:Core/Src/usart.c **** 
 146              		.loc 1 70 5 view .LVU33
 147 001e 0025     		movs	r5, #0
 148 0020 0195     		str	r5, [sp, #4]
  70:Core/Src/usart.c **** 
 149              		.loc 1 70 5 view .LVU34
 150 0022 03F5FA33 		add	r3, r3, #128000
 151 0026 1A6C     		ldr	r2, [r3, #64]
 152 0028 42F40032 		orr	r2, r2, #131072
 153 002c 1A64     		str	r2, [r3, #64]
  70:Core/Src/usart.c **** 
 154              		.loc 1 70 5 view .LVU35
 155 002e 1A6C     		ldr	r2, [r3, #64]
 156 0030 02F40032 		and	r2, r2, #131072
 157 0034 0192     		str	r2, [sp, #4]
  70:Core/Src/usart.c **** 
 158              		.loc 1 70 5 view .LVU36
 159 0036 019A     		ldr	r2, [sp, #4]
 160              	.LBE2:
  70:Core/Src/usart.c **** 
 161              		.loc 1 70 5 view .LVU37
  72:Core/Src/usart.c ****     /**USART2 GPIO Configuration
 162              		.loc 1 72 5 view .LVU38
 163              	.LBB3:
  72:Core/Src/usart.c ****     /**USART2 GPIO Configuration
 164              		.loc 1 72 5 view .LVU39
 165 0038 0295     		str	r5, [sp, #8]
  72:Core/Src/usart.c ****     /**USART2 GPIO Configuration
 166              		.loc 1 72 5 view .LVU40
 167 003a 1A6B     		ldr	r2, [r3, #48]
 168 003c 42F00102 		orr	r2, r2, #1
 169 0040 1A63     		str	r2, [r3, #48]
  72:Core/Src/usart.c ****     /**USART2 GPIO Configuration
 170              		.loc 1 72 5 view .LVU41
ARM GAS  /tmp/cc2RCxK1.s 			page 6


 171 0042 1B6B     		ldr	r3, [r3, #48]
 172 0044 03F00103 		and	r3, r3, #1
 173 0048 0293     		str	r3, [sp, #8]
  72:Core/Src/usart.c ****     /**USART2 GPIO Configuration
 174              		.loc 1 72 5 view .LVU42
 175 004a 029B     		ldr	r3, [sp, #8]
 176              	.LBE3:
  72:Core/Src/usart.c ****     /**USART2 GPIO Configuration
 177              		.loc 1 72 5 view .LVU43
  77:Core/Src/usart.c ****     GPIO_InitStruct.Mode = GPIO_MODE_AF_PP;
 178              		.loc 1 77 5 view .LVU44
  77:Core/Src/usart.c ****     GPIO_InitStruct.Mode = GPIO_MODE_AF_PP;
 179              		.loc 1 77 25 is_stmt 0 view .LVU45
 180 004c 0C23     		movs	r3, #12
 181 004e 0393     		str	r3, [sp, #12]
  78:Core/Src/usart.c ****     GPIO_InitStruct.Pull = GPIO_NOPULL;
 182              		.loc 1 78 5 is_stmt 1 view .LVU46
  78:Core/Src/usart.c ****     GPIO_InitStruct.Pull = GPIO_NOPULL;
 183              		.loc 1 78 26 is_stmt 0 view .LVU47
 184 0050 0223     		movs	r3, #2
 185 0052 0493     		str	r3, [sp, #16]
  79:Core/Src/usart.c ****     GPIO_InitStruct.Speed = GPIO_SPEED_FREQ_VERY_HIGH;
 186              		.loc 1 79 5 is_stmt 1 view .LVU48
  80:Core/Src/usart.c ****     GPIO_InitStruct.Alternate = GPIO_AF7_USART2;
 187              		.loc 1 80 5 view .LVU49
  80:Core/Src/usart.c ****     GPIO_InitStruct.Alternate = GPIO_AF7_USART2;
 188              		.loc 1 80 27 is_stmt 0 view .LVU50
 189 0054 0323     		movs	r3, #3
 190 0056 0693     		str	r3, [sp, #24]
  81:Core/Src/usart.c ****     HAL_GPIO_Init(GPIOA, &GPIO_InitStruct);
 191              		.loc 1 81 5 is_stmt 1 view .LVU51
  81:Core/Src/usart.c ****     HAL_GPIO_Init(GPIOA, &GPIO_InitStruct);
 192              		.loc 1 81 31 is_stmt 0 view .LVU52
 193 0058 0723     		movs	r3, #7
 194 005a 0793     		str	r3, [sp, #28]
  82:Core/Src/usart.c **** 
 195              		.loc 1 82 5 is_stmt 1 view .LVU53
 196 005c 03A9     		add	r1, sp, #12
 197 005e 1148     		ldr	r0, .L13+4
 198              	.LVL5:
  82:Core/Src/usart.c **** 
 199              		.loc 1 82 5 is_stmt 0 view .LVU54
 200 0060 FFF7FEFF 		bl	HAL_GPIO_Init
 201              	.LVL6:
  86:Core/Src/usart.c ****     hdma_usart2_tx.Init.Channel = DMA_CHANNEL_4;
 202              		.loc 1 86 5 is_stmt 1 view .LVU55
  86:Core/Src/usart.c ****     hdma_usart2_tx.Init.Channel = DMA_CHANNEL_4;
 203              		.loc 1 86 29 is_stmt 0 view .LVU56
 204 0064 1048     		ldr	r0, .L13+8
 205 0066 114B     		ldr	r3, .L13+12
 206 0068 0360     		str	r3, [r0]
  87:Core/Src/usart.c ****     hdma_usart2_tx.Init.Direction = DMA_MEMORY_TO_PERIPH;
 207              		.loc 1 87 5 is_stmt 1 view .LVU57
  87:Core/Src/usart.c ****     hdma_usart2_tx.Init.Direction = DMA_MEMORY_TO_PERIPH;
 208              		.loc 1 87 33 is_stmt 0 view .LVU58
 209 006a 4FF00063 		mov	r3, #134217728
 210 006e 4360     		str	r3, [r0, #4]
ARM GAS  /tmp/cc2RCxK1.s 			page 7


  88:Core/Src/usart.c ****     hdma_usart2_tx.Init.PeriphInc = DMA_PINC_DISABLE;
 211              		.loc 1 88 5 is_stmt 1 view .LVU59
  88:Core/Src/usart.c ****     hdma_usart2_tx.Init.PeriphInc = DMA_PINC_DISABLE;
 212              		.loc 1 88 35 is_stmt 0 view .LVU60
 213 0070 4023     		movs	r3, #64
 214 0072 8360     		str	r3, [r0, #8]
  89:Core/Src/usart.c ****     hdma_usart2_tx.Init.MemInc = DMA_MINC_ENABLE;
 215              		.loc 1 89 5 is_stmt 1 view .LVU61
  89:Core/Src/usart.c ****     hdma_usart2_tx.Init.MemInc = DMA_MINC_ENABLE;
 216              		.loc 1 89 35 is_stmt 0 view .LVU62
 217 0074 C560     		str	r5, [r0, #12]
  90:Core/Src/usart.c ****     hdma_usart2_tx.Init.PeriphDataAlignment = DMA_PDATAALIGN_BYTE;
 218              		.loc 1 90 5 is_stmt 1 view .LVU63
  90:Core/Src/usart.c ****     hdma_usart2_tx.Init.PeriphDataAlignment = DMA_PDATAALIGN_BYTE;
 219              		.loc 1 90 32 is_stmt 0 view .LVU64
 220 0076 4FF48063 		mov	r3, #1024
 221 007a 0361     		str	r3, [r0, #16]
  91:Core/Src/usart.c ****     hdma_usart2_tx.Init.MemDataAlignment = DMA_MDATAALIGN_BYTE;
 222              		.loc 1 91 5 is_stmt 1 view .LVU65
  91:Core/Src/usart.c ****     hdma_usart2_tx.Init.MemDataAlignment = DMA_MDATAALIGN_BYTE;
 223              		.loc 1 91 45 is_stmt 0 view .LVU66
 224 007c 4561     		str	r5, [r0, #20]
  92:Core/Src/usart.c ****     hdma_usart2_tx.Init.Mode = DMA_CIRCULAR;
 225              		.loc 1 92 5 is_stmt 1 view .LVU67
  92:Core/Src/usart.c ****     hdma_usart2_tx.Init.Mode = DMA_CIRCULAR;
 226              		.loc 1 92 42 is_stmt 0 view .LVU68
 227 007e 8561     		str	r5, [r0, #24]
  93:Core/Src/usart.c ****     hdma_usart2_tx.Init.Priority = DMA_PRIORITY_LOW;
 228              		.loc 1 93 5 is_stmt 1 view .LVU69
  93:Core/Src/usart.c ****     hdma_usart2_tx.Init.Priority = DMA_PRIORITY_LOW;
 229              		.loc 1 93 30 is_stmt 0 view .LVU70
 230 0080 4FF48073 		mov	r3, #256
 231 0084 C361     		str	r3, [r0, #28]
  94:Core/Src/usart.c ****     hdma_usart2_tx.Init.FIFOMode = DMA_FIFOMODE_DISABLE;
 232              		.loc 1 94 5 is_stmt 1 view .LVU71
  94:Core/Src/usart.c ****     hdma_usart2_tx.Init.FIFOMode = DMA_FIFOMODE_DISABLE;
 233              		.loc 1 94 34 is_stmt 0 view .LVU72
 234 0086 0562     		str	r5, [r0, #32]
  95:Core/Src/usart.c ****     if (HAL_DMA_Init(&hdma_usart2_tx) != HAL_OK)
 235              		.loc 1 95 5 is_stmt 1 view .LVU73
  95:Core/Src/usart.c ****     if (HAL_DMA_Init(&hdma_usart2_tx) != HAL_OK)
 236              		.loc 1 95 34 is_stmt 0 view .LVU74
 237 0088 4562     		str	r5, [r0, #36]
  96:Core/Src/usart.c ****     {
 238              		.loc 1 96 5 is_stmt 1 view .LVU75
  96:Core/Src/usart.c ****     {
 239              		.loc 1 96 9 is_stmt 0 view .LVU76
 240 008a FFF7FEFF 		bl	HAL_DMA_Init
 241              	.LVL7:
  96:Core/Src/usart.c ****     {
 242              		.loc 1 96 8 view .LVU77
 243 008e 18B9     		cbnz	r0, .L12
 244              	.L9:
 101:Core/Src/usart.c **** 
 245              		.loc 1 101 5 is_stmt 1 view .LVU78
 101:Core/Src/usart.c **** 
 246              		.loc 1 101 5 view .LVU79
ARM GAS  /tmp/cc2RCxK1.s 			page 8


 247 0090 054B     		ldr	r3, .L13+8
 248 0092 A363     		str	r3, [r4, #56]
 101:Core/Src/usart.c **** 
 249              		.loc 1 101 5 view .LVU80
 250 0094 9C63     		str	r4, [r3, #56]
 101:Core/Src/usart.c **** 
 251              		.loc 1 101 5 view .LVU81
 252              		.loc 1 107 1 is_stmt 0 view .LVU82
 253 0096 BFE7     		b	.L7
 254              	.L12:
  98:Core/Src/usart.c ****     }
 255              		.loc 1 98 7 is_stmt 1 view .LVU83
 256 0098 FFF7FEFF 		bl	Error_Handler
 257              	.LVL8:
 258 009c F8E7     		b	.L9
 259              	.L14:
 260 009e 00BF     		.align	2
 261              	.L13:
 262 00a0 00440040 		.word	1073759232
 263 00a4 00000240 		.word	1073872896
 264 00a8 00000000 		.word	.LANCHOR1
 265 00ac A0600240 		.word	1073897632
 266              		.cfi_endproc
 267              	.LFE240:
 269              		.section	.text.HAL_UART_MspDeInit,"ax",%progbits
 270              		.align	1
 271              		.global	HAL_UART_MspDeInit
 272              		.syntax unified
 273              		.thumb
 274              		.thumb_func
 276              	HAL_UART_MspDeInit:
 277              	.LVL9:
 278              	.LFB241:
 108:Core/Src/usart.c **** 
 109:Core/Src/usart.c **** void HAL_UART_MspDeInit(UART_HandleTypeDef* uartHandle)
 110:Core/Src/usart.c **** {
 279              		.loc 1 110 1 view -0
 280              		.cfi_startproc
 281              		@ args = 0, pretend = 0, frame = 0
 282              		@ frame_needed = 0, uses_anonymous_args = 0
 111:Core/Src/usart.c **** 
 112:Core/Src/usart.c ****   if(uartHandle->Instance==USART2)
 283              		.loc 1 112 3 view .LVU85
 284              		.loc 1 112 16 is_stmt 0 view .LVU86
 285 0000 0268     		ldr	r2, [r0]
 286              		.loc 1 112 5 view .LVU87
 287 0002 0B4B     		ldr	r3, .L22
 288 0004 9A42     		cmp	r2, r3
 289 0006 00D0     		beq	.L21
 290 0008 7047     		bx	lr
 291              	.L21:
 110:Core/Src/usart.c **** 
 292              		.loc 1 110 1 view .LVU88
 293 000a 10B5     		push	{r4, lr}
 294              	.LCFI5:
 295              		.cfi_def_cfa_offset 8
 296              		.cfi_offset 4, -8
ARM GAS  /tmp/cc2RCxK1.s 			page 9


 297              		.cfi_offset 14, -4
 298 000c 0446     		mov	r4, r0
 113:Core/Src/usart.c ****   {
 114:Core/Src/usart.c ****   /* USER CODE BEGIN USART2_MspDeInit 0 */
 115:Core/Src/usart.c **** 
 116:Core/Src/usart.c ****   /* USER CODE END USART2_MspDeInit 0 */
 117:Core/Src/usart.c ****     /* Peripheral clock disable */
 118:Core/Src/usart.c ****     __HAL_RCC_USART2_CLK_DISABLE();
 299              		.loc 1 118 5 is_stmt 1 view .LVU89
 300 000e 094A     		ldr	r2, .L22+4
 301 0010 136C     		ldr	r3, [r2, #64]
 302 0012 23F40033 		bic	r3, r3, #131072
 303 0016 1364     		str	r3, [r2, #64]
 119:Core/Src/usart.c **** 
 120:Core/Src/usart.c ****     /**USART2 GPIO Configuration
 121:Core/Src/usart.c ****     PA2     ------> USART2_TX
 122:Core/Src/usart.c ****     PA3     ------> USART2_RX
 123:Core/Src/usart.c ****     */
 124:Core/Src/usart.c ****     HAL_GPIO_DeInit(GPIOA, GPIO_PIN_2|GPIO_PIN_3);
 304              		.loc 1 124 5 view .LVU90
 305 0018 0C21     		movs	r1, #12
 306 001a 0748     		ldr	r0, .L22+8
 307              	.LVL10:
 308              		.loc 1 124 5 is_stmt 0 view .LVU91
 309 001c FFF7FEFF 		bl	HAL_GPIO_DeInit
 310              	.LVL11:
 125:Core/Src/usart.c **** 
 126:Core/Src/usart.c ****     /* USART2 DMA DeInit */
 127:Core/Src/usart.c ****     HAL_DMA_DeInit(uartHandle->hdmatx);
 311              		.loc 1 127 5 is_stmt 1 view .LVU92
 312 0020 A06B     		ldr	r0, [r4, #56]
 313 0022 FFF7FEFF 		bl	HAL_DMA_DeInit
 314              	.LVL12:
 128:Core/Src/usart.c **** 
 129:Core/Src/usart.c ****     /* USART2 interrupt Deinit */
 130:Core/Src/usart.c ****     HAL_NVIC_DisableIRQ(USART2_IRQn);
 315              		.loc 1 130 5 view .LVU93
 316 0026 2620     		movs	r0, #38
 317 0028 FFF7FEFF 		bl	HAL_NVIC_DisableIRQ
 318              	.LVL13:
 131:Core/Src/usart.c ****   /* USER CODE BEGIN USART2_MspDeInit 1 */
 132:Core/Src/usart.c **** 
 133:Core/Src/usart.c ****   /* USER CODE END USART2_MspDeInit 1 */
 134:Core/Src/usart.c ****   }
 135:Core/Src/usart.c **** }
 319              		.loc 1 135 1 is_stmt 0 view .LVU94
 320 002c 10BD     		pop	{r4, pc}
 321              	.LVL14:
 322              	.L23:
 323              		.loc 1 135 1 view .LVU95
 324 002e 00BF     		.align	2
 325              	.L22:
 326 0030 00440040 		.word	1073759232
 327 0034 00380240 		.word	1073887232
 328 0038 00000240 		.word	1073872896
 329              		.cfi_endproc
 330              	.LFE241:
ARM GAS  /tmp/cc2RCxK1.s 			page 10


 332              		.global	hdma_usart2_tx
 333              		.global	huart2
 334              		.section	.bss.hdma_usart2_tx,"aw",%nobits
 335              		.align	2
 336              		.set	.LANCHOR1,. + 0
 339              	hdma_usart2_tx:
 340 0000 00000000 		.space	96
 340      00000000 
 340      00000000 
 340      00000000 
 340      00000000 
 341              		.section	.bss.huart2,"aw",%nobits
 342              		.align	2
 343              		.set	.LANCHOR0,. + 0
 346              	huart2:
 347 0000 00000000 		.space	72
 347      00000000 
 347      00000000 
 347      00000000 
 347      00000000 
 348              		.text
 349              	.Letext0:
 350              		.file 2 "/opt/gcc-arm-none-eabi-10.3-2021.10/arm-none-eabi/include/machine/_default_types.h"
 351              		.file 3 "/opt/gcc-arm-none-eabi-10.3-2021.10/arm-none-eabi/include/sys/_stdint.h"
 352              		.file 4 "Drivers/CMSIS/Device/ST/STM32F4xx/Include/stm32f407xx.h"
 353              		.file 5 "Drivers/STM32F4xx_HAL_Driver/Inc/stm32f4xx_hal_def.h"
 354              		.file 6 "Drivers/STM32F4xx_HAL_Driver/Inc/stm32f4xx_hal_gpio.h"
 355              		.file 7 "Drivers/STM32F4xx_HAL_Driver/Inc/stm32f4xx_hal_dma.h"
 356              		.file 8 "Drivers/STM32F4xx_HAL_Driver/Inc/stm32f4xx_hal_uart.h"
 357              		.file 9 "Core/Inc/usart.h"
 358              		.file 10 "Drivers/STM32F4xx_HAL_Driver/Inc/stm32f4xx_hal_cortex.h"
 359              		.file 11 "Core/Inc/main.h"
ARM GAS  /tmp/cc2RCxK1.s 			page 11


DEFINED SYMBOLS
                            *ABS*:0000000000000000 usart.c
     /tmp/cc2RCxK1.s:20     .text.MX_USART2_UART_Init:0000000000000000 $t
     /tmp/cc2RCxK1.s:26     .text.MX_USART2_UART_Init:0000000000000000 MX_USART2_UART_Init
     /tmp/cc2RCxK1.s:85     .text.MX_USART2_UART_Init:000000000000002c $d
     /tmp/cc2RCxK1.s:91     .text.HAL_UART_MspInit:0000000000000000 $t
     /tmp/cc2RCxK1.s:97     .text.HAL_UART_MspInit:0000000000000000 HAL_UART_MspInit
     /tmp/cc2RCxK1.s:262    .text.HAL_UART_MspInit:00000000000000a0 $d
     /tmp/cc2RCxK1.s:270    .text.HAL_UART_MspDeInit:0000000000000000 $t
     /tmp/cc2RCxK1.s:276    .text.HAL_UART_MspDeInit:0000000000000000 HAL_UART_MspDeInit
     /tmp/cc2RCxK1.s:326    .text.HAL_UART_MspDeInit:0000000000000030 $d
     /tmp/cc2RCxK1.s:339    .bss.hdma_usart2_tx:0000000000000000 hdma_usart2_tx
     /tmp/cc2RCxK1.s:346    .bss.huart2:0000000000000000 huart2
     /tmp/cc2RCxK1.s:335    .bss.hdma_usart2_tx:0000000000000000 $d
     /tmp/cc2RCxK1.s:342    .bss.huart2:0000000000000000 $d

UNDEFINED SYMBOLS
HAL_UART_Init
Error_Handler
HAL_GPIO_Init
HAL_DMA_Init
HAL_GPIO_DeInit
HAL_DMA_DeInit
HAL_NVIC_DisableIRQ
