ARM GAS  /tmp/cciFZ9oB.s 			page 1


   1              		.cpu cortex-m4
   2              		.arch armv7e-m
   3              		.fpu fpv4-sp-d16
   4              		.eabi_attribute 27, 1
   5              		.eabi_attribute 28, 1
   6              		.eabi_attribute 20, 1
   7              		.eabi_attribute 21, 1
   8              		.eabi_attribute 23, 3
   9              		.eabi_attribute 24, 1
  10              		.eabi_attribute 25, 1
  11              		.eabi_attribute 26, 1
  12              		.eabi_attribute 30, 1
  13              		.eabi_attribute 34, 1
  14              		.eabi_attribute 18, 4
  15              		.file	"tim.c"
  16              		.text
  17              	.Ltext0:
  18              		.cfi_sections	.debug_frame
  19              		.section	.text.MX_TIM2_Init,"ax",%progbits
  20              		.align	1
  21              		.global	MX_TIM2_Init
  22              		.syntax unified
  23              		.thumb
  24              		.thumb_func
  26              	MX_TIM2_Init:
  27              	.LFB239:
  28              		.file 1 "Core/Src/tim.c"
   1:Core/Src/tim.c **** /* USER CODE BEGIN Header */
   2:Core/Src/tim.c **** /**
   3:Core/Src/tim.c ****  ******************************************************************************
   4:Core/Src/tim.c ****  * @file    tim.c
   5:Core/Src/tim.c ****  * @brief   This file provides code for the configuration
   6:Core/Src/tim.c ****  *          of the TIM instances.
   7:Core/Src/tim.c ****  ******************************************************************************
   8:Core/Src/tim.c ****  * @attention
   9:Core/Src/tim.c ****  *
  10:Core/Src/tim.c ****  * Copyright (c) 2025 STMicroelectronics.
  11:Core/Src/tim.c ****  * All rights reserved.
  12:Core/Src/tim.c ****  *
  13:Core/Src/tim.c ****  * This software is licensed under terms that can be found in the LICENSE file
  14:Core/Src/tim.c ****  * in the root directory of this software component.
  15:Core/Src/tim.c ****  * If no LICENSE file comes with this software, it is provided AS-IS.
  16:Core/Src/tim.c ****  *
  17:Core/Src/tim.c ****  ******************************************************************************
  18:Core/Src/tim.c ****  */
  19:Core/Src/tim.c **** /* USER CODE END Header */
  20:Core/Src/tim.c **** /* Includes ------------------------------------------------------------------*/
  21:Core/Src/tim.c **** #include "tim.h"
  22:Core/Src/tim.c **** 
  23:Core/Src/tim.c **** /* USER CODE BEGIN 0 */
  24:Core/Src/tim.c **** 
  25:Core/Src/tim.c **** /* USER CODE END 0 */
  26:Core/Src/tim.c **** 
  27:Core/Src/tim.c **** TIM_HandleTypeDef htim2;
  28:Core/Src/tim.c **** TIM_HandleTypeDef htim5;
  29:Core/Src/tim.c **** 
  30:Core/Src/tim.c **** /* TIM2 init function */
ARM GAS  /tmp/cciFZ9oB.s 			page 2


  31:Core/Src/tim.c **** void MX_TIM2_Init(void)
  32:Core/Src/tim.c **** {
  29              		.loc 1 32 1 view -0
  30              		.cfi_startproc
  31              		@ args = 0, pretend = 0, frame = 24
  32              		@ frame_needed = 0, uses_anonymous_args = 0
  33 0000 00B5     		push	{lr}
  34              	.LCFI0:
  35              		.cfi_def_cfa_offset 4
  36              		.cfi_offset 14, -4
  37 0002 87B0     		sub	sp, sp, #28
  38              	.LCFI1:
  39              		.cfi_def_cfa_offset 32
  33:Core/Src/tim.c **** 
  34:Core/Src/tim.c ****     /* USER CODE BEGIN TIM2_Init 0 */
  35:Core/Src/tim.c **** 
  36:Core/Src/tim.c ****     /* USER CODE END TIM2_Init 0 */
  37:Core/Src/tim.c **** 
  38:Core/Src/tim.c ****     TIM_ClockConfigTypeDef sClockSourceConfig = {0};
  40              		.loc 1 38 5 view .LVU1
  41              		.loc 1 38 28 is_stmt 0 view .LVU2
  42 0004 0023     		movs	r3, #0
  43 0006 0293     		str	r3, [sp, #8]
  44 0008 0393     		str	r3, [sp, #12]
  45 000a 0493     		str	r3, [sp, #16]
  46 000c 0593     		str	r3, [sp, #20]
  39:Core/Src/tim.c ****     TIM_MasterConfigTypeDef sMasterConfig = {0};
  47              		.loc 1 39 5 is_stmt 1 view .LVU3
  48              		.loc 1 39 29 is_stmt 0 view .LVU4
  49 000e 0093     		str	r3, [sp]
  50 0010 0193     		str	r3, [sp, #4]
  40:Core/Src/tim.c **** 
  41:Core/Src/tim.c ****     /* USER CODE BEGIN TIM2_Init 1 */
  42:Core/Src/tim.c **** 
  43:Core/Src/tim.c ****     /* USER CODE END TIM2_Init 1 */
  44:Core/Src/tim.c ****     htim2.Instance = TIM2;
  51              		.loc 1 44 5 is_stmt 1 view .LVU5
  52              		.loc 1 44 20 is_stmt 0 view .LVU6
  53 0012 1648     		ldr	r0, .L9
  54 0014 4FF08042 		mov	r2, #1073741824
  55 0018 0260     		str	r2, [r0]
  45:Core/Src/tim.c ****     htim2.Init.Prescaler = 15999;
  56              		.loc 1 45 5 is_stmt 1 view .LVU7
  57              		.loc 1 45 26 is_stmt 0 view .LVU8
  58 001a 43F67F62 		movw	r2, #15999
  59 001e 4260     		str	r2, [r0, #4]
  46:Core/Src/tim.c ****     htim2.Init.CounterMode = TIM_COUNTERMODE_UP;
  60              		.loc 1 46 5 is_stmt 1 view .LVU9
  61              		.loc 1 46 28 is_stmt 0 view .LVU10
  62 0020 8360     		str	r3, [r0, #8]
  47:Core/Src/tim.c ****     htim2.Init.Period = 2000 - 1;
  63              		.loc 1 47 5 is_stmt 1 view .LVU11
  64              		.loc 1 47 23 is_stmt 0 view .LVU12
  65 0022 40F2CF72 		movw	r2, #1999
  66 0026 C260     		str	r2, [r0, #12]
  48:Core/Src/tim.c ****     htim2.Init.ClockDivision = TIM_CLOCKDIVISION_DIV1;
  67              		.loc 1 48 5 is_stmt 1 view .LVU13
ARM GAS  /tmp/cciFZ9oB.s 			page 3


  68              		.loc 1 48 30 is_stmt 0 view .LVU14
  69 0028 0361     		str	r3, [r0, #16]
  49:Core/Src/tim.c ****     htim2.Init.AutoReloadPreload = TIM_AUTORELOAD_PRELOAD_DISABLE;
  70              		.loc 1 49 5 is_stmt 1 view .LVU15
  71              		.loc 1 49 34 is_stmt 0 view .LVU16
  72 002a 8361     		str	r3, [r0, #24]
  50:Core/Src/tim.c ****     if (HAL_TIM_Base_Init(&htim2) != HAL_OK)
  73              		.loc 1 50 5 is_stmt 1 view .LVU17
  74              		.loc 1 50 9 is_stmt 0 view .LVU18
  75 002c FFF7FEFF 		bl	HAL_TIM_Base_Init
  76              	.LVL0:
  77              		.loc 1 50 8 view .LVU19
  78 0030 98B9     		cbnz	r0, .L6
  79              	.L2:
  51:Core/Src/tim.c ****     {
  52:Core/Src/tim.c ****         Error_Handler();
  53:Core/Src/tim.c ****     }
  54:Core/Src/tim.c ****     sClockSourceConfig.ClockSource = TIM_CLOCKSOURCE_INTERNAL;
  80              		.loc 1 54 5 is_stmt 1 view .LVU20
  81              		.loc 1 54 36 is_stmt 0 view .LVU21
  82 0032 4FF48053 		mov	r3, #4096
  83 0036 0293     		str	r3, [sp, #8]
  55:Core/Src/tim.c ****     if (HAL_TIM_ConfigClockSource(&htim2, &sClockSourceConfig) != HAL_OK)
  84              		.loc 1 55 5 is_stmt 1 view .LVU22
  85              		.loc 1 55 9 is_stmt 0 view .LVU23
  86 0038 02A9     		add	r1, sp, #8
  87 003a 0C48     		ldr	r0, .L9
  88 003c FFF7FEFF 		bl	HAL_TIM_ConfigClockSource
  89              	.LVL1:
  90              		.loc 1 55 8 view .LVU24
  91 0040 70B9     		cbnz	r0, .L7
  92              	.L3:
  56:Core/Src/tim.c ****     {
  57:Core/Src/tim.c ****         Error_Handler();
  58:Core/Src/tim.c ****     }
  59:Core/Src/tim.c ****     sMasterConfig.MasterOutputTrigger = TIM_TRGO_UPDATE;
  93              		.loc 1 59 5 is_stmt 1 view .LVU25
  94              		.loc 1 59 39 is_stmt 0 view .LVU26
  95 0042 2023     		movs	r3, #32
  96 0044 0093     		str	r3, [sp]
  60:Core/Src/tim.c ****     sMasterConfig.MasterSlaveMode = TIM_MASTERSLAVEMODE_ENABLE;
  97              		.loc 1 60 5 is_stmt 1 view .LVU27
  98              		.loc 1 60 35 is_stmt 0 view .LVU28
  99 0046 8023     		movs	r3, #128
 100 0048 0193     		str	r3, [sp, #4]
  61:Core/Src/tim.c ****     if (HAL_TIMEx_MasterConfigSynchronization(&htim2, &sMasterConfig) != HAL_OK)
 101              		.loc 1 61 5 is_stmt 1 view .LVU29
 102              		.loc 1 61 9 is_stmt 0 view .LVU30
 103 004a 6946     		mov	r1, sp
 104 004c 0748     		ldr	r0, .L9
 105 004e FFF7FEFF 		bl	HAL_TIMEx_MasterConfigSynchronization
 106              	.LVL2:
 107              		.loc 1 61 8 view .LVU31
 108 0052 40B9     		cbnz	r0, .L8
 109              	.L1:
  62:Core/Src/tim.c ****     {
  63:Core/Src/tim.c ****         Error_Handler();
ARM GAS  /tmp/cciFZ9oB.s 			page 4


  64:Core/Src/tim.c ****     }
  65:Core/Src/tim.c ****     /* USER CODE BEGIN TIM2_Init 2 */
  66:Core/Src/tim.c **** 
  67:Core/Src/tim.c ****     /* USER CODE END TIM2_Init 2 */
  68:Core/Src/tim.c **** }
 110              		.loc 1 68 1 view .LVU32
 111 0054 07B0     		add	sp, sp, #28
 112              	.LCFI2:
 113              		.cfi_remember_state
 114              		.cfi_def_cfa_offset 4
 115              		@ sp needed
 116 0056 5DF804FB 		ldr	pc, [sp], #4
 117              	.L6:
 118              	.LCFI3:
 119              		.cfi_restore_state
  52:Core/Src/tim.c ****     }
 120              		.loc 1 52 9 is_stmt 1 view .LVU33
 121 005a FFF7FEFF 		bl	Error_Handler
 122              	.LVL3:
 123 005e E8E7     		b	.L2
 124              	.L7:
  57:Core/Src/tim.c ****     }
 125              		.loc 1 57 9 view .LVU34
 126 0060 FFF7FEFF 		bl	Error_Handler
 127              	.LVL4:
 128 0064 EDE7     		b	.L3
 129              	.L8:
  63:Core/Src/tim.c ****     }
 130              		.loc 1 63 9 view .LVU35
 131 0066 FFF7FEFF 		bl	Error_Handler
 132              	.LVL5:
 133              		.loc 1 68 1 is_stmt 0 view .LVU36
 134 006a F3E7     		b	.L1
 135              	.L10:
 136              		.align	2
 137              	.L9:
 138 006c 00000000 		.word	.LANCHOR0
 139              		.cfi_endproc
 140              	.LFE239:
 142              		.section	.text.HAL_TIM_Base_MspInit,"ax",%progbits
 143              		.align	1
 144              		.global	HAL_TIM_Base_MspInit
 145              		.syntax unified
 146              		.thumb
 147              		.thumb_func
 149              	HAL_TIM_Base_MspInit:
 150              	.LVL6:
 151              	.LFB240:
  69:Core/Src/tim.c **** 
  70:Core/Src/tim.c **** void HAL_TIM_Base_MspInit(TIM_HandleTypeDef* tim_baseHandle)
  71:Core/Src/tim.c **** {
 152              		.loc 1 71 1 is_stmt 1 view -0
 153              		.cfi_startproc
 154              		@ args = 0, pretend = 0, frame = 8
 155              		@ frame_needed = 0, uses_anonymous_args = 0
 156              		@ link register save eliminated.
  72:Core/Src/tim.c **** 
ARM GAS  /tmp/cciFZ9oB.s 			page 5


  73:Core/Src/tim.c ****     if (tim_baseHandle->Instance == TIM2)
 157              		.loc 1 73 5 view .LVU38
 158              		.loc 1 73 23 is_stmt 0 view .LVU39
 159 0000 0368     		ldr	r3, [r0]
 160              		.loc 1 73 8 view .LVU40
 161 0002 B3F1804F 		cmp	r3, #1073741824
 162 0006 00D0     		beq	.L17
 163 0008 7047     		bx	lr
 164              	.L17:
  71:Core/Src/tim.c **** 
 165              		.loc 1 71 1 view .LVU41
 166 000a 82B0     		sub	sp, sp, #8
 167              	.LCFI4:
 168              		.cfi_def_cfa_offset 8
  74:Core/Src/tim.c ****     {
  75:Core/Src/tim.c ****         /* USER CODE BEGIN TIM2_MspInit 0 */
  76:Core/Src/tim.c **** 
  77:Core/Src/tim.c ****         /* USER CODE END TIM2_MspInit 0 */
  78:Core/Src/tim.c ****         /* TIM2 clock enable */
  79:Core/Src/tim.c ****         __HAL_RCC_TIM2_CLK_ENABLE();
 169              		.loc 1 79 9 is_stmt 1 view .LVU42
 170              	.LBB2:
 171              		.loc 1 79 9 view .LVU43
 172 000c 0023     		movs	r3, #0
 173 000e 0193     		str	r3, [sp, #4]
 174              		.loc 1 79 9 view .LVU44
 175 0010 054B     		ldr	r3, .L18
 176 0012 1A6C     		ldr	r2, [r3, #64]
 177 0014 42F00102 		orr	r2, r2, #1
 178 0018 1A64     		str	r2, [r3, #64]
 179              		.loc 1 79 9 view .LVU45
 180 001a 1B6C     		ldr	r3, [r3, #64]
 181 001c 03F00103 		and	r3, r3, #1
 182 0020 0193     		str	r3, [sp, #4]
 183              		.loc 1 79 9 view .LVU46
 184 0022 019B     		ldr	r3, [sp, #4]
 185              	.LBE2:
 186              		.loc 1 79 9 view .LVU47
  80:Core/Src/tim.c ****         /* USER CODE BEGIN TIM2_MspInit 1 */
  81:Core/Src/tim.c **** 
  82:Core/Src/tim.c ****         /* USER CODE END TIM2_MspInit 1 */
  83:Core/Src/tim.c ****     }
  84:Core/Src/tim.c **** }
 187              		.loc 1 84 1 is_stmt 0 view .LVU48
 188 0024 02B0     		add	sp, sp, #8
 189              	.LCFI5:
 190              		.cfi_def_cfa_offset 0
 191              		@ sp needed
 192 0026 7047     		bx	lr
 193              	.L19:
 194              		.align	2
 195              	.L18:
 196 0028 00380240 		.word	1073887232
 197              		.cfi_endproc
 198              	.LFE240:
 200              		.section	.text.HAL_TIM_Base_MspDeInit,"ax",%progbits
 201              		.align	1
ARM GAS  /tmp/cciFZ9oB.s 			page 6


 202              		.global	HAL_TIM_Base_MspDeInit
 203              		.syntax unified
 204              		.thumb
 205              		.thumb_func
 207              	HAL_TIM_Base_MspDeInit:
 208              	.LVL7:
 209              	.LFB241:
  85:Core/Src/tim.c **** 
  86:Core/Src/tim.c **** void HAL_TIM_Base_MspDeInit(TIM_HandleTypeDef* tim_baseHandle)
  87:Core/Src/tim.c **** {
 210              		.loc 1 87 1 is_stmt 1 view -0
 211              		.cfi_startproc
 212              		@ args = 0, pretend = 0, frame = 0
 213              		@ frame_needed = 0, uses_anonymous_args = 0
 214              		.loc 1 87 1 is_stmt 0 view .LVU50
 215 0000 08B5     		push	{r3, lr}
 216              	.LCFI6:
 217              		.cfi_def_cfa_offset 8
 218              		.cfi_offset 3, -8
 219              		.cfi_offset 14, -4
  88:Core/Src/tim.c **** 
  89:Core/Src/tim.c ****     if (tim_baseHandle->Instance == TIM2)
 220              		.loc 1 89 5 is_stmt 1 view .LVU51
 221              		.loc 1 89 23 is_stmt 0 view .LVU52
 222 0002 0368     		ldr	r3, [r0]
 223              		.loc 1 89 8 view .LVU53
 224 0004 B3F1804F 		cmp	r3, #1073741824
 225 0008 00D0     		beq	.L23
 226              	.LVL8:
 227              	.L20:
  90:Core/Src/tim.c ****     {
  91:Core/Src/tim.c ****         /* USER CODE BEGIN TIM2_MspDeInit 0 */
  92:Core/Src/tim.c **** 
  93:Core/Src/tim.c ****         /* USER CODE END TIM2_MspDeInit 0 */
  94:Core/Src/tim.c ****         /* Peripheral clock disable */
  95:Core/Src/tim.c ****         __HAL_RCC_TIM2_CLK_DISABLE();
  96:Core/Src/tim.c **** 
  97:Core/Src/tim.c ****         /* TIM2 interrupt Deinit */
  98:Core/Src/tim.c ****         HAL_NVIC_DisableIRQ(TIM2_IRQn);
  99:Core/Src/tim.c ****         /* USER CODE BEGIN TIM2_MspDeInit 1 */
 100:Core/Src/tim.c **** 
 101:Core/Src/tim.c ****         /* USER CODE END TIM2_MspDeInit 1 */
 102:Core/Src/tim.c ****     }
 103:Core/Src/tim.c **** }
 228              		.loc 1 103 1 view .LVU54
 229 000a 08BD     		pop	{r3, pc}
 230              	.LVL9:
 231              	.L23:
  95:Core/Src/tim.c **** 
 232              		.loc 1 95 9 is_stmt 1 view .LVU55
 233 000c 044A     		ldr	r2, .L24
 234 000e 136C     		ldr	r3, [r2, #64]
 235 0010 23F00103 		bic	r3, r3, #1
 236 0014 1364     		str	r3, [r2, #64]
  98:Core/Src/tim.c ****         /* USER CODE BEGIN TIM2_MspDeInit 1 */
 237              		.loc 1 98 9 view .LVU56
 238 0016 1C20     		movs	r0, #28
ARM GAS  /tmp/cciFZ9oB.s 			page 7


 239              	.LVL10:
  98:Core/Src/tim.c ****         /* USER CODE BEGIN TIM2_MspDeInit 1 */
 240              		.loc 1 98 9 is_stmt 0 view .LVU57
 241 0018 FFF7FEFF 		bl	HAL_NVIC_DisableIRQ
 242              	.LVL11:
 243              		.loc 1 103 1 view .LVU58
 244 001c F5E7     		b	.L20
 245              	.L25:
 246 001e 00BF     		.align	2
 247              	.L24:
 248 0020 00380240 		.word	1073887232
 249              		.cfi_endproc
 250              	.LFE241:
 252              		.global	htim5
 253              		.global	htim2
 254              		.section	.bss.htim2,"aw",%nobits
 255              		.align	2
 256              		.set	.LANCHOR0,. + 0
 259              	htim2:
 260 0000 00000000 		.space	72
 260      00000000 
 260      00000000 
 260      00000000 
 260      00000000 
 261              		.section	.bss.htim5,"aw",%nobits
 262              		.align	2
 265              	htim5:
 266 0000 00000000 		.space	72
 266      00000000 
 266      00000000 
 266      00000000 
 266      00000000 
 267              		.text
 268              	.Letext0:
 269              		.file 2 "/opt/gcc-arm-none-eabi-10.3-2021.10/arm-none-eabi/include/machine/_default_types.h"
 270              		.file 3 "/opt/gcc-arm-none-eabi-10.3-2021.10/arm-none-eabi/include/sys/_stdint.h"
 271              		.file 4 "Drivers/CMSIS/Device/ST/STM32F4xx/Include/stm32f407xx.h"
 272              		.file 5 "Drivers/STM32F4xx_HAL_Driver/Inc/stm32f4xx_hal_def.h"
 273              		.file 6 "Drivers/STM32F4xx_HAL_Driver/Inc/stm32f4xx_hal_dma.h"
 274              		.file 7 "Drivers/STM32F4xx_HAL_Driver/Inc/stm32f4xx_hal_tim.h"
 275              		.file 8 "Core/Inc/tim.h"
 276              		.file 9 "Drivers/STM32F4xx_HAL_Driver/Inc/stm32f4xx_hal_cortex.h"
 277              		.file 10 "Drivers/STM32F4xx_HAL_Driver/Inc/stm32f4xx_hal_tim_ex.h"
 278              		.file 11 "Core/Inc/main.h"
ARM GAS  /tmp/cciFZ9oB.s 			page 8


DEFINED SYMBOLS
                            *ABS*:0000000000000000 tim.c
     /tmp/cciFZ9oB.s:20     .text.MX_TIM2_Init:0000000000000000 $t
     /tmp/cciFZ9oB.s:26     .text.MX_TIM2_Init:0000000000000000 MX_TIM2_Init
     /tmp/cciFZ9oB.s:138    .text.MX_TIM2_Init:000000000000006c $d
     /tmp/cciFZ9oB.s:143    .text.HAL_TIM_Base_MspInit:0000000000000000 $t
     /tmp/cciFZ9oB.s:149    .text.HAL_TIM_Base_MspInit:0000000000000000 HAL_TIM_Base_MspInit
     /tmp/cciFZ9oB.s:196    .text.HAL_TIM_Base_MspInit:0000000000000028 $d
     /tmp/cciFZ9oB.s:201    .text.HAL_TIM_Base_MspDeInit:0000000000000000 $t
     /tmp/cciFZ9oB.s:207    .text.HAL_TIM_Base_MspDeInit:0000000000000000 HAL_TIM_Base_MspDeInit
     /tmp/cciFZ9oB.s:248    .text.HAL_TIM_Base_MspDeInit:0000000000000020 $d
     /tmp/cciFZ9oB.s:265    .bss.htim5:0000000000000000 htim5
     /tmp/cciFZ9oB.s:259    .bss.htim2:0000000000000000 htim2
     /tmp/cciFZ9oB.s:255    .bss.htim2:0000000000000000 $d
     /tmp/cciFZ9oB.s:262    .bss.htim5:0000000000000000 $d

UNDEFINED SYMBOLS
HAL_TIM_Base_Init
HAL_TIM_ConfigClockSource
HAL_TIMEx_MasterConfigSynchronization
Error_Handler
HAL_NVIC_DisableIRQ
