Archive member included to satisfy reference by file (symbol)

/opt/gcc-arm-none-eabi-10.3-2021.10/bin/../lib/gcc/arm-none-eabi/10.3.1/../../../../arm-none-eabi/lib/thumb/v7e-m+fp/hard/libc_nano.a(lib_a-exit.o)
                              /opt/gcc-arm-none-eabi-10.3-2021.10/bin/../lib/gcc/arm-none-eabi/10.3.1/../../../../arm-none-eabi/lib/thumb/v7e-m+fp/hard/crt0.o (exit)
/opt/gcc-arm-none-eabi-10.3-2021.10/bin/../lib/gcc/arm-none-eabi/10.3.1/../../../../arm-none-eabi/lib/thumb/v7e-m+fp/hard/libc_nano.a(lib_a-impure.o)
                              /opt/gcc-arm-none-eabi-10.3-2021.10/bin/../lib/gcc/arm-none-eabi/10.3.1/../../../../arm-none-eabi/lib/thumb/v7e-m+fp/hard/libc_nano.a(lib_a-exit.o) (_global_impure_ptr)
/opt/gcc-arm-none-eabi-10.3-2021.10/bin/../lib/gcc/arm-none-eabi/10.3.1/../../../../arm-none-eabi/lib/thumb/v7e-m+fp/hard/libc_nano.a(lib_a-init.o)
                              /opt/gcc-arm-none-eabi-10.3-2021.10/bin/../lib/gcc/arm-none-eabi/10.3.1/../../../../arm-none-eabi/lib/thumb/v7e-m+fp/hard/crt0.o (__libc_init_array)
/opt/gcc-arm-none-eabi-10.3-2021.10/bin/../lib/gcc/arm-none-eabi/10.3.1/../../../../arm-none-eabi/lib/thumb/v7e-m+fp/hard/libc_nano.a(lib_a-memset.o)
                              /opt/gcc-arm-none-eabi-10.3-2021.10/bin/../lib/gcc/arm-none-eabi/10.3.1/../../../../arm-none-eabi/lib/thumb/v7e-m+fp/hard/crt0.o (memset)
/opt/gcc-arm-none-eabi-10.3-2021.10/bin/../lib/gcc/arm-none-eabi/10.3.1/../../../../arm-none-eabi/lib/thumb/v7e-m+fp/hard/libc_nano.a(lib_a-nano-vfprintf_float.o)
                              (_printf_float)
/opt/gcc-arm-none-eabi-10.3-2021.10/bin/../lib/gcc/arm-none-eabi/10.3.1/../../../../arm-none-eabi/lib/thumb/v7e-m+fp/hard/libc_nano.a(lib_a-nano-vfprintf_i.o)
                              /opt/gcc-arm-none-eabi-10.3-2021.10/bin/../lib/gcc/arm-none-eabi/10.3.1/../../../../arm-none-eabi/lib/thumb/v7e-m+fp/hard/libc_nano.a(lib_a-nano-vfprintf_float.o) (_printf_common)
/opt/gcc-arm-none-eabi-10.3-2021.10/bin/../lib/gcc/arm-none-eabi/10.3.1/../../../../arm-none-eabi/lib/thumb/v7e-m+fp/hard/libc_nano.a(lib_a-snprintf.o)
                              build/main.o (snprintf)
/opt/gcc-arm-none-eabi-10.3-2021.10/bin/../lib/gcc/arm-none-eabi/10.3.1/../../../../arm-none-eabi/lib/thumb/v7e-m+fp/hard/libc_nano.a(lib_a-strlen.o)
                              /opt/gcc-arm-none-eabi-10.3-2021.10/bin/../lib/gcc/arm-none-eabi/10.3.1/../../../../arm-none-eabi/lib/thumb/v7e-m+fp/hard/libc_nano.a(lib_a-nano-vfprintf_float.o) (strlen)
/opt/gcc-arm-none-eabi-10.3-2021.10/bin/../lib/gcc/arm-none-eabi/10.3.1/../../../../arm-none-eabi/lib/thumb/v7e-m+fp/hard/libc_nano.a(lib_a-dtoa.o)
                              /opt/gcc-arm-none-eabi-10.3-2021.10/bin/../lib/gcc/arm-none-eabi/10.3.1/../../../../arm-none-eabi/lib/thumb/v7e-m+fp/hard/libc_nano.a(lib_a-nano-vfprintf_float.o) (_dtoa_r)
/opt/gcc-arm-none-eabi-10.3-2021.10/bin/../lib/gcc/arm-none-eabi/10.3.1/../../../../arm-none-eabi/lib/thumb/v7e-m+fp/hard/libc_nano.a(lib_a-localeconv.o)
                              /opt/gcc-arm-none-eabi-10.3-2021.10/bin/../lib/gcc/arm-none-eabi/10.3.1/../../../../arm-none-eabi/lib/thumb/v7e-m+fp/hard/libc_nano.a(lib_a-nano-vfprintf_float.o) (_localeconv_r)
/opt/gcc-arm-none-eabi-10.3-2021.10/bin/../lib/gcc/arm-none-eabi/10.3.1/../../../../arm-none-eabi/lib/thumb/v7e-m+fp/hard/libc_nano.a(lib_a-malloc.o)
                              /opt/gcc-arm-none-eabi-10.3-2021.10/bin/../lib/gcc/arm-none-eabi/10.3.1/../../../../arm-none-eabi/lib/thumb/v7e-m+fp/hard/libc_nano.a(lib_a-dtoa.o) (malloc)
/opt/gcc-arm-none-eabi-10.3-2021.10/bin/../lib/gcc/arm-none-eabi/10.3.1/../../../../arm-none-eabi/lib/thumb/v7e-m+fp/hard/libc_nano.a(lib_a-memchr.o)
                              /opt/gcc-arm-none-eabi-10.3-2021.10/bin/../lib/gcc/arm-none-eabi/10.3.1/../../../../arm-none-eabi/lib/thumb/v7e-m+fp/hard/libc_nano.a(lib_a-nano-vfprintf_i.o) (memchr)
/opt/gcc-arm-none-eabi-10.3-2021.10/bin/../lib/gcc/arm-none-eabi/10.3.1/../../../../arm-none-eabi/lib/thumb/v7e-m+fp/hard/libc_nano.a(lib_a-memcpy-stub.o)
                              /opt/gcc-arm-none-eabi-10.3-2021.10/bin/../lib/gcc/arm-none-eabi/10.3.1/../../../../arm-none-eabi/lib/thumb/v7e-m+fp/hard/libc_nano.a(lib_a-dtoa.o) (memcpy)
/opt/gcc-arm-none-eabi-10.3-2021.10/bin/../lib/gcc/arm-none-eabi/10.3.1/../../../../arm-none-eabi/lib/thumb/v7e-m+fp/hard/libc_nano.a(lib_a-mprec.o)
                              /opt/gcc-arm-none-eabi-10.3-2021.10/bin/../lib/gcc/arm-none-eabi/10.3.1/../../../../arm-none-eabi/lib/thumb/v7e-m+fp/hard/libc_nano.a(lib_a-dtoa.o) (_Balloc)
/opt/gcc-arm-none-eabi-10.3-2021.10/bin/../lib/gcc/arm-none-eabi/10.3.1/../../../../arm-none-eabi/lib/thumb/v7e-m+fp/hard/libc_nano.a(lib_a-nano-callocr.o)
                              /opt/gcc-arm-none-eabi-10.3-2021.10/bin/../lib/gcc/arm-none-eabi/10.3.1/../../../../arm-none-eabi/lib/thumb/v7e-m+fp/hard/libc_nano.a(lib_a-mprec.o) (_calloc_r)
[...]
Memory Configuration

Name             Origin             Length             Attributes
RAM              0x0000000020000000 0x0000000000020000 xrw
CCMRAM           0x0000000010000000 0x0000000000010000 xrw
FLASH            0x0000000008000000 0x0000000000100000 xr
*default*        0x0000000000000000 0xffffffffffffffff

Linker script and memory map

LOAD /opt/gcc-arm-none-eabi-10.3-2021.10/bin/../lib/gcc/arm-none-eabi/10.3.1/thumb/v7e-m+fp/hard/crti.o
LOAD /opt/gcc-arm-none-eabi-10.3-2021.10/bin/../lib/gcc/arm-none-eabi/10.3.1/thumb/v7e-m+fp/hard/crtbegin.o
LOAD /opt/gcc-arm-none-eabi-10.3-2021.10/bin/../lib/gcc/arm-none-eabi/10.3.1/../../../../arm-none-eabi/lib/thumb/v7e-m+fp/hard/crt0.o
LOAD build/main.o
LOAD build/gpio.o
LOAD build/adc.o
LOAD build/dma.o
LOAD build/usart.o
LOAD build/stm32f4xx_it.o
LOAD build/stm32f4xx_hal_msp.o
LOAD build/stm32f4xx_hal_adc.o
LOAD build/stm32f4xx_hal_adc_ex.o
LOAD build/stm32f4xx_ll_adc.o
LOAD build/stm32f4xx_hal_rcc.o
LOAD build/stm32f4xx_hal_rcc_ex.o
LOAD build/stm32f4xx_hal_flash.o
LOAD build/stm32f4xx_hal_flash_ex.o
LOAD build/stm32f4xx_hal_flash_ramfunc.o
LOAD build/stm32f4xx_hal_gpio.o
LOAD build/stm32f4xx_hal_dma_ex.o
LOAD build/stm32f4xx_hal_dma.o
LOAD build/stm32f4xx_hal_pwr.o
LOAD build/stm32f4xx_hal_pwr_ex.o
LOAD build/stm32f4xx_hal_cortex.o
LOAD build/stm32f4xx_hal.o
LOAD build/stm32f4xx_hal_exti.o
LOAD build/stm32f4xx_hal_uart.o
LOAD build/system_stm32f4xx.o
LOAD build/tim.o
LOAD build/stm32f4xx_hal_tim.o
LOAD build/stm32f4xx_hal_tim_ex.o
LOAD build/startup_stm32f407xx.o
LOAD /opt/gcc-arm-none-eabi-10.3-2021.10/bin/../lib/gcc/arm-none-eabi/10.3.1/../../../../arm-none-eabi/lib/thumb/v7e-m+fp/hard/libc_nano.a
LOAD /opt/gcc-arm-none-eabi-10.3-2021.10/bin/../lib/gcc/arm-none-eabi/10.3.1/../../../../arm-none-eabi/lib/thumb/v7e-m+fp/hard/libm.a
LOAD /opt/gcc-arm-none-eabi-10.3-2021.10/bin/../lib/gcc/arm-none-eabi/10.3.1/../../../../arm-none-eabi/lib/thumb/v7e-m+fp/hard/libnosys.a
START GROUP
LOAD /opt/gcc-arm-none-eabi-10.3-2021.10/bin/../lib/gcc/arm-none-eabi/10.3.1/thumb/v7e-m+fp/hard/libgcc.a
LOAD /opt/gcc-arm-none-eabi-10.3-2021.10/bin/../lib/gcc/arm-none-eabi/10.3.1/../../../../arm-none-eabi/lib/thumb/v7e-m+fp/hard/libc_nano.a
END GROUP
START GROUP
LOAD /opt/gcc-arm-none-eabi-10.3-2021.10/bin/../lib/gcc/arm-none-eabi/10.3.1/thumb/v7e-m+fp/hard/libgcc.a
LOAD /opt/gcc-arm-none-eabi-10.3-2021.10/bin/../lib/gcc/arm-none-eabi/10.3.1/../../../../arm-none-eabi/lib/thumb/v7e-m+fp/hard/libc_nano.a
END GROUP
LOAD /opt/gcc-arm-none-eabi-10.3-2021.10/bin/../lib/gcc/arm-none-eabi/10.3.1/thumb/v7e-m+fp/hard/crtend.o
LOAD /opt/gcc-arm-none-eabi-10.3-2021.10/bin/../lib/gcc/arm-none-eabi/10.3.1/thumb/v7e-m+fp/hard/crtn.o
                0x0000000020020000                _estack = (ORIGIN (RAM) + LENGTH (RAM))
                0x0000000000000200                _Min_Heap_Size = 0x200
                0x0000000000000400                _Min_Stack_Size = 0x400

.isr_vector     0x0000000008000000      0x188
                0x0000000008000000                . = ALIGN (0x4)
 *(.isr_vector)
 .isr_vector    0x0000000008000000      0x188 build/startup_stm32f407xx.o
                0x0000000008000000                g_pfnVectors
                0x0000000008000188                . = ALIGN (0x4)

.text           0x0000000008000190     0x6438
                0x0000000008000190                . = ALIGN (0x4)
 *(.text)
 .text          0x0000000008000190       0x10 /opt/gcc-arm-none-eabi-10.3-2021.10/bin/../lib/gcc/arm-none-eabi/10.3.1/../../../../arm-none-eabi/lib/thumb/v7e-m+fp/hard/libc_nano.a(lib_a-strlen.o)
                0x0000000008000190                strlen
 .text          0x00000000080001a0       0xa0 /opt/gcc-arm-none-eabi-10.3-2021.10/bin/../lib/gcc/arm-none-eabi/10.3.1/../../../../arm-none-eabi/lib/thumb/v7e-m+fp/hard/libc_nano.a(lib_a-memchr.o)
                0x00000000080001a0                memchr
 .text          0x0000000008000240      0x378 /opt/gcc-arm-none-eabi-10.3-2021.10/bin/../lib/gcc/arm-none-eabi/10.3.1/thumb/v7e-m+fp/hard/libgcc.a(_arm_addsubdf3.o)
                0x0000000008000240                __aeabi_drsub
                0x0000000008000248                __aeabi_dsub
                0x0000000008000248                __subdf3
                0x000000000800024c                __adddf3
                0x000000000800024c                __aeabi_dadd
                0x00000000080004c4                __aeabi_ui2d
                0x00000000080004c4                __floatunsidf
                0x00000000080004e4                __floatsidf
                0x00000000080004e4                __aeabi_i2d
                0x0000000008000508                __extendsfdf2
                0x0000000008000508                __aeabi_f2d
                0x000000000800054c                __aeabi_ul2d
                0x000000000800054c                __floatundidf
                0x000000000800055c                __floatdidf
                0x000000000800055c                __aeabi_l2d
 .text          0x00000000080005b8      0x424 /opt/gcc-arm-none-eabi-10.3-2021.10/bin/../lib/gcc/arm-none-eabi/10.3.1/thumb/v7e-m+fp/hard/libgcc.a(_arm_muldivdf3.o)
                0x00000000080005b8                __aeabi_dmul
                0x00000000080005b8                __muldf3
                0x000000000800080c                __aeabi_ddiv
                0x000000000800080c                __divdf3
 .text          0x00000000080009dc      0x110 /opt/gcc-arm-none-eabi-10.3-2021.10/bin/../lib/gcc/arm-none-eabi/10.3.1/thumb/v7e-m+fp/hard/libgcc.a(_arm_cmpdf2.o)
                0x00000000080009dc                __gtdf2
                0x00000000080009dc                __gedf2
                0x00000000080009e4                __ltdf2
                0x00000000080009e4                __ledf2
                0x00000000080009ec                __cmpdf2
                0x00000000080009ec                __eqdf2
                0x00000000080009ec                __nedf2
                0x0000000008000a68                __aeabi_cdrcmple
                0x0000000008000a78                __aeabi_cdcmple
                0x0000000008000a78                __aeabi_cdcmpeq
                0x0000000008000a88                __aeabi_dcmpeq
                0x0000000008000a9c                __aeabi_dcmplt
                0x0000000008000ab0                __aeabi_dcmple
                0x0000000008000ac4                __aeabi_dcmpge
                0x0000000008000ad8                __aeabi_dcmpgt
 .text          0x0000000008000aec       0x2c /opt/gcc-arm-none-eabi-10.3-2021.10/bin/../lib/gcc/arm-none-eabi/10.3.1/thumb/v7e-m+fp/hard/libgcc.a(_arm_unorddf2.o)
                0x0000000008000aec                __aeabi_dcmpun
                0x0000000008000aec                __unorddf2
 .text          0x0000000008000b18       0x50 /opt/gcc-arm-none-eabi-10.3-2021.10/bin/../lib/gcc/arm-none-eabi/10.3.1/thumb/v7e-m+fp/hard/libgcc.a(_arm_fixdfsi.o)
                0x0000000008000b18                __fixdfsi
                0x0000000008000b18                __aeabi_d2iz
 .text          0x0000000008000b68       0x30 /opt/gcc-arm-none-eabi-10.3-2021.10/bin/../lib/gcc/arm-none-eabi/10.3.1/thumb/v7e-m+fp/hard/libgcc.a(_aeabi_uldivmod.o)
                0x0000000008000b68                __aeabi_uldivmod
 .text          0x0000000008000b98      0x2d0 /opt/gcc-arm-none-eabi-10.3-2021.10/bin/../lib/gcc/arm-none-eabi/10.3.1/thumb/v7e-m+fp/hard/libgcc.a(_udivmoddi4.o)
                0x0000000008000b98                __udivmoddi4
 .text          0x0000000008000e68        0x4 /opt/gcc-arm-none-eabi-10.3-2021.10/bin/../lib/gcc/arm-none-eabi/10.3.1/thumb/v7e-m+fp/hard/libgcc.a(_dvmd_tls.o)
                0x0000000008000e68                __aeabi_ldiv0
                0x0000000008000e68                __aeabi_idiv0
 *(.text*)
 .text.MX_NVIC_Init
                0x0000000008000e6c       0x34 build/main.o
 .text.calc_temp
                0x0000000008000ea0       0x60 build/main.o
                0x0000000008000ea0                calc_temp
 .text.HAL_ADC_ConvCpltCallback
                0x0000000008000f00       0x1c build/main.o
                0x0000000008000f00                HAL_ADC_ConvCpltCallback
 .text.HAL_TIM_PeriodElapsedCallback
                0x0000000008000f1c       0x20 build/main.o
                0x0000000008000f1c                HAL_TIM_PeriodElapsedCallback
 .text.HAL_UART_TxCpltCallback
                0x0000000008000f3c       0x20 build/main.o
                0x0000000008000f3c                HAL_UART_TxCpltCallback
 .text.Error_Handler
                0x0000000008000f5c        0x4 build/main.o
                0x0000000008000f5c                Error_Handler
 .text.SystemClock_Config
                0x0000000008000f60       0x88 build/main.o
                0x0000000008000f60                SystemClock_Config
 .text.main     0x0000000008000fe8       0xa0 build/main.o
                0x0000000008000fe8                main
 .text.MX_GPIO_Init
                0x0000000008001088       0x6c build/gpio.o
                0x0000000008001088                MX_GPIO_Init
 .text.MX_ADC1_Init
                0x00000000080010f4       0x70 build/adc.o
                0x00000000080010f4                MX_ADC1_Init
 .text.HAL_ADC_MspInit
                0x0000000008001164       0x78 build/adc.o
                0x0000000008001164                HAL_ADC_MspInit
 .text.MX_DMA_Init
                0x00000000080011dc       0x48 build/dma.o
                0x00000000080011dc                MX_DMA_Init
 .text.MX_USART1_UART_Init
                0x0000000008001224       0x34 build/usart.o
                0x0000000008001224                MX_USART1_UART_Init
 .text.MX_USART2_UART_Init
                0x0000000008001258       0x34 build/usart.o
                0x0000000008001258                MX_USART2_UART_Init
 .text.HAL_UART_MspInit
                0x000000000800128c      0x13c build/usart.o
                0x000000000800128c                HAL_UART_MspInit
 .text.NMI_Handler
                0x00000000080013c8        0x2 build/stm32f4xx_it.o
                0x00000000080013c8                NMI_Handler
 .text.HardFault_Handler
                0x00000000080013ca        0x2 build/stm32f4xx_it.o
                0x00000000080013ca                HardFault_Handler
 .text.MemManage_Handler
                0x00000000080013cc        0x2 build/stm32f4xx_it.o
                0x00000000080013cc                MemManage_Handler
 .text.BusFault_Handler
                0x00000000080013ce        0x2 build/stm32f4xx_it.o
                0x00000000080013ce                BusFault_Handler
 .text.UsageFault_Handler
                0x00000000080013d0        0x2 build/stm32f4xx_it.o
                0x00000000080013d0                UsageFault_Handler
 .text.SVC_Handler
                0x00000000080013d2        0x2 build/stm32f4xx_it.o
                0x00000000080013d2                SVC_Handler
 .text.DebugMon_Handler
                0x00000000080013d4        0x2 build/stm32f4xx_it.o
                0x00000000080013d4                DebugMon_Handler
 .text.PendSV_Handler
                0x00000000080013d6        0x2 build/stm32f4xx_it.o
                0x00000000080013d6                PendSV_Handler
 .text.SysTick_Handler
                0x00000000080013d8        0x8 build/stm32f4xx_it.o
                0x00000000080013d8                SysTick_Handler
 .text.DMA1_Stream6_IRQHandler
                0x00000000080013e0       0x10 build/stm32f4xx_it.o
                0x00000000080013e0                DMA1_Stream6_IRQHandler
 .text.USART2_IRQHandler
                0x00000000080013f0       0x10 build/stm32f4xx_it.o
                0x00000000080013f0                USART2_IRQHandler
 .text.TIM5_IRQHandler
                0x0000000008001400       0x10 build/stm32f4xx_it.o
                0x0000000008001400                TIM5_IRQHandler
 .text.DMA2_Stream0_IRQHandler
                0x0000000008001410       0x10 build/stm32f4xx_it.o
                0x0000000008001410                DMA2_Stream0_IRQHandler
 .text.DMA2_Stream2_IRQHandler
                0x0000000008001420       0x10 build/stm32f4xx_it.o
                0x0000000008001420                DMA2_Stream2_IRQHandler
 .text.HAL_MspInit
                0x0000000008001430       0x38 build/stm32f4xx_hal_msp.o
                0x0000000008001430                HAL_MspInit
 .text.ADC_Init
                0x0000000008001468      0x134 build/stm32f4xx_hal_adc.o
 .text.HAL_ADC_Init
                0x000000000800159c       0x56 build/stm32f4xx_hal_adc.o
                0x000000000800159c                HAL_ADC_Init
 *fill*         0x00000000080015f2        0x2 
 .text.HAL_ADC_Start_DMA
                0x00000000080015f4      0x188 build/stm32f4xx_hal_adc.o
                0x00000000080015f4                HAL_ADC_Start_DMA
 .text.HAL_ADC_ConvHalfCpltCallback
                0x000000000800177c        0x2 build/stm32f4xx_hal_adc.o
                0x000000000800177c                HAL_ADC_ConvHalfCpltCallback
 .text.ADC_DMAHalfConvCplt
                0x000000000800177e        0xa build/stm32f4xx_hal_adc.o
 .text.HAL_ADC_ErrorCallback
                0x0000000008001788        0x2 build/stm32f4xx_hal_adc.o
                0x0000000008001788                HAL_ADC_ErrorCallback
 .text.ADC_DMAError
                0x000000000800178a       0x16 build/stm32f4xx_hal_adc.o
 .text.ADC_DMAConvCplt
                0x00000000080017a0       0x72 build/stm32f4xx_hal_adc.o
 *fill*         0x0000000008001812        0x2 
 .text.HAL_ADC_ConfigChannel
                0x0000000008001814      0x198 build/stm32f4xx_hal_adc.o
                0x0000000008001814                HAL_ADC_ConfigChannel
 .text.HAL_RCC_OscConfig
                0x00000000080019ac      0x3f8 build/stm32f4xx_hal_rcc.o
                0x00000000080019ac                HAL_RCC_OscConfig
 .text.HAL_RCC_GetSysClockFreq
                0x0000000008001da4       0xa4 build/stm32f4xx_hal_rcc.o
                0x0000000008001da4                HAL_RCC_GetSysClockFreq
 .text.HAL_RCC_ClockConfig
                0x0000000008001e48      0x160 build/stm32f4xx_hal_rcc.o
                0x0000000008001e48                HAL_RCC_ClockConfig
 .text.HAL_RCC_GetHCLKFreq
                0x0000000008001fa8        0xc build/stm32f4xx_hal_rcc.o
                0x0000000008001fa8                HAL_RCC_GetHCLKFreq
 .text.HAL_RCC_GetPCLK1Freq
                0x0000000008001fb4       0x20 build/stm32f4xx_hal_rcc.o
                0x0000000008001fb4                HAL_RCC_GetPCLK1Freq
 .text.HAL_RCC_GetPCLK2Freq
                0x0000000008001fd4       0x20 build/stm32f4xx_hal_rcc.o
                0x0000000008001fd4                HAL_RCC_GetPCLK2Freq
 .text.HAL_GPIO_Init
                0x0000000008001ff4      0x1e4 build/stm32f4xx_hal_gpio.o
                0x0000000008001ff4                HAL_GPIO_Init
 .text.HAL_GPIO_WritePin
                0x00000000080021d8        0xc build/stm32f4xx_hal_gpio.o
                0x00000000080021d8                HAL_GPIO_WritePin
 .text.HAL_GPIO_TogglePin
                0x00000000080021e4       0x12 build/stm32f4xx_hal_gpio.o
                0x00000000080021e4                HAL_GPIO_TogglePin
 .text.DMA_SetConfig
                0x00000000080021f6       0x2c build/stm32f4xx_hal_dma.o
 *fill*         0x0000000008002222        0x2 
 .text.DMA_CalcBaseAndBitshift
                0x0000000008002224       0x44 build/stm32f4xx_hal_dma.o
 .text.DMA_CheckFifoParam
                0x0000000008002268       0x8e build/stm32f4xx_hal_dma.o
 *fill*         0x00000000080022f6        0x2 
 .text.HAL_DMA_Init
                0x00000000080022f8       0xcc build/stm32f4xx_hal_dma.o
                0x00000000080022f8                HAL_DMA_Init
 .text.HAL_DMA_Start_IT
                0x00000000080023c4       0x6a build/stm32f4xx_hal_dma.o
                0x00000000080023c4                HAL_DMA_Start_IT
 .text.HAL_DMA_Abort
                0x000000000800242e       0x94 build/stm32f4xx_hal_dma.o
                0x000000000800242e                HAL_DMA_Abort
 .text.HAL_DMA_Abort_IT
                0x00000000080024c2       0x26 build/stm32f4xx_hal_dma.o
                0x00000000080024c2                HAL_DMA_Abort_IT
 .text.HAL_DMA_IRQHandler
                0x00000000080024e8      0x1dc build/stm32f4xx_hal_dma.o
                0x00000000080024e8                HAL_DMA_IRQHandler
 .text.HAL_NVIC_SetPriorityGrouping
                0x00000000080026c4       0x24 build/stm32f4xx_hal_cortex.o
                0x00000000080026c4                HAL_NVIC_SetPriorityGrouping
 .text.HAL_NVIC_SetPriority
                0x00000000080026e8       0x70 build/stm32f4xx_hal_cortex.o
                0x00000000080026e8                HAL_NVIC_SetPriority
 .text.HAL_NVIC_EnableIRQ
                0x0000000008002758       0x1c build/stm32f4xx_hal_cortex.o
                0x0000000008002758                HAL_NVIC_EnableIRQ
 .text.HAL_SYSTICK_Config
                0x0000000008002774       0x28 build/stm32f4xx_hal_cortex.o
                0x0000000008002774                HAL_SYSTICK_Config
 .text.HAL_InitTick
                0x000000000800279c       0x4c build/stm32f4xx_hal.o
                0x000000000800279c                HAL_InitTick
 .text.HAL_Init
                0x00000000080027e8       0x34 build/stm32f4xx_hal.o
                0x00000000080027e8                HAL_Init
 .text.HAL_IncTick
                0x000000000800281c       0x18 build/stm32f4xx_hal.o
                0x000000000800281c                HAL_IncTick
 .text.HAL_GetTick
                0x0000000008002834        0xc build/stm32f4xx_hal.o
                0x0000000008002834                HAL_GetTick
 .text.UART_EndTxTransfer
                0x0000000008002840       0x20 build/stm32f4xx_hal_uart.o
 .text.UART_EndRxTransfer
                0x0000000008002860       0x5c build/stm32f4xx_hal_uart.o
 .text.UART_Transmit_IT
                0x00000000080028bc       0x60 build/stm32f4xx_hal_uart.o
 .text.UART_SetConfig
                0x000000000800291c      0x110 build/stm32f4xx_hal_uart.o
 .text.HAL_UART_Init
                0x0000000008002a2c       0x60 build/stm32f4xx_hal_uart.o
                0x0000000008002a2c                HAL_UART_Init
 .text.HAL_UART_Transmit_DMA
                0x0000000008002a8c       0x90 build/stm32f4xx_hal_uart.o
                0x0000000008002a8c                HAL_UART_Transmit_DMA
 .text.UART_DMATransmitCplt
                0x0000000008002b1c       0x4c build/stm32f4xx_hal_uart.o
 .text.UART_EndTransmit_IT
                0x0000000008002b68       0x1a build/stm32f4xx_hal_uart.o
 .text.HAL_UART_TxHalfCpltCallback
                0x0000000008002b82        0x2 build/stm32f4xx_hal_uart.o
                0x0000000008002b82                HAL_UART_TxHalfCpltCallback
 .text.UART_DMATxHalfCplt
                0x0000000008002b84        0xa build/stm32f4xx_hal_uart.o
 .text.HAL_UART_RxCpltCallback
                0x0000000008002b8e        0x2 build/stm32f4xx_hal_uart.o
                0x0000000008002b8e                HAL_UART_RxCpltCallback
 .text.HAL_UART_ErrorCallback
                0x0000000008002b90        0x2 build/stm32f4xx_hal_uart.o
                0x0000000008002b90                HAL_UART_ErrorCallback
 .text.UART_DMAError
                0x0000000008002b92       0x58 build/stm32f4xx_hal_uart.o
 .text.UART_DMAAbortOnError
                0x0000000008002bea        0xe build/stm32f4xx_hal_uart.o
 .text.HAL_UARTEx_RxEventCallback
                0x0000000008002bf8        0x2 build/stm32f4xx_hal_uart.o
                0x0000000008002bf8                HAL_UARTEx_RxEventCallback
 .text.UART_Receive_IT
                0x0000000008002bfa       0xe6 build/stm32f4xx_hal_uart.o
 .text.HAL_UART_IRQHandler
                0x0000000008002ce0      0x2a4 build/stm32f4xx_hal_uart.o
                0x0000000008002ce0                HAL_UART_IRQHandler
 .text.SystemInit
                0x0000000008002f84       0x14 build/system_stm32f4xx.o
                0x0000000008002f84                SystemInit
 .text.MX_TIM2_Init
                0x0000000008002f98       0x70 build/tim.o
                0x0000000008002f98                MX_TIM2_Init
 .text.MX_TIM5_Init
                0x0000000008003008       0x70 build/tim.o
                0x0000000008003008                MX_TIM5_Init
 .text.HAL_TIM_Base_MspInit
                0x0000000008003078       0x64 build/tim.o
                0x0000000008003078                HAL_TIM_Base_MspInit
 .text.TIM_TI1_ConfigInputStage
                0x00000000080030dc       0x26 build/stm32f4xx_hal_tim.o
 .text.TIM_TI2_ConfigInputStage
                0x0000000008003102       0x28 build/stm32f4xx_hal_tim.o
 .text.TIM_ITRx_SetConfig
                0x000000000800312a       0x10 build/stm32f4xx_hal_tim.o
 *fill*         0x000000000800313a        0x2 
 .text.HAL_TIM_Base_Start
                0x000000000800313c       0x7c build/stm32f4xx_hal_tim.o
                0x000000000800313c                HAL_TIM_Base_Start
 .text.HAL_TIM_Base_Start_IT
                0x00000000080031b8       0x88 build/stm32f4xx_hal_tim.o
                0x00000000080031b8                HAL_TIM_Base_Start_IT
 .text.HAL_TIM_OC_DelayElapsedCallback
                0x0000000008003240        0x2 build/stm32f4xx_hal_tim.o
                0x0000000008003240                HAL_TIM_OC_DelayElapsedCallback
 .text.HAL_TIM_IC_CaptureCallback
                0x0000000008003242        0x2 build/stm32f4xx_hal_tim.o
                0x0000000008003242                HAL_TIM_IC_CaptureCallback
 .text.HAL_TIM_PWM_PulseFinishedCallback
                0x0000000008003244        0x2 build/stm32f4xx_hal_tim.o
                0x0000000008003244                HAL_TIM_PWM_PulseFinishedCallback
 .text.HAL_TIM_TriggerCallback
                0x0000000008003246        0x2 build/stm32f4xx_hal_tim.o
                0x0000000008003246                HAL_TIM_TriggerCallback
 .text.HAL_TIM_IRQHandler
                0x0000000008003248      0x15e build/stm32f4xx_hal_tim.o
                0x0000000008003248                HAL_TIM_IRQHandler
 *fill*         0x00000000080033a6        0x2 
 .text.TIM_Base_SetConfig
                0x00000000080033a8       0xd0 build/stm32f4xx_hal_tim.o
                0x00000000080033a8                TIM_Base_SetConfig
 .text.HAL_TIM_Base_Init
                0x0000000008003478       0x58 build/stm32f4xx_hal_tim.o
                0x0000000008003478                HAL_TIM_Base_Init
 .text.TIM_ETR_SetConfig
                0x00000000080034d0       0x1a build/stm32f4xx_hal_tim.o
                0x00000000080034d0                TIM_ETR_SetConfig
 .text.HAL_TIM_ConfigClockSource
                0x00000000080034ea       0xfe build/stm32f4xx_hal_tim.o
                0x00000000080034ea                HAL_TIM_ConfigClockSource
 .text.HAL_TIMEx_MasterConfigSynchronization
                0x00000000080035e8       0x8c build/stm32f4xx_hal_tim_ex.o
                0x00000000080035e8                HAL_TIMEx_MasterConfigSynchronization
 .text.HAL_TIMEx_CommutCallback
                0x0000000008003674        0x2 build/stm32f4xx_hal_tim_ex.o
                0x0000000008003674                HAL_TIMEx_CommutCallback
 .text.HAL_TIMEx_BreakCallback
                0x0000000008003676        0x2 build/stm32f4xx_hal_tim_ex.o
                0x0000000008003676                HAL_TIMEx_BreakCallback
 .text.Reset_Handler
                0x0000000008003678       0x50 build/startup_stm32f407xx.o
                0x0000000008003678                Reset_Handler
 .text.Default_Handler
                0x00000000080036c8        0x2 build/startup_stm32f407xx.o
                0x00000000080036c8                RTC_Alarm_IRQHandler
                0x00000000080036c8                HASH_RNG_IRQHandler
                0x00000000080036c8                EXTI2_IRQHandler
                0x00000000080036c8                TIM8_CC_IRQHandler
                0x00000000080036c8                TIM1_CC_IRQHandler
                0x00000000080036c8                DMA2_Stream5_IRQHandler
                0x00000000080036c8                DMA1_Stream5_IRQHandler
                0x00000000080036c8                PVD_IRQHandler
                0x00000000080036c8                SDIO_IRQHandler
                0x00000000080036c8                TAMP_STAMP_IRQHandler
                0x00000000080036c8                CAN2_RX1_IRQHandler
                0x00000000080036c8                EXTI3_IRQHandler
                0x00000000080036c8                TIM8_TRG_COM_TIM14_IRQHandler
                0x00000000080036c8                TIM1_UP_TIM10_IRQHandler
                0x00000000080036c8                TIM8_UP_TIM13_IRQHandler
                0x00000000080036c8                I2C3_ER_IRQHandler
                0x00000000080036c8                EXTI0_IRQHandler
                0x00000000080036c8                I2C2_EV_IRQHandler
                0x00000000080036c8                DMA1_Stream2_IRQHandler
                0x00000000080036c8                CAN1_RX0_IRQHandler
                0x00000000080036c8                FPU_IRQHandler
                0x00000000080036c8                OTG_HS_WKUP_IRQHandler
                0x00000000080036c8                CAN2_SCE_IRQHandler
                0x00000000080036c8                SPI1_IRQHandler
                0x00000000080036c8                TIM6_DAC_IRQHandler
                0x00000000080036c8                TIM1_BRK_TIM9_IRQHandler
                0x00000000080036c8                DCMI_IRQHandler
                0x00000000080036c8                CAN2_RX0_IRQHandler
                0x00000000080036c8                DMA2_Stream3_IRQHandler
                0x00000000080036c8                USART6_IRQHandler
                0x00000000080036c8                USART3_IRQHandler
                0x00000000080036c8                CAN1_RX1_IRQHandler
                0x00000000080036c8                UART5_IRQHandler
                0x00000000080036c8                TIM4_IRQHandler
                0x00000000080036c8                I2C1_EV_IRQHandler
                0x00000000080036c8                DMA1_Stream1_IRQHandler
                0x00000000080036c8                UART4_IRQHandler
                0x00000000080036c8                TIM3_IRQHandler
                0x00000000080036c8                RCC_IRQHandler
                0x00000000080036c8                TIM8_BRK_TIM12_IRQHandler
                0x00000000080036c8                Default_Handler
                0x00000000080036c8                EXTI15_10_IRQHandler
                0x00000000080036c8                ADC_IRQHandler
                0x00000000080036c8                DMA1_Stream7_IRQHandler
                0x00000000080036c8                TIM7_IRQHandler
                0x00000000080036c8                CAN2_TX_IRQHandler
                0x00000000080036c8                DMA2_Stream7_IRQHandler
                0x00000000080036c8                I2C3_EV_IRQHandler
                0x00000000080036c8                EXTI9_5_IRQHandler
                0x00000000080036c8                RTC_WKUP_IRQHandler
                0x00000000080036c8                ETH_WKUP_IRQHandler
                0x00000000080036c8                SPI2_IRQHandler
                0x00000000080036c8                OTG_HS_EP1_IN_IRQHandler
                0x00000000080036c8                DMA1_Stream0_IRQHandler
                0x00000000080036c8                CAN1_TX_IRQHandler
                0x00000000080036c8                EXTI4_IRQHandler
                0x00000000080036c8                FSMC_IRQHandler
                0x00000000080036c8                ETH_IRQHandler
                0x00000000080036c8                OTG_HS_EP1_OUT_IRQHandler
                0x00000000080036c8                WWDG_IRQHandler
                0x00000000080036c8                TIM2_IRQHandler
                0x00000000080036c8                OTG_FS_WKUP_IRQHandler
                0x00000000080036c8                TIM1_TRG_COM_TIM11_IRQHandler
                0x00000000080036c8                OTG_HS_IRQHandler
                0x00000000080036c8                EXTI1_IRQHandler
                0x00000000080036c8                I2C2_ER_IRQHandler
                0x00000000080036c8                DMA2_Stream1_IRQHandler
                0x00000000080036c8                CAN1_SCE_IRQHandler
                0x00000000080036c8                FLASH_IRQHandler
                0x00000000080036c8                DMA2_Stream4_IRQHandler
                0x00000000080036c8                USART1_IRQHandler
                0x00000000080036c8                OTG_FS_IRQHandler
                0x00000000080036c8                SPI3_IRQHandler
                0x00000000080036c8                DMA1_Stream4_IRQHandler
                0x00000000080036c8                I2C1_ER_IRQHandler
                0x00000000080036c8                DMA2_Stream6_IRQHandler
                0x00000000080036c8                DMA1_Stream3_IRQHandler
 *fill*         0x00000000080036ca        0x2 
 .text.__libc_init_array
                0x00000000080036cc       0x48 /opt/gcc-arm-none-eabi-10.3-2021.10/bin/../lib/gcc/arm-none-eabi/10.3.1/../../../../arm-none-eabi/lib/thumb/v7e-m+fp/hard/libc_nano.a(lib_a-init.o)
                0x00000000080036cc                __libc_init_array
 .text.memset   0x0000000008003714       0x10 /opt/gcc-arm-none-eabi-10.3-2021.10/bin/../lib/gcc/arm-none-eabi/10.3.1/../../../../arm-none-eabi/lib/thumb/v7e-m+fp/hard/libc_nano.a(lib_a-memset.o)
                0x0000000008003714                memset
 .text.__cvt    0x0000000008003724       0xc4 /opt/gcc-arm-none-eabi-10.3-2021.10/bin/../lib/gcc/arm-none-eabi/10.3.1/../../../../arm-none-eabi/lib/thumb/v7e-m+fp/hard/libc_nano.a(lib_a-nano-vfprintf_float.o)
                0x0000000008003724                __cvt
 .text.__exponent
                0x00000000080037e8       0x7c /opt/gcc-arm-none-eabi-10.3-2021.10/bin/../lib/gcc/arm-none-eabi/10.3.1/../../../../arm-none-eabi/lib/thumb/v7e-m+fp/hard/libc_nano.a(lib_a-nano-vfprintf_float.o)
                0x00000000080037e8                __exponent
 .text._printf_float
                0x0000000008003864      0x46c /opt/gcc-arm-none-eabi-10.3-2021.10/bin/../lib/gcc/arm-none-eabi/10.3.1/../../../../arm-none-eabi/lib/thumb/v7e-m+fp/hard/libc_nano.a(lib_a-nano-vfprintf_float.o)
                0x0000000008003864                _printf_float
 .text._printf_common
                0x0000000008003cd0       0xda /opt/gcc-arm-none-eabi-10.3-2021.10/bin/../lib/gcc/arm-none-eabi/10.3.1/../../../../arm-none-eabi/lib/thumb/v7e-m+fp/hard/libc_nano.a(lib_a-nano-vfprintf_i.o)
                0x0000000008003cd0                _printf_common
 *fill*         0x0000000008003daa        0x2 
 .text._printf_i
                0x0000000008003dac      0x24c /opt/gcc-arm-none-eabi-10.3-2021.10/bin/../lib/gcc/arm-none-eabi/10.3.1/../../../../arm-none-eabi/lib/thumb/v7e-m+fp/hard/libc_nano.a(lib_a-nano-vfprintf_i.o)
                0x0000000008003dac                _printf_i
 .text.snprintf
                0x0000000008003ff8       0x68 /opt/gcc-arm-none-eabi-10.3-2021.10/bin/../lib/gcc/arm-none-eabi/10.3.1/../../../../arm-none-eabi/lib/thumb/v7e-m+fp/hard/libc_nano.a(lib_a-snprintf.o)
                0x0000000008003ff8                snprintf
                0x0000000008003ff8                sniprintf
 .text.quorem   0x0000000008004060      0x116 /opt/gcc-arm-none-eabi-10.3-2021.10/bin/../lib/gcc/arm-none-eabi/10.3.1/../../../../arm-none-eabi/lib/thumb/v7e-m+fp/hard/libc_nano.a(lib_a-dtoa.o)
 *fill*         0x0000000008004176        0x2 
 .text._dtoa_r  0x0000000008004178      0xbdc /opt/gcc-arm-none-eabi-10.3-2021.10/bin/../lib/gcc/arm-none-eabi/10.3.1/../../../../arm-none-eabi/lib/thumb/v7e-m+fp/hard/libc_nano.a(lib_a-dtoa.o)
                0x0000000008004178                _dtoa_r
 .text._localeconv_r
                0x0000000008004d54        0x8 /opt/gcc-arm-none-eabi-10.3-2021.10/bin/../lib/gcc/arm-none-eabi/10.3.1/../../../../arm-none-eabi/lib/thumb/v7e-m+fp/hard/libc_nano.a(lib_a-localeconv.o)
                0x0000000008004d54                _localeconv_r
 .text.malloc   0x0000000008004d5c       0x10 /opt/gcc-arm-none-eabi-10.3-2021.10/bin/../lib/gcc/arm-none-eabi/10.3.1/../../../../arm-none-eabi/lib/thumb/v7e-m+fp/hard/libc_nano.a(lib_a-malloc.o)
                0x0000000008004d5c                malloc
 .text.memcpy   0x0000000008004d6c       0x1c /opt/gcc-arm-none-eabi-10.3-2021.10/bin/../lib/gcc/arm-none-eabi/10.3.1/../../../../arm-none-eabi/lib/thumb/v7e-m+fp/hard/libc_nano.a(lib_a-memcpy-stub.o)
                0x0000000008004d6c                memcpy
 .text._Balloc  0x0000000008004d88       0x80 /opt/gcc-arm-none-eabi-10.3-2021.10/bin/../lib/gcc/arm-none-eabi/10.3.1/../../../../arm-none-eabi/lib/thumb/v7e-m+fp/hard/libc_nano.a(lib_a-mprec.o)
                0x0000000008004d88                _Balloc
 .text._Bfree   0x0000000008004e08       0x44 /opt/gcc-arm-none-eabi-10.3-2021.10/bin/../lib/gcc/arm-none-eabi/10.3.1/../../../../arm-none-eabi/lib/thumb/v7e-m+fp/hard/libc_nano.a(lib_a-mprec.o)
                0x0000000008004e08                _Bfree
 .text.__multadd
                0x0000000008004e4c       0x8c /opt/gcc-arm-none-eabi-10.3-2021.10/bin/../lib/gcc/arm-none-eabi/10.3.1/../../../../arm-none-eabi/lib/thumb/v7e-m+fp/hard/libc_nano.a(lib_a-mprec.o)
                0x0000000008004e4c                __multadd
 .text.__hi0bits
                0x0000000008004ed8       0x40 /opt/gcc-arm-none-eabi-10.3-2021.10/bin/../lib/gcc/arm-none-eabi/10.3.1/../../../../arm-none-eabi/lib/thumb/v7e-m+fp/hard/libc_nano.a(lib_a-mprec.o)
                0x0000000008004ed8                __hi0bits
 .text.__lo0bits
                0x0000000008004f18       0x5e /opt/gcc-arm-none-eabi-10.3-2021.10/bin/../lib/gcc/arm-none-eabi/10.3.1/../../../../arm-none-eabi/lib/thumb/v7e-m+fp/hard/libc_nano.a(lib_a-mprec.o)
                0x0000000008004f18                __lo0bits
 *fill*         0x0000000008004f76        0x2 
 .text.__i2b    0x0000000008004f78       0x2c /opt/gcc-arm-none-eabi-10.3-2021.10/bin/../lib/gcc/arm-none-eabi/10.3.1/../../../../arm-none-eabi/lib/thumb/v7e-m+fp/hard/libc_nano.a(lib_a-mprec.o)
                0x0000000008004f78                __i2b
 .text.__multiply
                0x0000000008004fa4      0x154 /opt/gcc-arm-none-eabi-10.3-2021.10/bin/../lib/gcc/arm-none-eabi/10.3.1/../../../../arm-none-eabi/lib/thumb/v7e-m+fp/hard/libc_nano.a(lib_a-mprec.o)
                0x0000000008004fa4                __multiply
 .text.__pow5mult
                0x00000000080050f8       0xb4 /opt/gcc-arm-none-eabi-10.3-2021.10/bin/../lib/gcc/arm-none-eabi/10.3.1/../../../../arm-none-eabi/lib/thumb/v7e-m+fp/hard/libc_nano.a(lib_a-mprec.o)
                0x00000000080050f8                __pow5mult
 .text.__lshift
                0x00000000080051ac       0xe0 /opt/gcc-arm-none-eabi-10.3-2021.10/bin/../lib/gcc/arm-none-eabi/10.3.1/../../../../arm-none-eabi/lib/thumb/v7e-m+fp/hard/libc_nano.a(lib_a-mprec.o)
                0x00000000080051ac                __lshift
 .text.__mcmp   0x000000000800528c       0x38 /opt/gcc-arm-none-eabi-10.3-2021.10/bin/../lib/gcc/arm-none-eabi/10.3.1/../../../../arm-none-eabi/lib/thumb/v7e-m+fp/hard/libc_nano.a(lib_a-mprec.o)
                0x000000000800528c                __mcmp
 .text.__mdiff  0x00000000080052c4      0x114 /opt/gcc-arm-none-eabi-10.3-2021.10/bin/../lib/gcc/arm-none-eabi/10.3.1/../../../../arm-none-eabi/lib/thumb/v7e-m+fp/hard/libc_nano.a(lib_a-mprec.o)
                0x00000000080052c4                __mdiff
 .text.__d2b    0x00000000080053d8       0xb8 /opt/gcc-arm-none-eabi-10.3-2021.10/bin/../lib/gcc/arm-none-eabi/10.3.1/../../../../arm-none-eabi/lib/thumb/v7e-m+fp/hard/libc_nano.a(lib_a-mprec.o)
                0x00000000080053d8                __d2b
 .text._calloc_r
                0x0000000008005490       0x2c /opt/gcc-arm-none-eabi-10.3-2021.10/bin/../lib/gcc/arm-none-eabi/10.3.1/../../../../arm-none-eabi/lib/thumb/v7e-m+fp/hard/libc_nano.a(lib_a-nano-callocr.o)
                0x0000000008005490                _calloc_r
 .text._free_r  0x00000000080054bc       0x98 /opt/gcc-arm-none-eabi-10.3-2021.10/bin/../lib/gcc/arm-none-eabi/10.3.1/../../../../arm-none-eabi/lib/thumb/v7e-m+fp/hard/libc_nano.a(lib_a-nano-freer.o)
                0x00000000080054bc                _free_r
 .text.sbrk_aligned
                0x0000000008005554       0x40 /opt/gcc-arm-none-eabi-10.3-2021.10/bin/../lib/gcc/arm-none-eabi/10.3.1/../../../../arm-none-eabi/lib/thumb/v7e-m+fp/hard/libc_nano.a(lib_a-nano-mallocr.o)
 .text._malloc_r
                0x0000000008005594       0xe8 /opt/gcc-arm-none-eabi-10.3-2021.10/bin/../lib/gcc/arm-none-eabi/10.3.1/../../../../arm-none-eabi/lib/thumb/v7e-m+fp/hard/libc_nano.a(lib_a-nano-mallocr.o)
                0x0000000008005594                _malloc_r
 .text.__ssputs_r
                0x000000000800567c       0xb6 /opt/gcc-arm-none-eabi-10.3-2021.10/bin/../lib/gcc/arm-none-eabi/10.3.1/../../../../arm-none-eabi/lib/thumb/v7e-m+fp/hard/libc_nano.a(lib_a-nano-svfprintf.o)
                0x000000000800567c                __ssputs_r
 *fill*         0x0000000008005732        0x2 
 .text._svfprintf_r
                0x0000000008005734      0x200 /opt/gcc-arm-none-eabi-10.3-2021.10/bin/../lib/gcc/arm-none-eabi/10.3.1/../../../../arm-none-eabi/lib/thumb/v7e-m+fp/hard/libc_nano.a(lib_a-nano-svfprintf.o)
                0x0000000008005734                _svfprintf_r
                0x0000000008005734                _svfiprintf_r
 .text._sbrk_r  0x0000000008005934       0x20 /opt/gcc-arm-none-eabi-10.3-2021.10/bin/../lib/gcc/arm-none-eabi/10.3.1/../../../../arm-none-eabi/lib/thumb/v7e-m+fp/hard/libc_nano.a(lib_a-sbrkr.o)
                0x0000000008005934                _sbrk_r
 .text.__assert_func
                0x0000000008005954       0x3c /opt/gcc-arm-none-eabi-10.3-2021.10/bin/../lib/gcc/arm-none-eabi/10.3.1/../../../../arm-none-eabi/lib/thumb/v7e-m+fp/hard/libc_nano.a(lib_a-assert.o)
                0x0000000008005954                __assert_func
 .text.fprintf  0x0000000008005990       0x24 /opt/gcc-arm-none-eabi-10.3-2021.10/bin/../lib/gcc/arm-none-eabi/10.3.1/../../../../arm-none-eabi/lib/thumb/v7e-m+fp/hard/libc_nano.a(lib_a-fprintf.o)
                0x0000000008005990                fprintf
                0x0000000008005990                fiprintf
 .text.__ascii_mbtowc
                0x00000000080059b4       0x24 /opt/gcc-arm-none-eabi-10.3-2021.10/bin/../lib/gcc/arm-none-eabi/10.3.1/../../../../arm-none-eabi/lib/thumb/v7e-m+fp/hard/libc_nano.a(lib_a-mbtowc_r.o)
                0x00000000080059b4                __ascii_mbtowc
 .text.memmove  0x00000000080059d8       0x34 /opt/gcc-arm-none-eabi-10.3-2021.10/bin/../lib/gcc/arm-none-eabi/10.3.1/../../../../arm-none-eabi/lib/thumb/v7e-m+fp/hard/libc_nano.a(lib_a-memmove.o)
                0x00000000080059d8                memmove
 .text.__malloc_lock
                0x0000000008005a0c        0xc /opt/gcc-arm-none-eabi-10.3-2021.10/bin/../lib/gcc/arm-none-eabi/10.3.1/../../../../arm-none-eabi/lib/thumb/v7e-m+fp/hard/libc_nano.a(lib_a-mlock.o)
                0x0000000008005a0c                __malloc_lock
 .text.__malloc_unlock
                0x0000000008005a18        0xc /opt/gcc-arm-none-eabi-10.3-2021.10/bin/../lib/gcc/arm-none-eabi/10.3.1/../../../../arm-none-eabi/lib/thumb/v7e-m+fp/hard/libc_nano.a(lib_a-mlock.o)
                0x0000000008005a18                __malloc_unlock
 .text._realloc_r
                0x0000000008005a24       0x5e /opt/gcc-arm-none-eabi-10.3-2021.10/bin/../lib/gcc/arm-none-eabi/10.3.1/../../../../arm-none-eabi/lib/thumb/v7e-m+fp/hard/libc_nano.a(lib_a-nano-reallocr.o)
                0x0000000008005a24                _realloc_r
 .text.__sfputc_r
                0x0000000008005a82       0x2e /opt/gcc-arm-none-eabi-10.3-2021.10/bin/../lib/gcc/arm-none-eabi/10.3.1/../../../../arm-none-eabi/lib/thumb/v7e-m+fp/hard/libc_nano.a(lib_a-nano-vfprintf.o)
 .text.__sfputs_r
                0x0000000008005ab0       0x24 /opt/gcc-arm-none-eabi-10.3-2021.10/bin/../lib/gcc/arm-none-eabi/10.3.1/../../../../arm-none-eabi/lib/thumb/v7e-m+fp/hard/libc_nano.a(lib_a-nano-vfprintf.o)
                0x0000000008005ab0                __sfputs_r
 .text._vfprintf_r
                0x0000000008005ad4      0x260 /opt/gcc-arm-none-eabi-10.3-2021.10/bin/../lib/gcc/arm-none-eabi/10.3.1/../../../../arm-none-eabi/lib/thumb/v7e-m+fp/hard/libc_nano.a(lib_a-nano-vfprintf.o)
                0x0000000008005ad4                _vfiprintf_r
                0x0000000008005ad4                _vfprintf_r
 .text.__swbuf_r
                0x0000000008005d34       0xa4 /opt/gcc-arm-none-eabi-10.3-2021.10/bin/../lib/gcc/arm-none-eabi/10.3.1/../../../../arm-none-eabi/lib/thumb/v7e-m+fp/hard/libc_nano.a(lib_a-wbuf.o)
                0x0000000008005d34                __swbuf_r
 .text.__ascii_wctomb
                0x0000000008005dd8       0x1a /opt/gcc-arm-none-eabi-10.3-2021.10/bin/../lib/gcc/arm-none-eabi/10.3.1/../../../../arm-none-eabi/lib/thumb/v7e-m+fp/hard/libc_nano.a(lib_a-wctomb_r.o)
                0x0000000008005dd8                __ascii_wctomb
 *fill*         0x0000000008005df2        0x2 
 .text.__swsetup_r
                0x0000000008005df4       0xdc /opt/gcc-arm-none-eabi-10.3-2021.10/bin/../lib/gcc/arm-none-eabi/10.3.1/../../../../arm-none-eabi/lib/thumb/v7e-m+fp/hard/libc_nano.a(lib_a-wsetup.o)
                0x0000000008005df4                __swsetup_r
 .text.abort    0x0000000008005ed0        0xe /opt/gcc-arm-none-eabi-10.3-2021.10/bin/../lib/gcc/arm-none-eabi/10.3.1/../../../../arm-none-eabi/lib/thumb/v7e-m+fp/hard/libc_nano.a(lib_a-abort.o)
                0x0000000008005ed0                abort
 *fill*         0x0000000008005ede        0x2 
 .text.__sflush_r
                0x0000000008005ee0      0x10c /opt/gcc-arm-none-eabi-10.3-2021.10/bin/../lib/gcc/arm-none-eabi/10.3.1/../../../../arm-none-eabi/lib/thumb/v7e-m+fp/hard/libc_nano.a(lib_a-fflush.o)
                0x0000000008005ee0                __sflush_r
 .text._fflush_r
                0x0000000008005fec       0x78 /opt/gcc-arm-none-eabi-10.3-2021.10/bin/../lib/gcc/arm-none-eabi/10.3.1/../../../../arm-none-eabi/lib/thumb/v7e-m+fp/hard/libc_nano.a(lib_a-fflush.o)
                0x0000000008005fec                _fflush_r
 .text.std      0x0000000008006064       0x48 /opt/gcc-arm-none-eabi-10.3-2021.10/bin/../lib/gcc/arm-none-eabi/10.3.1/../../../../arm-none-eabi/lib/thumb/v7e-m+fp/hard/libc_nano.a(lib_a-findfp.o)
 .text._cleanup_r
                0x00000000080060ac        0xc /opt/gcc-arm-none-eabi-10.3-2021.10/bin/../lib/gcc/arm-none-eabi/10.3.1/../../../../arm-none-eabi/lib/thumb/v7e-m+fp/hard/libc_nano.a(lib_a-findfp.o)
                0x00000000080060ac                _cleanup_r
 .text.__sfmoreglue
                0x00000000080060b8       0x2c /opt/gcc-arm-none-eabi-10.3-2021.10/bin/../lib/gcc/arm-none-eabi/10.3.1/../../../../arm-none-eabi/lib/thumb/v7e-m+fp/hard/libc_nano.a(lib_a-findfp.o)
                0x00000000080060b8                __sfmoreglue
 .text.__sfp_lock_acquire
                0x00000000080060e4        0xc /opt/gcc-arm-none-eabi-10.3-2021.10/bin/../lib/gcc/arm-none-eabi/10.3.1/../../../../arm-none-eabi/lib/thumb/v7e-m+fp/hard/libc_nano.a(lib_a-findfp.o)
                0x00000000080060e4                __sfp_lock_acquire
 .text.__sfp_lock_release
                0x00000000080060f0        0xc /opt/gcc-arm-none-eabi-10.3-2021.10/bin/../lib/gcc/arm-none-eabi/10.3.1/../../../../arm-none-eabi/lib/thumb/v7e-m+fp/hard/libc_nano.a(lib_a-findfp.o)
                0x00000000080060f0                __sfp_lock_release
 .text.__sinit_lock_acquire
                0x00000000080060fc        0xc /opt/gcc-arm-none-eabi-10.3-2021.10/bin/../lib/gcc/arm-none-eabi/10.3.1/../../../../arm-none-eabi/lib/thumb/v7e-m+fp/hard/libc_nano.a(lib_a-findfp.o)
                0x00000000080060fc                __sinit_lock_acquire
 .text.__sinit_lock_release
                0x0000000008006108        0xc /opt/gcc-arm-none-eabi-10.3-2021.10/bin/../lib/gcc/arm-none-eabi/10.3.1/../../../../arm-none-eabi/lib/thumb/v7e-m+fp/hard/libc_nano.a(lib_a-findfp.o)
                0x0000000008006108                __sinit_lock_release
 .text.__sinit  0x0000000008006114       0x70 /opt/gcc-arm-none-eabi-10.3-2021.10/bin/../lib/gcc/arm-none-eabi/10.3.1/../../../../arm-none-eabi/lib/thumb/v7e-m+fp/hard/libc_nano.a(lib_a-findfp.o)
                0x0000000008006114                __sinit
 .text.__sfp    0x0000000008006184       0x8c /opt/gcc-arm-none-eabi-10.3-2021.10/bin/../lib/gcc/arm-none-eabi/10.3.1/../../../../arm-none-eabi/lib/thumb/v7e-m+fp/hard/libc_nano.a(lib_a-findfp.o)
                0x0000000008006184                __sfp
 .text._fwalk_reent
                0x0000000008006210       0x3e /opt/gcc-arm-none-eabi-10.3-2021.10/bin/../lib/gcc/arm-none-eabi/10.3.1/../../../../arm-none-eabi/lib/thumb/v7e-m+fp/hard/libc_nano.a(lib_a-fwalk.o)
                0x0000000008006210                _fwalk_reent
 .text.__retarget_lock_init_recursive
                0x000000000800624e        0x2 /opt/gcc-arm-none-eabi-10.3-2021.10/bin/../lib/gcc/arm-none-eabi/10.3.1/../../../../arm-none-eabi/lib/thumb/v7e-m+fp/hard/libc_nano.a(lib_a-lock.o)
                0x000000000800624e                __retarget_lock_init_recursive
 .text.__retarget_lock_acquire_recursive
                0x0000000008006250        0x2 /opt/gcc-arm-none-eabi-10.3-2021.10/bin/../lib/gcc/arm-none-eabi/10.3.1/../../../../arm-none-eabi/lib/thumb/v7e-m+fp/hard/libc_nano.a(lib_a-lock.o)
                0x0000000008006250                __retarget_lock_acquire_recursive
 .text.__retarget_lock_release_recursive
                0x0000000008006252        0x2 /opt/gcc-arm-none-eabi-10.3-2021.10/bin/../lib/gcc/arm-none-eabi/10.3.1/../../../../arm-none-eabi/lib/thumb/v7e-m+fp/hard/libc_nano.a(lib_a-lock.o)
                0x0000000008006252                __retarget_lock_release_recursive
 .text.__swhatbuf_r
                0x0000000008006254       0x4a /opt/gcc-arm-none-eabi-10.3-2021.10/bin/../lib/gcc/arm-none-eabi/10.3.1/../../../../arm-none-eabi/lib/thumb/v7e-m+fp/hard/libc_nano.a(lib_a-makebuf.o)
                0x0000000008006254                __swhatbuf_r
 *fill*         0x000000000800629e        0x2 
 .text.__smakebuf_r
                0x00000000080062a0       0x80 /opt/gcc-arm-none-eabi-10.3-2021.10/bin/../lib/gcc/arm-none-eabi/10.3.1/../../../../arm-none-eabi/lib/thumb/v7e-m+fp/hard/libc_nano.a(lib_a-makebuf.o)
                0x00000000080062a0                __smakebuf_r
 .text._malloc_usable_size_r
                0x0000000008006320       0x10 /opt/gcc-arm-none-eabi-10.3-2021.10/bin/../lib/gcc/arm-none-eabi/10.3.1/../../../../arm-none-eabi/lib/thumb/v7e-m+fp/hard/libc_nano.a(lib_a-nano-msizer.o)
                0x0000000008006320                _malloc_usable_size_r
 .text._raise_r
                0x0000000008006330       0x50 /opt/gcc-arm-none-eabi-10.3-2021.10/bin/../lib/gcc/arm-none-eabi/10.3.1/../../../../arm-none-eabi/lib/thumb/v7e-m+fp/hard/libc_nano.a(lib_a-signal.o)
                0x0000000008006330                _raise_r
 .text.raise    0x0000000008006380       0x10 /opt/gcc-arm-none-eabi-10.3-2021.10/bin/../lib/gcc/arm-none-eabi/10.3.1/../../../../arm-none-eabi/lib/thumb/v7e-m+fp/hard/libc_nano.a(lib_a-signal.o)
                0x0000000008006380                raise
 .text._kill_r  0x0000000008006390       0x24 /opt/gcc-arm-none-eabi-10.3-2021.10/bin/../lib/gcc/arm-none-eabi/10.3.1/../../../../arm-none-eabi/lib/thumb/v7e-m+fp/hard/libc_nano.a(lib_a-signalr.o)
                0x0000000008006390                _kill_r
 .text._getpid_r
                0x00000000080063b4        0x4 /opt/gcc-arm-none-eabi-10.3-2021.10/bin/../lib/gcc/arm-none-eabi/10.3.1/../../../../arm-none-eabi/lib/thumb/v7e-m+fp/hard/libc_nano.a(lib_a-signalr.o)
                0x00000000080063b4                _getpid_r
 .text.__sread  0x00000000080063b8       0x22 /opt/gcc-arm-none-eabi-10.3-2021.10/bin/../lib/gcc/arm-none-eabi/10.3.1/../../../../arm-none-eabi/lib/thumb/v7e-m+fp/hard/libc_nano.a(lib_a-stdio.o)
                0x00000000080063b8                __sread
 .text.__swrite
                0x00000000080063da       0x38 /opt/gcc-arm-none-eabi-10.3-2021.10/bin/../lib/gcc/arm-none-eabi/10.3.1/../../../../arm-none-eabi/lib/thumb/v7e-m+fp/hard/libc_nano.a(lib_a-stdio.o)
                0x00000000080063da                __swrite
 .text.__sseek  0x0000000008006412       0x24 /opt/gcc-arm-none-eabi-10.3-2021.10/bin/../lib/gcc/arm-none-eabi/10.3.1/../../../../arm-none-eabi/lib/thumb/v7e-m+fp/hard/libc_nano.a(lib_a-stdio.o)
                0x0000000008006412                __sseek
 .text.__sclose
                0x0000000008006436        0x8 /opt/gcc-arm-none-eabi-10.3-2021.10/bin/../lib/gcc/arm-none-eabi/10.3.1/../../../../arm-none-eabi/lib/thumb/v7e-m+fp/hard/libc_nano.a(lib_a-stdio.o)
                0x0000000008006436                __sclose
 *fill*         0x000000000800643e        0x2 
 .text._write_r
                0x0000000008006440       0x24 /opt/gcc-arm-none-eabi-10.3-2021.10/bin/../lib/gcc/arm-none-eabi/10.3.1/../../../../arm-none-eabi/lib/thumb/v7e-m+fp/hard/libc_nano.a(lib_a-writer.o)
                0x0000000008006440                _write_r
 .text._close_r
                0x0000000008006464       0x20 /opt/gcc-arm-none-eabi-10.3-2021.10/bin/../lib/gcc/arm-none-eabi/10.3.1/../../../../arm-none-eabi/lib/thumb/v7e-m+fp/hard/libc_nano.a(lib_a-closer.o)
                0x0000000008006464                _close_r
 .text._fstat_r
                0x0000000008006484       0x24 /opt/gcc-arm-none-eabi-10.3-2021.10/bin/../lib/gcc/arm-none-eabi/10.3.1/../../../../arm-none-eabi/lib/thumb/v7e-m+fp/hard/libc_nano.a(lib_a-fstatr.o)
                0x0000000008006484                _fstat_r
 .text._isatty_r
                0x00000000080064a8       0x20 /opt/gcc-arm-none-eabi-10.3-2021.10/bin/../lib/gcc/arm-none-eabi/10.3.1/../../../../arm-none-eabi/lib/thumb/v7e-m+fp/hard/libc_nano.a(lib_a-isattyr.o)
                0x00000000080064a8                _isatty_r
 .text._lseek_r
                0x00000000080064c8       0x24 /opt/gcc-arm-none-eabi-10.3-2021.10/bin/../lib/gcc/arm-none-eabi/10.3.1/../../../../arm-none-eabi/lib/thumb/v7e-m+fp/hard/libc_nano.a(lib_a-lseekr.o)
                0x00000000080064c8                _lseek_r
 .text._read_r  0x00000000080064ec       0x24 /opt/gcc-arm-none-eabi-10.3-2021.10/bin/../lib/gcc/arm-none-eabi/10.3.1/../../../../arm-none-eabi/lib/thumb/v7e-m+fp/hard/libc_nano.a(lib_a-readr.o)
                0x00000000080064ec                _read_r
 .text._close   0x0000000008006510       0x10 /opt/gcc-arm-none-eabi-10.3-2021.10/bin/../lib/gcc/arm-none-eabi/10.3.1/../../../../arm-none-eabi/lib/thumb/v7e-m+fp/hard/libnosys.a(close.o)
                0x0000000008006510                _close
 .text._fstat   0x0000000008006520       0x10 /opt/gcc-arm-none-eabi-10.3-2021.10/bin/../lib/gcc/arm-none-eabi/10.3.1/../../../../arm-none-eabi/lib/thumb/v7e-m+fp/hard/libnosys.a(fstat.o)
                0x0000000008006520                _fstat
 .text._getpid  0x0000000008006530       0x10 /opt/gcc-arm-none-eabi-10.3-2021.10/bin/../lib/gcc/arm-none-eabi/10.3.1/../../../../arm-none-eabi/lib/thumb/v7e-m+fp/hard/libnosys.a(getpid.o)
                0x0000000008006530                _getpid
 .text._isatty  0x0000000008006540       0x10 /opt/gcc-arm-none-eabi-10.3-2021.10/bin/../lib/gcc/arm-none-eabi/10.3.1/../../../../arm-none-eabi/lib/thumb/v7e-m+fp/hard/libnosys.a(isatty.o)
                0x0000000008006540                _isatty
 .text._kill    0x0000000008006550       0x10 /opt/gcc-arm-none-eabi-10.3-2021.10/bin/../lib/gcc/arm-none-eabi/10.3.1/../../../../arm-none-eabi/lib/thumb/v7e-m+fp/hard/libnosys.a(kill.o)
                0x0000000008006550                _kill
 .text._lseek   0x0000000008006560       0x10 /opt/gcc-arm-none-eabi-10.3-2021.10/bin/../lib/gcc/arm-none-eabi/10.3.1/../../../../arm-none-eabi/lib/thumb/v7e-m+fp/hard/libnosys.a(lseek.o)
                0x0000000008006560                _lseek
 .text._read    0x0000000008006570       0x10 /opt/gcc-arm-none-eabi-10.3-2021.10/bin/../lib/gcc/arm-none-eabi/10.3.1/../../../../arm-none-eabi/lib/thumb/v7e-m+fp/hard/libnosys.a(read.o)
                0x0000000008006570                _read
 .text._sbrk    0x0000000008006580       0x1c /opt/gcc-arm-none-eabi-10.3-2021.10/bin/../lib/gcc/arm-none-eabi/10.3.1/../../../../arm-none-eabi/lib/thumb/v7e-m+fp/hard/libnosys.a(sbrk.o)
                0x0000000008006580                _sbrk
 .text._write   0x000000000800659c       0x10 /opt/gcc-arm-none-eabi-10.3-2021.10/bin/../lib/gcc/arm-none-eabi/10.3.1/../../../../arm-none-eabi/lib/thumb/v7e-m+fp/hard/libnosys.a(write.o)
                0x000000000800659c                _write
 .text._exit    0x00000000080065ac        0x4 /opt/gcc-arm-none-eabi-10.3-2021.10/bin/../lib/gcc/arm-none-eabi/10.3.1/../../../../arm-none-eabi/lib/thumb/v7e-m+fp/hard/libnosys.a(_exit.o)
                0x00000000080065ac                _exit
 *(.glue_7)
 .glue_7        0x00000000080065b0        0x0 linker stubs
 *(.glue_7t)
 .glue_7t       0x00000000080065b0        0x0 linker stubs
 *(.eh_frame)
 *(.init)
 .init          0x00000000080065b0        0x4 /opt/gcc-arm-none-eabi-10.3-2021.10/bin/../lib/gcc/arm-none-eabi/10.3.1/thumb/v7e-m+fp/hard/crti.o
                0x00000000080065b0                _init
 .init          0x00000000080065b4        0x8 /opt/gcc-arm-none-eabi-10.3-2021.10/bin/../lib/gcc/arm-none-eabi/10.3.1/thumb/v7e-m+fp/hard/crtn.o
 *(.fini)
 .fini          0x00000000080065bc        0x4 /opt/gcc-arm-none-eabi-10.3-2021.10/bin/../lib/gcc/arm-none-eabi/10.3.1/thumb/v7e-m+fp/hard/crti.o
                0x00000000080065bc                _fini
 .fini          0x00000000080065c0        0x8 /opt/gcc-arm-none-eabi-10.3-2021.10/bin/../lib/gcc/arm-none-eabi/10.3.1/thumb/v7e-m+fp/hard/crtn.o
                0x00000000080065c8                . = ALIGN (0x4)
                0x00000000080065c8                _etext = .

.vfp11_veneer   0x00000000080065c8        0x0
 .vfp11_veneer  0x00000000080065c8        0x0 linker stubs

.v4_bx          0x00000000080065c8        0x0
 .v4_bx         0x00000000080065c8        0x0 linker stubs

.iplt           0x00000000080065c8        0x0
 .iplt          0x00000000080065c8        0x0 build/main.o

.rodata         0x00000000080065c8      0x45c
                0x00000000080065c8                . = ALIGN (0x4)
 *(.rodata)
 *(.rodata*)
 .rodata.main.str1.4
                0x00000000080065c8       0x17 build/main.o
 *fill*         0x00000000080065df        0x1 
 .rodata.flagBitshiftOffset.0
                0x00000000080065e0        0x8 build/stm32f4xx_hal_dma.o
 .rodata.AHBPrescTable
                0x00000000080065e8       0x10 build/system_stm32f4xx.o
                0x00000000080065e8                AHBPrescTable
 .rodata.APBPrescTable
                0x00000000080065f8        0x8 build/system_stm32f4xx.o
                0x00000000080065f8                APBPrescTable
 .rodata._global_impure_ptr
                0x0000000008006600        0x4 /opt/gcc-arm-none-eabi-10.3-2021.10/bin/../lib/gcc/arm-none-eabi/10.3.1/../../../../arm-none-eabi/lib/thumb/v7e-m+fp/hard/libc_nano.a(lib_a-impure.o)
                0x0000000008006600                _global_impure_ptr
 .rodata._printf_float.str1.1
                0x0000000008006604       0x12 /opt/gcc-arm-none-eabi-10.3-2021.10/bin/../lib/gcc/arm-none-eabi/10.3.1/../../../../arm-none-eabi/lib/thumb/v7e-m+fp/hard/libc_nano.a(lib_a-nano-vfprintf_float.o)
 .rodata._printf_i.str1.1
                0x0000000008006616       0x22 /opt/gcc-arm-none-eabi-10.3-2021.10/bin/../lib/gcc/arm-none-eabi/10.3.1/../../../../arm-none-eabi/lib/thumb/v7e-m+fp/hard/libc_nano.a(lib_a-nano-vfprintf_i.o)
 .rodata._dtoa_r.str1.1
                0x0000000008006638       0xb3 /opt/gcc-arm-none-eabi-10.3-2021.10/bin/../lib/gcc/arm-none-eabi/10.3.1/../../../../arm-none-eabi/lib/thumb/v7e-m+fp/hard/libc_nano.a(lib_a-dtoa.o)
                                         0xb5 (size before relaxing)
 .rodata._Balloc.str1.1
                0x00000000080066eb       0x7f /opt/gcc-arm-none-eabi-10.3-2021.10/bin/../lib/gcc/arm-none-eabi/10.3.1/../../../../arm-none-eabi/lib/thumb/v7e-m+fp/hard/libc_nano.a(lib_a-mprec.o)
                                         0x96 (size before relaxing)
 .rodata.__multadd.str1.1
                0x000000000800676a       0x11 /opt/gcc-arm-none-eabi-10.3-2021.10/bin/../lib/gcc/arm-none-eabi/10.3.1/../../../../arm-none-eabi/lib/thumb/v7e-m+fp/hard/libc_nano.a(lib_a-mprec.o)
 *fill*         0x000000000800676a        0x6 
 .rodata.__mprec_bigtens
                0x0000000008006770       0x28 /opt/gcc-arm-none-eabi-10.3-2021.10/bin/../lib/gcc/arm-none-eabi/10.3.1/../../../../arm-none-eabi/lib/thumb/v7e-m+fp/hard/libc_nano.a(lib_a-mprec.o)
                0x0000000008006770                __mprec_bigtens
 .rodata.__mprec_tens
                0x0000000008006798       0xc8 /opt/gcc-arm-none-eabi-10.3-2021.10/bin/../lib/gcc/arm-none-eabi/10.3.1/../../../../arm-none-eabi/lib/thumb/v7e-m+fp/hard/libc_nano.a(lib_a-mprec.o)
                0x0000000008006798                __mprec_tens
 .rodata.p05.0  0x0000000008006860        0xc /opt/gcc-arm-none-eabi-10.3-2021.10/bin/../lib/gcc/arm-none-eabi/10.3.1/../../../../arm-none-eabi/lib/thumb/v7e-m+fp/hard/libc_nano.a(lib_a-mprec.o)
 .rodata._svfprintf_r.str1.1
                0x000000000800686c       0x11 /opt/gcc-arm-none-eabi-10.3-2021.10/bin/../lib/gcc/arm-none-eabi/10.3.1/../../../../arm-none-eabi/lib/thumb/v7e-m+fp/hard/libc_nano.a(lib_a-nano-svfprintf.o)
 .rodata.__assert_func.str1.1
                0x000000000800687d       0x3c /opt/gcc-arm-none-eabi-10.3-2021.10/bin/../lib/gcc/arm-none-eabi/10.3.1/../../../../arm-none-eabi/lib/thumb/v7e-m+fp/hard/libc_nano.a(lib_a-assert.o)
                                         0x3d (size before relaxing)
 .rodata._setlocale_r.str1.1
                0x00000000080068b9        0x8 /opt/gcc-arm-none-eabi-10.3-2021.10/bin/../lib/gcc/arm-none-eabi/10.3.1/../../../../arm-none-eabi/lib/thumb/v7e-m+fp/hard/libc_nano.a(lib_a-locale.o)
                                          0x9 (size before relaxing)
 .rodata.str1.1
                0x00000000080068c1        0x2 /opt/gcc-arm-none-eabi-10.3-2021.10/bin/../lib/gcc/arm-none-eabi/10.3.1/../../../../arm-none-eabi/lib/thumb/v7e-m+fp/hard/libc_nano.a(lib_a-locale.o)
 .rodata._vfprintf_r.str1.1
                0x00000000080068c3       0x11 /opt/gcc-arm-none-eabi-10.3-2021.10/bin/../lib/gcc/arm-none-eabi/10.3.1/../../../../arm-none-eabi/lib/thumb/v7e-m+fp/hard/libc_nano.a(lib_a-nano-vfprintf.o)
 .rodata._ctype_
                0x00000000080068c3      0x101 /opt/gcc-arm-none-eabi-10.3-2021.10/bin/../lib/gcc/arm-none-eabi/10.3.1/../../../../arm-none-eabi/lib/thumb/v7e-m+fp/hard/libc_nano.a(lib_a-ctype_.o)
                0x00000000080068c3                _ctype_
 .rodata.__sf_fake_stderr
                0x00000000080069c4       0x20 /opt/gcc-arm-none-eabi-10.3-2021.10/bin/../lib/gcc/arm-none-eabi/10.3.1/../../../../arm-none-eabi/lib/thumb/v7e-m+fp/hard/libc_nano.a(lib_a-findfp.o)
                0x00000000080069c4                __sf_fake_stderr
 .rodata.__sf_fake_stdin
                0x00000000080069e4       0x20 /opt/gcc-arm-none-eabi-10.3-2021.10/bin/../lib/gcc/arm-none-eabi/10.3.1/../../../../arm-none-eabi/lib/thumb/v7e-m+fp/hard/libc_nano.a(lib_a-findfp.o)
                0x00000000080069e4                __sf_fake_stdin
 .rodata.__sf_fake_stdout
                0x0000000008006a04       0x20 /opt/gcc-arm-none-eabi-10.3-2021.10/bin/../lib/gcc/arm-none-eabi/10.3.1/../../../../arm-none-eabi/lib/thumb/v7e-m+fp/hard/libc_nano.a(lib_a-findfp.o)
                0x0000000008006a04                __sf_fake_stdout
                0x0000000008006a24                . = ALIGN (0x4)
                0x0000000008006a2c                _sidata = LOADADDR (.data)

.ARM.exidx      0x0000000008006a24        0x8
 .ARM.exidx     0x0000000008006a24        0x8 /opt/gcc-arm-none-eabi-10.3-2021.10/bin/../lib/gcc/arm-none-eabi/10.3.1/thumb/v7e-m+fp/hard/libgcc.a(_udivmoddi4.o)

.rel.dyn        0x0000000008006a2c        0x0
 .rel.iplt      0x0000000008006a2c        0x0 build/main.o

.data           0x0000000020000000      0x1dc load address 0x0000000008006a2c
                0x0000000020000000                . = ALIGN (0x4)
                0x0000000020000000                _sdata = .
 *(.data)
 *(.data*)
 .data.uwTickFreq
                0x0000000020000000        0x1 build/stm32f4xx_hal.o
                0x0000000020000000                uwTickFreq
 *fill*         0x0000000020000001        0x3 
 .data.uwTickPrio
                0x0000000020000004        0x4 build/stm32f4xx_hal.o
                0x0000000020000004                uwTickPrio
 .data.SystemCoreClock
                0x0000000020000008        0x4 build/system_stm32f4xx.o
                0x0000000020000008                SystemCoreClock
 .data._impure_ptr
                0x000000002000000c        0x4 /opt/gcc-arm-none-eabi-10.3-2021.10/bin/../lib/gcc/arm-none-eabi/10.3.1/../../../../arm-none-eabi/lib/thumb/v7e-m+fp/hard/libc_nano.a(lib_a-impure.o)
                0x000000002000000c                _impure_ptr
 .data.impure_data
                0x0000000020000010       0x60 /opt/gcc-arm-none-eabi-10.3-2021.10/bin/../lib/gcc/arm-none-eabi/10.3.1/../../../../arm-none-eabi/lib/thumb/v7e-m+fp/hard/libc_nano.a(lib_a-impure.o)
 .data.__global_locale
                0x0000000020000070      0x16c /opt/gcc-arm-none-eabi-10.3-2021.10/bin/../lib/gcc/arm-none-eabi/10.3.1/../../../../arm-none-eabi/lib/thumb/v7e-m+fp/hard/libc_nano.a(lib_a-locale.o)
                0x0000000020000070                __global_locale
 *(.RamFunc)
 *(.RamFunc*)
                0x00000000200001dc                . = ALIGN (0x4)
                0x00000000200001dc                _edata = .
                0x0000000008006c08                _siccmram = LOADADDR (.ccmram)

.igot.plt       0x00000000200001dc        0x0 load address 0x0000000008006c08
 .igot.plt      0x00000000200001dc        0x0 build/main.o

.ccmram         0x0000000010000000        0x0 load address 0x0000000008006c08
                0x0000000010000000                . = ALIGN (0x4)
                0x0000000010000000                _sccmram = .
 *(.ccmram)
 *(.ccmram*)
                0x0000000010000000                . = ALIGN (0x4)
                0x0000000010000000                _eccmram = .
                0x0000000010000000                . = ALIGN (0x4)

.bss            0x00000000200001e0      0x2d0
                0x00000000200001e0                _sbss = .
                0x00000000200001e0                __bss_start__ = _sbss
 *(.bss)
 *(.bss*)
 .bss.adc_val   0x00000000200001e0        0x2 build/main.o
                0x00000000200001e0                adc_val
 .bss.cnv_cplt  0x00000000200001e2        0x1 build/main.o
                0x00000000200001e2                cnv_cplt
 *fill*         0x00000000200001e3        0x5 
 .bss.myTemp    0x00000000200001e8        0x8 build/main.o
                0x00000000200001e8                myTemp
 .bss.tx_buff   0x00000000200001f0       0x1e build/main.o
                0x00000000200001f0                tx_buff
 *fill*         0x000000002000020e        0x2 
 .bss.hadc1     0x0000000020000210       0x48 build/adc.o
                0x0000000020000210                hadc1
 .bss.hdma_adc1
                0x0000000020000258       0x60 build/adc.o
                0x0000000020000258                hdma_adc1
 .bss.hdma_usart1_rx
                0x00000000200002b8       0x60 build/usart.o
                0x00000000200002b8                hdma_usart1_rx
 .bss.hdma_usart2_tx
                0x0000000020000318       0x60 build/usart.o
                0x0000000020000318                hdma_usart2_tx
 .bss.huart1    0x0000000020000378       0x48 build/usart.o
                0x0000000020000378                huart1
 .bss.huart2    0x00000000200003c0       0x48 build/usart.o
                0x00000000200003c0                huart2
 .bss.uwTick    0x0000000020000408        0x4 build/stm32f4xx_hal.o
                0x0000000020000408                uwTick
 .bss.htim2     0x000000002000040c       0x48 build/tim.o
                0x000000002000040c                htim2
 .bss.htim5     0x0000000020000454       0x48 build/tim.o
                0x0000000020000454                htim5
 .bss.__malloc_free_list
                0x000000002000049c        0x4 /opt/gcc-arm-none-eabi-10.3-2021.10/bin/../lib/gcc/arm-none-eabi/10.3.1/../../../../arm-none-eabi/lib/thumb/v7e-m+fp/hard/libc_nano.a(lib_a-nano-mallocr.o)
                0x000000002000049c                __malloc_free_list
 .bss.__malloc_sbrk_start
                0x00000000200004a0        0x4 /opt/gcc-arm-none-eabi-10.3-2021.10/bin/../lib/gcc/arm-none-eabi/10.3.1/../../../../arm-none-eabi/lib/thumb/v7e-m+fp/hard/libc_nano.a(lib_a-nano-mallocr.o)
                0x00000000200004a0                __malloc_sbrk_start
 .bss.errno     0x00000000200004a4        0x4 /opt/gcc-arm-none-eabi-10.3-2021.10/bin/../lib/gcc/arm-none-eabi/10.3.1/../../../../arm-none-eabi/lib/thumb/v7e-m+fp/hard/libc_nano.a(lib_a-reent.o)
                0x00000000200004a4                errno
 .bss.__lock___malloc_recursive_mutex
                0x00000000200004a8        0x1 /opt/gcc-arm-none-eabi-10.3-2021.10/bin/../lib/gcc/arm-none-eabi/10.3.1/../../../../arm-none-eabi/lib/thumb/v7e-m+fp/hard/libc_nano.a(lib_a-lock.o)
                0x00000000200004a8                __lock___malloc_recursive_mutex
 .bss.__lock___sfp_recursive_mutex
                0x00000000200004a9        0x1 /opt/gcc-arm-none-eabi-10.3-2021.10/bin/../lib/gcc/arm-none-eabi/10.3.1/../../../../arm-none-eabi/lib/thumb/v7e-m+fp/hard/libc_nano.a(lib_a-lock.o)
                0x00000000200004a9                __lock___sfp_recursive_mutex
 .bss.__lock___sinit_recursive_mutex
                0x00000000200004aa        0x1 /opt/gcc-arm-none-eabi-10.3-2021.10/bin/../lib/gcc/arm-none-eabi/10.3.1/../../../../arm-none-eabi/lib/thumb/v7e-m+fp/hard/libc_nano.a(lib_a-lock.o)
                0x00000000200004aa                __lock___sinit_recursive_mutex
 *fill*         0x00000000200004ab        0x1 
 .bss.heap_end.0
                0x00000000200004ac        0x4 /opt/gcc-arm-none-eabi-10.3-2021.10/bin/../lib/gcc/arm-none-eabi/10.3.1/../../../../arm-none-eabi/lib/thumb/v7e-m+fp/hard/libnosys.a(sbrk.o)
 *(COMMON)
                0x00000000200004b0                . = ALIGN (0x4)
                0x00000000200004b0                _ebss = .
                0x00000000200004b0                __bss_end__ = _ebss

._user_heap_stack
                0x00000000200004b0      0x600
                0x00000000200004b0                . = ALIGN (0x8)
                0x00000000200004b0                PROVIDE (end = .)
                [!provide]                        PROVIDE (_end = .)
                0x00000000200006b0                . = (. + _Min_Heap_Size)
 *fill*         0x00000000200004b0      0x200 
                0x0000000020000ab0                . = (. + _Min_Stack_Size)
 *fill*         0x00000000200006b0      0x400 
                0x0000000020000ab0                . = ALIGN (0x8)

/DISCARD/
 libc.a(*)
 libm.a(*)
 libgcc.a(*)
OUTPUT(build/temperature_device.elf elf32-littlearm)
LOAD linker stubs
LOAD /opt/gcc-arm-none-eabi-10.3-2021.10/bin/../lib/gcc/arm-none-eabi/10.3.1/../../../../arm-none-eabi/lib/thumb/v7e-m+fp/hard/libc.a
LOAD /opt/gcc-arm-none-eabi-10.3-2021.10/bin/../lib/gcc/arm-none-eabi/10.3.1/../../../../arm-none-eabi/lib/thumb/v7e-m+fp/hard/libm.a
LOAD /opt/gcc-arm-none-eabi-10.3-2021.10/bin/../lib/gcc/arm-none-eabi/10.3.1/thumb/v7e-m+fp/hard/libgcc.a

.ARM.attributes
                0x0000000000000000       0x30
 .ARM.attributes
                0x0000000000000000       0x1e /opt/gcc-arm-none-eabi-10.3-2021.10/bin/../lib/gcc/arm-none-eabi/10.3.1/thumb/v7e-m+fp/hard/crti.o
 .ARM.attributes
                0x000000000000001e       0x34 build/main.o
 .ARM.attributes
                0x0000000000000052       0x34 build/gpio.o
 .ARM.attributes
                0x0000000000000086       0x34 build/adc.o
 .ARM.attributes
                0x00000000000000ba       0x34 build/dma.o
 .ARM.attributes
                0x00000000000000ee       0x34 build/usart.o
 .ARM.attributes
                0x0000000000000122       0x34 build/stm32f4xx_it.o
 .ARM.attributes
                0x0000000000000156       0x34 build/stm32f4xx_hal_msp.o
 .ARM.attributes
                0x000000000000018a       0x34 build/stm32f4xx_hal_adc.o
 .ARM.attributes
                0x00000000000001be       0x34 build/stm32f4xx_hal_rcc.o
 .ARM.attributes
                0x00000000000001f2       0x34 build/stm32f4xx_hal_gpio.o
 .ARM.attributes
                0x0000000000000226       0x34 build/stm32f4xx_hal_dma.o
 .ARM.attributes
                0x000000000000025a       0x34 build/stm32f4xx_hal_cortex.o
 .ARM.attributes
                0x000000000000028e       0x34 build/stm32f4xx_hal.o
 .ARM.attributes
                0x00000000000002c2       0x34 build/stm32f4xx_hal_uart.o
 .ARM.attributes
                0x00000000000002f6       0x34 build/system_stm32f4xx.o
 .ARM.attributes
                0x000000000000032a       0x34 build/tim.o
 .ARM.attributes
                0x000000000000035e       0x34 build/stm32f4xx_hal_tim.o
 .ARM.attributes
                0x0000000000000392       0x34 build/stm32f4xx_hal_tim_ex.o
 .ARM.attributes
                0x00000000000003c6       0x21 build/startup_stm32f407xx.o
 .ARM.attributes
                0x00000000000003e7       0x34 /opt/gcc-arm-none-eabi-10.3-2021.10/bin/../lib/gcc/arm-none-eabi/10.3.1/../../../../arm-none-eabi/lib/thumb/v7e-m+fp/hard/libc_nano.a(lib_a-impure.o)
 .ARM.attributes
                0x000000000000041b       0x34 /opt/gcc-arm-none-eabi-10.3-2021.10/bin/../lib/gcc/arm-none-eabi/10.3.1/../../../../arm-none-eabi/lib/thumb/v7e-m+fp/hard/libc_nano.a(lib_a-init.o)
 .ARM.attributes
                0x000000000000044f       0x34 /opt/gcc-arm-none-eabi-10.3-2021.10/bin/../lib/gcc/arm-none-eabi/10.3.1/../../../../arm-none-eabi/lib/thumb/v7e-m+fp/hard/libc_nano.a(lib_a-memset.o)
 .ARM.attributes
                0x0000000000000483       0x34 /opt/gcc-arm-none-eabi-10.3-2021.10/bin/../lib/gcc/arm-none-eabi/10.3.1/../../../../arm-none-eabi/lib/thumb/v7e-m+fp/hard/libc_nano.a(lib_a-nano-vfprintf_float.o)
 .ARM.attributes
                0x00000000000004b7       0x34 /opt/gcc-arm-none-eabi-10.3-2021.10/bin/../lib/gcc/arm-none-eabi/10.3.1/../../../../arm-none-eabi/lib/thumb/v7e-m+fp/hard/libc_nano.a(lib_a-nano-vfprintf_i.o)
 .ARM.attributes
                0x00000000000004eb       0x34 /opt/gcc-arm-none-eabi-10.3-2021.10/bin/../lib/gcc/arm-none-eabi/10.3.1/../../../../arm-none-eabi/lib/thumb/v7e-m+fp/hard/libc_nano.a(lib_a-snprintf.o)
 .ARM.attributes
                0x000000000000051f       0x17 /opt/gcc-arm-none-eabi-10.3-2021.10/bin/../lib/gcc/arm-none-eabi/10.3.1/../../../../arm-none-eabi/lib/thumb/v7e-m+fp/hard/libc_nano.a(lib_a-strlen.o)
 .ARM.attributes
                0x0000000000000536       0x34 /opt/gcc-arm-none-eabi-10.3-2021.10/bin/../lib/gcc/arm-none-eabi/10.3.1/../../../../arm-none-eabi/lib/thumb/v7e-m+fp/hard/libc_nano.a(lib_a-dtoa.o)
 .ARM.attributes
                0x000000000000056a       0x34 /opt/gcc-arm-none-eabi-10.3-2021.10/bin/../lib/gcc/arm-none-eabi/10.3.1/../../../../arm-none-eabi/lib/thumb/v7e-m+fp/hard/libc_nano.a(lib_a-localeconv.o)
 .ARM.attributes
                0x000000000000059e       0x34 /opt/gcc-arm-none-eabi-10.3-2021.10/bin/../lib/gcc/arm-none-eabi/10.3.1/../../../../arm-none-eabi/lib/thumb/v7e-m+fp/hard/libc_nano.a(lib_a-malloc.o)
 .ARM.attributes
                0x00000000000005d2       0x1c /opt/gcc-arm-none-eabi-10.3-2021.10/bin/../lib/gcc/arm-none-eabi/10.3.1/../../../../arm-none-eabi/lib/thumb/v7e-m+fp/hard/libc_nano.a(lib_a-memchr.o)
 .ARM.attributes
                0x00000000000005ee       0x34 /opt/gcc-arm-none-eabi-10.3-2021.10/bin/../lib/gcc/arm-none-eabi/10.3.1/../../../../arm-none-eabi/lib/thumb/v7e-m+fp/hard/libc_nano.a(lib_a-memcpy-stub.o)
 .ARM.attributes
                0x0000000000000622       0x34 /opt/gcc-arm-none-eabi-10.3-2021.10/bin/../lib/gcc/arm-none-eabi/10.3.1/../../../../arm-none-eabi/lib/thumb/v7e-m+fp/hard/libc_nano.a(lib_a-mprec.o)
 .ARM.attributes
                0x0000000000000656       0x34 /opt/gcc-arm-none-eabi-10.3-2021.10/bin/../lib/gcc/arm-none-eabi/10.3.1/../../../../arm-none-eabi/lib/thumb/v7e-m+fp/hard/libc_nano.a(lib_a-nano-callocr.o)
 .ARM.attributes
                0x000000000000068a       0x34 /opt/gcc-arm-none-eabi-10.3-2021.10/bin/../lib/gcc/arm-none-eabi/10.3.1/../../../../arm-none-eabi/lib/thumb/v7e-m+fp/hard/libc_nano.a(lib_a-nano-freer.o)
 .ARM.attributes
                0x00000000000006be       0x34 /opt/gcc-arm-none-eabi-10.3-2021.10/bin/../lib/gcc/arm-none-eabi/10.3.1/../../../../arm-none-eabi/lib/thumb/v7e-m+fp/hard/libc_nano.a(lib_a-nano-mallocr.o)
 .ARM.attributes
                0x00000000000006f2       0x34 /opt/gcc-arm-none-eabi-10.3-2021.10/bin/../lib/gcc/arm-none-eabi/10.3.1/../../../../arm-none-eabi/lib/thumb/v7e-m+fp/hard/libc_nano.a(lib_a-nano-svfprintf.o)
 .ARM.attributes
                0x0000000000000726       0x34 /opt/gcc-arm-none-eabi-10.3-2021.10/bin/../lib/gcc/arm-none-eabi/10.3.1/../../../../arm-none-eabi/lib/thumb/v7e-m+fp/hard/libc_nano.a(lib_a-sbrkr.o)
 .ARM.attributes
                0x000000000000075a       0x34 /opt/gcc-arm-none-eabi-10.3-2021.10/bin/../lib/gcc/arm-none-eabi/10.3.1/../../../../arm-none-eabi/lib/thumb/v7e-m+fp/hard/libc_nano.a(lib_a-assert.o)
 .ARM.attributes
                0x000000000000078e       0x34 /opt/gcc-arm-none-eabi-10.3-2021.10/bin/../lib/gcc/arm-none-eabi/10.3.1/../../../../arm-none-eabi/lib/thumb/v7e-m+fp/hard/libc_nano.a(lib_a-fprintf.o)
 .ARM.attributes
                0x00000000000007c2       0x34 /opt/gcc-arm-none-eabi-10.3-2021.10/bin/../lib/gcc/arm-none-eabi/10.3.1/../../../../arm-none-eabi/lib/thumb/v7e-m+fp/hard/libc_nano.a(lib_a-locale.o)
 .ARM.attributes
                0x00000000000007f6       0x34 /opt/gcc-arm-none-eabi-10.3-2021.10/bin/../lib/gcc/arm-none-eabi/10.3.1/../../../../arm-none-eabi/lib/thumb/v7e-m+fp/hard/libc_nano.a(lib_a-mbtowc_r.o)
 .ARM.attributes
                0x000000000000082a       0x34 /opt/gcc-arm-none-eabi-10.3-2021.10/bin/../lib/gcc/arm-none-eabi/10.3.1/../../../../arm-none-eabi/lib/thumb/v7e-m+fp/hard/libc_nano.a(lib_a-memmove.o)
 .ARM.attributes
                0x000000000000085e       0x34 /opt/gcc-arm-none-eabi-10.3-2021.10/bin/../lib/gcc/arm-none-eabi/10.3.1/../../../../arm-none-eabi/lib/thumb/v7e-m+fp/hard/libc_nano.a(lib_a-mlock.o)
 .ARM.attributes
                0x0000000000000892       0x34 /opt/gcc-arm-none-eabi-10.3-2021.10/bin/../lib/gcc/arm-none-eabi/10.3.1/../../../../arm-none-eabi/lib/thumb/v7e-m+fp/hard/libc_nano.a(lib_a-nano-reallocr.o)
 .ARM.attributes
                0x00000000000008c6       0x34 /opt/gcc-arm-none-eabi-10.3-2021.10/bin/../lib/gcc/arm-none-eabi/10.3.1/../../../../arm-none-eabi/lib/thumb/v7e-m+fp/hard/libc_nano.a(lib_a-nano-vfprintf.o)
 .ARM.attributes
                0x00000000000008fa       0x34 /opt/gcc-arm-none-eabi-10.3-2021.10/bin/../lib/gcc/arm-none-eabi/10.3.1/../../../../arm-none-eabi/lib/thumb/v7e-m+fp/hard/libc_nano.a(lib_a-reent.o)
 .ARM.attributes
                0x000000000000092e       0x34 /opt/gcc-arm-none-eabi-10.3-2021.10/bin/../lib/gcc/arm-none-eabi/10.3.1/../../../../arm-none-eabi/lib/thumb/v7e-m+fp/hard/libc_nano.a(lib_a-wbuf.o)
 .ARM.attributes
                0x0000000000000962       0x34 /opt/gcc-arm-none-eabi-10.3-2021.10/bin/../lib/gcc/arm-none-eabi/10.3.1/../../../../arm-none-eabi/lib/thumb/v7e-m+fp/hard/libc_nano.a(lib_a-wctomb_r.o)
 .ARM.attributes
                0x0000000000000996       0x34 /opt/gcc-arm-none-eabi-10.3-2021.10/bin/../lib/gcc/arm-none-eabi/10.3.1/../../../../arm-none-eabi/lib/thumb/v7e-m+fp/hard/libc_nano.a(lib_a-wsetup.o)
 .ARM.attributes
                0x00000000000009ca       0x34 /opt/gcc-arm-none-eabi-10.3-2021.10/bin/../lib/gcc/arm-none-eabi/10.3.1/../../../../arm-none-eabi/lib/thumb/v7e-m+fp/hard/libc_nano.a(lib_a-abort.o)
 .ARM.attributes
                0x00000000000009fe       0x34 /opt/gcc-arm-none-eabi-10.3-2021.10/bin/../lib/gcc/arm-none-eabi/10.3.1/../../../../arm-none-eabi/lib/thumb/v7e-m+fp/hard/libc_nano.a(lib_a-ctype_.o)
 .ARM.attributes
                0x0000000000000a32       0x34 /opt/gcc-arm-none-eabi-10.3-2021.10/bin/../lib/gcc/arm-none-eabi/10.3.1/../../../../arm-none-eabi/lib/thumb/v7e-m+fp/hard/libc_nano.a(lib_a-fflush.o)
 .ARM.attributes
                0x0000000000000a66       0x34 /opt/gcc-arm-none-eabi-10.3-2021.10/bin/../lib/gcc/arm-none-eabi/10.3.1/../../../../arm-none-eabi/lib/thumb/v7e-m+fp/hard/libc_nano.a(lib_a-findfp.o)
 .ARM.attributes
                0x0000000000000a9a       0x34 /opt/gcc-arm-none-eabi-10.3-2021.10/bin/../lib/gcc/arm-none-eabi/10.3.1/../../../../arm-none-eabi/lib/thumb/v7e-m+fp/hard/libc_nano.a(lib_a-fwalk.o)
 .ARM.attributes
                0x0000000000000ace       0x34 /opt/gcc-arm-none-eabi-10.3-2021.10/bin/../lib/gcc/arm-none-eabi/10.3.1/../../../../arm-none-eabi/lib/thumb/v7e-m+fp/hard/libc_nano.a(lib_a-lock.o)
 .ARM.attributes
                0x0000000000000b02       0x34 /opt/gcc-arm-none-eabi-10.3-2021.10/bin/../lib/gcc/arm-none-eabi/10.3.1/../../../../arm-none-eabi/lib/thumb/v7e-m+fp/hard/libc_nano.a(lib_a-makebuf.o)
 .ARM.attributes
                0x0000000000000b36       0x34 /opt/gcc-arm-none-eabi-10.3-2021.10/bin/../lib/gcc/arm-none-eabi/10.3.1/../../../../arm-none-eabi/lib/thumb/v7e-m+fp/hard/libc_nano.a(lib_a-nano-msizer.o)
 .ARM.attributes
                0x0000000000000b6a       0x34 /opt/gcc-arm-none-eabi-10.3-2021.10/bin/../lib/gcc/arm-none-eabi/10.3.1/../../../../arm-none-eabi/lib/thumb/v7e-m+fp/hard/libc_nano.a(lib_a-signal.o)
 .ARM.attributes
                0x0000000000000b9e       0x34 /opt/gcc-arm-none-eabi-10.3-2021.10/bin/../lib/gcc/arm-none-eabi/10.3.1/../../../../arm-none-eabi/lib/thumb/v7e-m+fp/hard/libc_nano.a(lib_a-signalr.o)
 .ARM.attributes
                0x0000000000000bd2       0x34 /opt/gcc-arm-none-eabi-10.3-2021.10/bin/../lib/gcc/arm-none-eabi/10.3.1/../../../../arm-none-eabi/lib/thumb/v7e-m+fp/hard/libc_nano.a(lib_a-stdio.o)
 .ARM.attributes
                0x0000000000000c06       0x34 /opt/gcc-arm-none-eabi-10.3-2021.10/bin/../lib/gcc/arm-none-eabi/10.3.1/../../../../arm-none-eabi/lib/thumb/v7e-m+fp/hard/libc_nano.a(lib_a-writer.o)
 .ARM.attributes
                0x0000000000000c3a       0x34 /opt/gcc-arm-none-eabi-10.3-2021.10/bin/../lib/gcc/arm-none-eabi/10.3.1/../../../../arm-none-eabi/lib/thumb/v7e-m+fp/hard/libc_nano.a(lib_a-closer.o)
 .ARM.attributes
                0x0000000000000c6e       0x34 /opt/gcc-arm-none-eabi-10.3-2021.10/bin/../lib/gcc/arm-none-eabi/10.3.1/../../../../arm-none-eabi/lib/thumb/v7e-m+fp/hard/libc_nano.a(lib_a-fstatr.o)
 .ARM.attributes
                0x0000000000000ca2       0x34 /opt/gcc-arm-none-eabi-10.3-2021.10/bin/../lib/gcc/arm-none-eabi/10.3.1/../../../../arm-none-eabi/lib/thumb/v7e-m+fp/hard/libc_nano.a(lib_a-isattyr.o)
 .ARM.attributes
                0x0000000000000cd6       0x34 /opt/gcc-arm-none-eabi-10.3-2021.10/bin/../lib/gcc/arm-none-eabi/10.3.1/../../../../arm-none-eabi/lib/thumb/v7e-m+fp/hard/libc_nano.a(lib_a-lseekr.o)
 .ARM.attributes
                0x0000000000000d0a       0x34 /opt/gcc-arm-none-eabi-10.3-2021.10/bin/../lib/gcc/arm-none-eabi/10.3.1/../../../../arm-none-eabi/lib/thumb/v7e-m+fp/hard/libc_nano.a(lib_a-readr.o)
 .ARM.attributes
                0x0000000000000d3e       0x34 /opt/gcc-arm-none-eabi-10.3-2021.10/bin/../lib/gcc/arm-none-eabi/10.3.1/../../../../arm-none-eabi/lib/thumb/v7e-m+fp/hard/libnosys.a(close.o)
 .ARM.attributes
                0x0000000000000d72       0x34 /opt/gcc-arm-none-eabi-10.3-2021.10/bin/../lib/gcc/arm-none-eabi/10.3.1/../../../../arm-none-eabi/lib/thumb/v7e-m+fp/hard/libnosys.a(fstat.o)
 .ARM.attributes
                0x0000000000000da6       0x34 /opt/gcc-arm-none-eabi-10.3-2021.10/bin/../lib/gcc/arm-none-eabi/10.3.1/../../../../arm-none-eabi/lib/thumb/v7e-m+fp/hard/libnosys.a(getpid.o)
 .ARM.attributes
                0x0000000000000dda       0x34 /opt/gcc-arm-none-eabi-10.3-2021.10/bin/../lib/gcc/arm-none-eabi/10.3.1/../../../../arm-none-eabi/lib/thumb/v7e-m+fp/hard/libnosys.a(isatty.o)
 .ARM.attributes
                0x0000000000000e0e       0x34 /opt/gcc-arm-none-eabi-10.3-2021.10/bin/../lib/gcc/arm-none-eabi/10.3.1/../../../../arm-none-eabi/lib/thumb/v7e-m+fp/hard/libnosys.a(kill.o)
 .ARM.attributes
                0x0000000000000e42       0x34 /opt/gcc-arm-none-eabi-10.3-2021.10/bin/../lib/gcc/arm-none-eabi/10.3.1/../../../../arm-none-eabi/lib/thumb/v7e-m+fp/hard/libnosys.a(lseek.o)
 .ARM.attributes
                0x0000000000000e76       0x34 /opt/gcc-arm-none-eabi-10.3-2021.10/bin/../lib/gcc/arm-none-eabi/10.3.1/../../../../arm-none-eabi/lib/thumb/v7e-m+fp/hard/libnosys.a(read.o)
 .ARM.attributes
                0x0000000000000eaa       0x34 /opt/gcc-arm-none-eabi-10.3-2021.10/bin/../lib/gcc/arm-none-eabi/10.3.1/../../../../arm-none-eabi/lib/thumb/v7e-m+fp/hard/libnosys.a(sbrk.o)
 .ARM.attributes
                0x0000000000000ede       0x34 /opt/gcc-arm-none-eabi-10.3-2021.10/bin/../lib/gcc/arm-none-eabi/10.3.1/../../../../arm-none-eabi/lib/thumb/v7e-m+fp/hard/libnosys.a(write.o)
 .ARM.attributes
                0x0000000000000f12       0x34 /opt/gcc-arm-none-eabi-10.3-2021.10/bin/../lib/gcc/arm-none-eabi/10.3.1/../../../../arm-none-eabi/lib/thumb/v7e-m+fp/hard/libnosys.a(_exit.o)
 .ARM.attributes
                0x0000000000000f46       0x1e /opt/gcc-arm-none-eabi-10.3-2021.10/bin/../lib/gcc/arm-none-eabi/10.3.1/thumb/v7e-m+fp/hard/libgcc.a(_arm_addsubdf3.o)
 .ARM.attributes
                0x0000000000000f64       0x1e /opt/gcc-arm-none-eabi-10.3-2021.10/bin/../lib/gcc/arm-none-eabi/10.3.1/thumb/v7e-m+fp/hard/libgcc.a(_arm_muldivdf3.o)
 .ARM.attributes
                0x0000000000000f82       0x1e /opt/gcc-arm-none-eabi-10.3-2021.10/bin/../lib/gcc/arm-none-eabi/10.3.1/thumb/v7e-m+fp/hard/libgcc.a(_arm_cmpdf2.o)
 .ARM.attributes
                0x0000000000000fa0       0x1e /opt/gcc-arm-none-eabi-10.3-2021.10/bin/../lib/gcc/arm-none-eabi/10.3.1/thumb/v7e-m+fp/hard/libgcc.a(_arm_unorddf2.o)
 .ARM.attributes
                0x0000000000000fbe       0x1e /opt/gcc-arm-none-eabi-10.3-2021.10/bin/../lib/gcc/arm-none-eabi/10.3.1/thumb/v7e-m+fp/hard/libgcc.a(_arm_fixdfsi.o)
 .ARM.attributes
                0x0000000000000fdc       0x1e /opt/gcc-arm-none-eabi-10.3-2021.10/bin/../lib/gcc/arm-none-eabi/10.3.1/thumb/v7e-m+fp/hard/libgcc.a(_aeabi_uldivmod.o)
 .ARM.attributes
                0x0000000000000ffa       0x34 /opt/gcc-arm-none-eabi-10.3-2021.10/bin/../lib/gcc/arm-none-eabi/10.3.1/thumb/v7e-m+fp/hard/libgcc.a(_udivmoddi4.o)
 .ARM.attributes
                0x000000000000102e       0x1e /opt/gcc-arm-none-eabi-10.3-2021.10/bin/../lib/gcc/arm-none-eabi/10.3.1/thumb/v7e-m+fp/hard/libgcc.a(_dvmd_tls.o)
 .ARM.attributes
                0x000000000000104c       0x1e /opt/gcc-arm-none-eabi-10.3-2021.10/bin/../lib/gcc/arm-none-eabi/10.3.1/thumb/v7e-m+fp/hard/crtn.o

.comment        0x0000000000000000       0x49
 .comment       0x0000000000000000       0x49 build/main.o
                                         0x4a (size before relaxing)
 .comment       0x0000000000000049       0x4a build/gpio.o
 .comment       0x0000000000000049       0x4a build/adc.o
 .comment       0x0000000000000049       0x4a build/dma.o
 .comment       0x0000000000000049       0x4a build/usart.o
 .comment       0x0000000000000049       0x4a build/stm32f4xx_it.o
 .comment       0x0000000000000049       0x4a build/stm32f4xx_hal_msp.o
 .comment       0x0000000000000049       0x4a build/stm32f4xx_hal_adc.o
 .comment       0x0000000000000049       0x4a build/stm32f4xx_hal_rcc.o
 .comment       0x0000000000000049       0x4a build/stm32f4xx_hal_gpio.o
 .comment       0x0000000000000049       0x4a build/stm32f4xx_hal_dma.o
 .comment       0x0000000000000049       0x4a build/stm32f4xx_hal_cortex.o
 .comment       0x0000000000000049       0x4a build/stm32f4xx_hal.o
 .comment       0x0000000000000049       0x4a build/stm32f4xx_hal_uart.o
 .comment       0x0000000000000049       0x4a build/system_stm32f4xx.o
 .comment       0x0000000000000049       0x4a build/tim.o
 .comment       0x0000000000000049       0x4a build/stm32f4xx_hal_tim.o
 .comment       0x0000000000000049       0x4a build/stm32f4xx_hal_tim_ex.o

.debug_info     0x0000000000000000    0x14c30
 .debug_info    0x0000000000000000     0x1911 build/main.o
 .debug_info    0x0000000000001911      0x4a6 build/gpio.o
 .debug_info    0x0000000000001db7      0xa20 build/adc.o
 .debug_info    0x00000000000027d7      0x564 build/dma.o
 .debug_info    0x0000000000002d3b      0xe8d build/usart.o
 .debug_info    0x0000000000003bc8      0xbbb build/stm32f4xx_it.o
 .debug_info    0x0000000000004783      0x2eb build/stm32f4xx_hal_msp.o
 .debug_info    0x0000000000004a6e     0x101f build/stm32f4xx_hal_adc.o
 .debug_info    0x0000000000005a8d      0xbfc build/stm32f4xx_hal_rcc.o
 .debug_info    0x0000000000006689      0x848 build/stm32f4xx_hal_gpio.o
 .debug_info    0x0000000000006ed1      0xbd1 build/stm32f4xx_hal_dma.o
 .debug_info    0x0000000000007aa2     0x11c6 build/stm32f4xx_hal_cortex.o
 .debug_info    0x0000000000008c68      0xacf build/stm32f4xx_hal.o
 .debug_info    0x0000000000009737     0x4346 build/stm32f4xx_hal_uart.o
 .debug_info    0x000000000000da7d      0x5b3 build/system_stm32f4xx.o
 .debug_info    0x000000000000e030      0xe83 build/tim.o
 .debug_info    0x000000000000eeb3     0x40cc build/stm32f4xx_hal_tim.o
 .debug_info    0x0000000000012f7f     0x1c8f build/stm32f4xx_hal_tim_ex.o
 .debug_info    0x0000000000014c0e       0x22 build/startup_stm32f407xx.o

.debug_abbrev   0x0000000000000000     0x26f2
 .debug_abbrev  0x0000000000000000      0x2ad build/main.o
 .debug_abbrev  0x00000000000002ad      0x151 build/gpio.o
 .debug_abbrev  0x00000000000003fe      0x1df build/adc.o
 .debug_abbrev  0x00000000000005dd      0x129 build/dma.o
 .debug_abbrev  0x0000000000000706      0x1fa build/usart.o
 .debug_abbrev  0x0000000000000900      0x1b3 build/stm32f4xx_it.o
 .debug_abbrev  0x0000000000000ab3       0xd3 build/stm32f4xx_hal_msp.o
 .debug_abbrev  0x0000000000000b86      0x292 build/stm32f4xx_hal_adc.o
 .debug_abbrev  0x0000000000000e18      0x2aa build/stm32f4xx_hal_rcc.o
 .debug_abbrev  0x00000000000010c2      0x22b build/stm32f4xx_hal_gpio.o
 .debug_abbrev  0x00000000000012ed      0x2ff build/stm32f4xx_hal_dma.o
 .debug_abbrev  0x00000000000015ec      0x379 build/stm32f4xx_hal_cortex.o
 .debug_abbrev  0x0000000000001965      0x209 build/stm32f4xx_hal.o
 .debug_abbrev  0x0000000000001b6e      0x34d build/stm32f4xx_hal_uart.o
 .debug_abbrev  0x0000000000001ebb      0x11b build/system_stm32f4xx.o
 .debug_abbrev  0x0000000000001fd6      0x1e2 build/tim.o
 .debug_abbrev  0x00000000000021b8      0x289 build/stm32f4xx_hal_tim.o
 .debug_abbrev  0x0000000000002441      0x29f build/stm32f4xx_hal_tim_ex.o
 .debug_abbrev  0x00000000000026e0       0x12 build/startup_stm32f407xx.o

.debug_loc      0x0000000000000000    0x1044e
 .debug_loc     0x0000000000000000      0x214 build/main.o
 .debug_loc     0x0000000000000214       0x38 build/gpio.o
 .debug_loc     0x000000000000024c      0x10c build/adc.o
 .debug_loc     0x0000000000000358       0x38 build/dma.o
 .debug_loc     0x0000000000000390      0x150 build/usart.o
 .debug_loc     0x00000000000004e0       0xc0 build/stm32f4xx_it.o
 .debug_loc     0x00000000000005a0       0x2c build/stm32f4xx_hal_msp.o
 .debug_loc     0x00000000000005cc      0xe48 build/stm32f4xx_hal_adc.o
 .debug_loc     0x0000000000001414      0x6e4 build/stm32f4xx_hal_rcc.o
 .debug_loc     0x0000000000001af8      0x5e8 build/stm32f4xx_hal_gpio.o
 .debug_loc     0x00000000000020e0      0xd6d build/stm32f4xx_hal_dma.o
 .debug_loc     0x0000000000002e4d      0x7a4 build/stm32f4xx_hal_cortex.o
 .debug_loc     0x00000000000035f1      0x1e1 build/stm32f4xx_hal.o
 .debug_loc     0x00000000000037d2     0x4d51 build/stm32f4xx_hal_uart.o
 .debug_loc     0x0000000000008523       0xbe build/system_stm32f4xx.o
 .debug_loc     0x00000000000085e1      0x170 build/tim.o
 .debug_loc     0x0000000000008751     0x5bd3 build/stm32f4xx_hal_tim.o
 .debug_loc     0x000000000000e324     0x212a build/stm32f4xx_hal_tim_ex.o

.debug_aranges  0x0000000000000000      0xd78
 .debug_aranges
                0x0000000000000000       0x58 build/main.o
 .debug_aranges
                0x0000000000000058       0x20 build/gpio.o
 .debug_aranges
                0x0000000000000078       0x30 build/adc.o
 .debug_aranges
                0x00000000000000a8       0x20 build/dma.o
 .debug_aranges
                0x00000000000000c8       0x38 build/usart.o
 .debug_aranges
                0x0000000000000100       0x88 build/stm32f4xx_it.o
 .debug_aranges
                0x0000000000000188       0x20 build/stm32f4xx_hal_msp.o
 .debug_aranges
                0x00000000000001a8       0xe8 build/stm32f4xx_hal_adc.o
 .debug_aranges
                0x0000000000000290       0x88 build/stm32f4xx_hal_rcc.o
 .debug_aranges
                0x0000000000000318       0x58 build/stm32f4xx_hal_gpio.o
 .debug_aranges
                0x0000000000000370       0x90 build/stm32f4xx_hal_dma.o
 .debug_aranges
                0x0000000000000400       0xc0 build/stm32f4xx_hal_cortex.o
 .debug_aranges
                0x00000000000004c0       0xf0 build/stm32f4xx_hal.o
 .debug_aranges
                0x00000000000005b0      0x208 build/stm32f4xx_hal_uart.o
 .debug_aranges
                0x00000000000007b8       0x28 build/system_stm32f4xx.o
 .debug_aranges
                0x00000000000007e0       0x38 build/tim.o
 .debug_aranges
                0x0000000000000818      0x3d0 build/stm32f4xx_hal_tim.o
 .debug_aranges
                0x0000000000000be8      0x168 build/stm32f4xx_hal_tim_ex.o
 .debug_aranges
                0x0000000000000d50       0x28 build/startup_stm32f407xx.o

.debug_ranges   0x0000000000000000      0xcc8
 .debug_ranges  0x0000000000000000       0x48 build/main.o
 .debug_ranges  0x0000000000000048       0x10 build/gpio.o
 .debug_ranges  0x0000000000000058       0x20 build/adc.o
 .debug_ranges  0x0000000000000078       0x10 build/dma.o
 .debug_ranges  0x0000000000000088       0x28 build/usart.o
 .debug_ranges  0x00000000000000b0       0x78 build/stm32f4xx_it.o
 .debug_ranges  0x0000000000000128       0x10 build/stm32f4xx_hal_msp.o
 .debug_ranges  0x0000000000000138       0xd8 build/stm32f4xx_hal_adc.o
 .debug_ranges  0x0000000000000210       0x90 build/stm32f4xx_hal_rcc.o
 .debug_ranges  0x00000000000002a0       0x48 build/stm32f4xx_hal_gpio.o
 .debug_ranges  0x00000000000002e8       0x80 build/stm32f4xx_hal_dma.o
 .debug_ranges  0x0000000000000368      0x110 build/stm32f4xx_hal_cortex.o
 .debug_ranges  0x0000000000000478       0xe0 build/stm32f4xx_hal.o
 .debug_ranges  0x0000000000000558      0x1f8 build/stm32f4xx_hal_uart.o
 .debug_ranges  0x0000000000000750       0x18 build/system_stm32f4xx.o
 .debug_ranges  0x0000000000000768       0x28 build/tim.o
 .debug_ranges  0x0000000000000790      0x3c0 build/stm32f4xx_hal_tim.o
 .debug_ranges  0x0000000000000b50      0x158 build/stm32f4xx_hal_tim_ex.o
 .debug_ranges  0x0000000000000ca8       0x20 build/startup_stm32f407xx.o

.debug_line     0x0000000000000000    0x10138
 .debug_line    0x0000000000000000      0x4bc build/main.o
 .debug_line    0x00000000000004bc      0x192 build/gpio.o
 .debug_line    0x000000000000064e      0x314 build/adc.o
 .debug_line    0x0000000000000962      0x16b build/dma.o
 .debug_line    0x0000000000000acd      0x459 build/usart.o
 .debug_line    0x0000000000000f26      0x32f build/stm32f4xx_it.o
 .debug_line    0x0000000000001255      0x13c build/stm32f4xx_hal_msp.o
 .debug_line    0x0000000000001391     0x10a3 build/stm32f4xx_hal_adc.o
 .debug_line    0x0000000000002434      0xb2a build/stm32f4xx_hal_rcc.o
 .debug_line    0x0000000000002f5e      0x6c3 build/stm32f4xx_hal_gpio.o
 .debug_line    0x0000000000003621      0xe07 build/stm32f4xx_hal_dma.o
 .debug_line    0x0000000000004428      0x78e build/stm32f4xx_hal_cortex.o
 .debug_line    0x0000000000004bb6      0x547 build/stm32f4xx_hal.o
 .debug_line    0x00000000000050fd     0x42dc build/stm32f4xx_hal_uart.o
 .debug_line    0x00000000000093d9      0x232 build/system_stm32f4xx.o
 .debug_line    0x000000000000960b      0x379 build/tim.o
 .debug_line    0x0000000000009984     0x4aac build/stm32f4xx_hal_tim.o
 .debug_line    0x000000000000e430     0x1c92 build/stm32f4xx_hal_tim_ex.o
 .debug_line    0x00000000000100c2       0x76 build/startup_stm32f407xx.o

.debug_str      0x0000000000000000     0x418e
 .debug_str     0x0000000000000000     0x135d build/main.o
                                       0x144d (size before relaxing)
 .debug_str     0x000000000000135d       0x82 build/gpio.o
                                        0x37b (size before relaxing)
 .debug_str     0x00000000000013df       0xb0 build/adc.o
                                        0x776 (size before relaxing)
 .debug_str     0x000000000000148f        0xf build/dma.o
                                        0x7d2 (size before relaxing)
 .debug_str     0x000000000000149e       0x97 build/usart.o
                                        0xd8a (size before relaxing)
 .debug_str     0x0000000000001535      0x158 build/stm32f4xx_it.o
                                        0xa6f (size before relaxing)
 .debug_str     0x000000000000168d       0x29 build/stm32f4xx_hal_msp.o
                                        0x2ca (size before relaxing)
 .debug_str     0x00000000000016b6      0x2cb build/stm32f4xx_hal_adc.o
                                        0x971 (size before relaxing)
 .debug_str     0x0000000000001981      0x209 build/stm32f4xx_hal_rcc.o
                                        0x715 (size before relaxing)
 .debug_str     0x0000000000001b8a      0x10d build/stm32f4xx_hal_gpio.o
                                        0x4ef (size before relaxing)
 .debug_str     0x0000000000001c97      0x2c3 build/stm32f4xx_hal_dma.o
                                        0x785 (size before relaxing)
 .debug_str     0x0000000000001f5a      0x513 build/stm32f4xx_hal_cortex.o
                                        0xc84 (size before relaxing)
 .debug_str     0x000000000000246d      0x29f build/stm32f4xx_hal.o
                                        0xb69 (size before relaxing)
 .debug_str     0x000000000000270c      0x5d8 build/stm32f4xx_hal_uart.o