ARM GAS  /tmp/ccoQaHyU.s 			page 1


   1              		.cpu cortex-m4
   2              		.arch armv7e-m
   3              		.fpu fpv4-sp-d16
   4              		.eabi_attribute 27, 1
   5              		.eabi_attribute 28, 1
   6              		.eabi_attribute 20, 1
   7              		.eabi_attribute 21, 1
   8              		.eabi_attribute 23, 3
   9              		.eabi_attribute 24, 1
  10              		.eabi_attribute 25, 1
  11              		.eabi_attribute 26, 1
  12              		.eabi_attribute 30, 1
  13              		.eabi_attribute 34, 1
  14              		.eabi_attribute 18, 4
  15              		.file	"tim.c"
  16              		.text
  17              	.Ltext0:
  18              		.cfi_sections	.debug_frame
  19              		.section	.text.MX_TIM2_Init,"ax",%progbits
  20              		.align	1
  21              		.global	MX_TIM2_Init
  22              		.syntax unified
  23              		.thumb
  24              		.thumb_func
  26              	MX_TIM2_Init:
  27              	.LFB239:
  28              		.file 1 "Core/Src/tim.c"
   1:Core/Src/tim.c **** /* USER CODE BEGIN Header */
   2:Core/Src/tim.c **** /**
   3:Core/Src/tim.c ****   ******************************************************************************
   4:Core/Src/tim.c ****   * @file    tim.c
   5:Core/Src/tim.c ****   * @brief   This file provides code for the configuration
   6:Core/Src/tim.c ****   *          of the TIM instances.
   7:Core/Src/tim.c ****   ******************************************************************************
   8:Core/Src/tim.c ****   * @attention
   9:Core/Src/tim.c ****   *
  10:Core/Src/tim.c ****   * Copyright (c) 2025 STMicroelectronics.
  11:Core/Src/tim.c ****   * All rights reserved.
  12:Core/Src/tim.c ****   *
  13:Core/Src/tim.c ****   * This software is licensed under terms that can be found in the LICENSE file
  14:Core/Src/tim.c ****   * in the root directory of this software component.
  15:Core/Src/tim.c ****   * If no LICENSE file comes with this software, it is provided AS-IS.
  16:Core/Src/tim.c ****   *
  17:Core/Src/tim.c ****   ******************************************************************************
  18:Core/Src/tim.c ****   */
  19:Core/Src/tim.c **** /* USER CODE END Header */
  20:Core/Src/tim.c **** /* Includes ------------------------------------------------------------------*/
  21:Core/Src/tim.c **** #include "tim.h"
  22:Core/Src/tim.c **** 
  23:Core/Src/tim.c **** /* USER CODE BEGIN 0 */
  24:Core/Src/tim.c **** 
  25:Core/Src/tim.c **** /* USER CODE END 0 */
  26:Core/Src/tim.c **** 
  27:Core/Src/tim.c **** TIM_HandleTypeDef htim2;
  28:Core/Src/tim.c **** TIM_HandleTypeDef htim5;
  29:Core/Src/tim.c **** 
  30:Core/Src/tim.c **** /* TIM2 init function */
ARM GAS  /tmp/ccoQaHyU.s 			page 2


  31:Core/Src/tim.c **** void MX_TIM2_Init(void)
  32:Core/Src/tim.c **** {
  29              		.loc 1 32 1 view -0
  30              		.cfi_startproc
  31              		@ args = 0, pretend = 0, frame = 24
  32              		@ frame_needed = 0, uses_anonymous_args = 0
  33 0000 00B5     		push	{lr}
  34              	.LCFI0:
  35              		.cfi_def_cfa_offset 4
  36              		.cfi_offset 14, -4
  37 0002 87B0     		sub	sp, sp, #28
  38              	.LCFI1:
  39              		.cfi_def_cfa_offset 32
  33:Core/Src/tim.c **** 
  34:Core/Src/tim.c ****   /* USER CODE BEGIN TIM2_Init 0 */
  35:Core/Src/tim.c **** 
  36:Core/Src/tim.c ****   /* USER CODE END TIM2_Init 0 */
  37:Core/Src/tim.c **** 
  38:Core/Src/tim.c ****   TIM_ClockConfigTypeDef sClockSourceConfig = {0};
  40              		.loc 1 38 3 view .LVU1
  41              		.loc 1 38 26 is_stmt 0 view .LVU2
  42 0004 0023     		movs	r3, #0
  43 0006 0293     		str	r3, [sp, #8]
  44 0008 0393     		str	r3, [sp, #12]
  45 000a 0493     		str	r3, [sp, #16]
  46 000c 0593     		str	r3, [sp, #20]
  39:Core/Src/tim.c ****   TIM_MasterConfigTypeDef sMasterConfig = {0};
  47              		.loc 1 39 3 is_stmt 1 view .LVU3
  48              		.loc 1 39 27 is_stmt 0 view .LVU4
  49 000e 0093     		str	r3, [sp]
  50 0010 0193     		str	r3, [sp, #4]
  40:Core/Src/tim.c **** 
  41:Core/Src/tim.c ****   /* USER CODE BEGIN TIM2_Init 1 */
  42:Core/Src/tim.c **** 
  43:Core/Src/tim.c ****   /* USER CODE END TIM2_Init 1 */
  44:Core/Src/tim.c ****   htim2.Instance = TIM2;
  51              		.loc 1 44 3 is_stmt 1 view .LVU5
  52              		.loc 1 44 18 is_stmt 0 view .LVU6
  53 0012 1648     		ldr	r0, .L9
  54 0014 4FF08042 		mov	r2, #1073741824
  55 0018 0260     		str	r2, [r0]
  45:Core/Src/tim.c ****   htim2.Init.Prescaler = 15999;
  56              		.loc 1 45 3 is_stmt 1 view .LVU7
  57              		.loc 1 45 24 is_stmt 0 view .LVU8
  58 001a 43F67F62 		movw	r2, #15999
  59 001e 4260     		str	r2, [r0, #4]
  46:Core/Src/tim.c ****   htim2.Init.CounterMode = TIM_COUNTERMODE_UP;
  60              		.loc 1 46 3 is_stmt 1 view .LVU9
  61              		.loc 1 46 26 is_stmt 0 view .LVU10
  62 0020 8360     		str	r3, [r0, #8]
  47:Core/Src/tim.c ****   htim2.Init.Period = 999;
  63              		.loc 1 47 3 is_stmt 1 view .LVU11
  64              		.loc 1 47 21 is_stmt 0 view .LVU12
  65 0022 40F2E732 		movw	r2, #999
  66 0026 C260     		str	r2, [r0, #12]
  48:Core/Src/tim.c ****   htim2.Init.ClockDivision = TIM_CLOCKDIVISION_DIV1;
  67              		.loc 1 48 3 is_stmt 1 view .LVU13
ARM GAS  /tmp/ccoQaHyU.s 			page 3


  68              		.loc 1 48 28 is_stmt 0 view .LVU14
  69 0028 0361     		str	r3, [r0, #16]
  49:Core/Src/tim.c ****   htim2.Init.AutoReloadPreload = TIM_AUTORELOAD_PRELOAD_DISABLE;
  70              		.loc 1 49 3 is_stmt 1 view .LVU15
  71              		.loc 1 49 32 is_stmt 0 view .LVU16
  72 002a 8361     		str	r3, [r0, #24]
  50:Core/Src/tim.c ****   if (HAL_TIM_Base_Init(&htim2) != HAL_OK)
  73              		.loc 1 50 3 is_stmt 1 view .LVU17
  74              		.loc 1 50 7 is_stmt 0 view .LVU18
  75 002c FFF7FEFF 		bl	HAL_TIM_Base_Init
  76              	.LVL0:
  77              		.loc 1 50 6 view .LVU19
  78 0030 98B9     		cbnz	r0, .L6
  79              	.L2:
  51:Core/Src/tim.c ****   {
  52:Core/Src/tim.c ****     Error_Handler();
  53:Core/Src/tim.c ****   }
  54:Core/Src/tim.c ****   sClockSourceConfig.ClockSource = TIM_CLOCKSOURCE_INTERNAL;
  80              		.loc 1 54 3 is_stmt 1 view .LVU20
  81              		.loc 1 54 34 is_stmt 0 view .LVU21
  82 0032 4FF48053 		mov	r3, #4096
  83 0036 0293     		str	r3, [sp, #8]
  55:Core/Src/tim.c ****   if (HAL_TIM_ConfigClockSource(&htim2, &sClockSourceConfig) != HAL_OK)
  84              		.loc 1 55 3 is_stmt 1 view .LVU22
  85              		.loc 1 55 7 is_stmt 0 view .LVU23
  86 0038 02A9     		add	r1, sp, #8
  87 003a 0C48     		ldr	r0, .L9
  88 003c FFF7FEFF 		bl	HAL_TIM_ConfigClockSource
  89              	.LVL1:
  90              		.loc 1 55 6 view .LVU24
  91 0040 70B9     		cbnz	r0, .L7
  92              	.L3:
  56:Core/Src/tim.c ****   {
  57:Core/Src/tim.c ****     Error_Handler();
  58:Core/Src/tim.c ****   }
  59:Core/Src/tim.c ****   sMasterConfig.MasterOutputTrigger = TIM_TRGO_UPDATE;
  93              		.loc 1 59 3 is_stmt 1 view .LVU25
  94              		.loc 1 59 37 is_stmt 0 view .LVU26
  95 0042 2023     		movs	r3, #32
  96 0044 0093     		str	r3, [sp]
  60:Core/Src/tim.c ****   sMasterConfig.MasterSlaveMode = TIM_MASTERSLAVEMODE_ENABLE;
  97              		.loc 1 60 3 is_stmt 1 view .LVU27
  98              		.loc 1 60 33 is_stmt 0 view .LVU28
  99 0046 8023     		movs	r3, #128
 100 0048 0193     		str	r3, [sp, #4]
  61:Core/Src/tim.c ****   if (HAL_TIMEx_MasterConfigSynchronization(&htim2, &sMasterConfig) != HAL_OK)
 101              		.loc 1 61 3 is_stmt 1 view .LVU29
 102              		.loc 1 61 7 is_stmt 0 view .LVU30
 103 004a 6946     		mov	r1, sp
 104 004c 0748     		ldr	r0, .L9
 105 004e FFF7FEFF 		bl	HAL_TIMEx_MasterConfigSynchronization
 106              	.LVL2:
 107              		.loc 1 61 6 view .LVU31
 108 0052 40B9     		cbnz	r0, .L8
 109              	.L1:
  62:Core/Src/tim.c ****   {
  63:Core/Src/tim.c ****     Error_Handler();
ARM GAS  /tmp/ccoQaHyU.s 			page 4


  64:Core/Src/tim.c ****   }
  65:Core/Src/tim.c ****   /* USER CODE BEGIN TIM2_Init 2 */
  66:Core/Src/tim.c **** 
  67:Core/Src/tim.c ****   /* USER CODE END TIM2_Init 2 */
  68:Core/Src/tim.c **** 
  69:Core/Src/tim.c **** }
 110              		.loc 1 69 1 view .LVU32
 111 0054 07B0     		add	sp, sp, #28
 112              	.LCFI2:
 113              		.cfi_remember_state
 114              		.cfi_def_cfa_offset 4
 115              		@ sp needed
 116 0056 5DF804FB 		ldr	pc, [sp], #4
 117              	.L6:
 118              	.LCFI3:
 119              		.cfi_restore_state
  52:Core/Src/tim.c ****   }
 120              		.loc 1 52 5 is_stmt 1 view .LVU33
 121 005a FFF7FEFF 		bl	Error_Handler
 122              	.LVL3:
 123 005e E8E7     		b	.L2
 124              	.L7:
  57:Core/Src/tim.c ****   }
 125              		.loc 1 57 5 view .LVU34
 126 0060 FFF7FEFF 		bl	Error_Handler
 127              	.LVL4:
 128 0064 EDE7     		b	.L3
 129              	.L8:
  63:Core/Src/tim.c ****   }
 130              		.loc 1 63 5 view .LVU35
 131 0066 FFF7FEFF 		bl	Error_Handler
 132              	.LVL5:
 133              		.loc 1 69 1 is_stmt 0 view .LVU36
 134 006a F3E7     		b	.L1
 135              	.L10:
 136              		.align	2
 137              	.L9:
 138 006c 00000000 		.word	.LANCHOR0
 139              		.cfi_endproc
 140              	.LFE239:
 142              		.section	.text.MX_TIM5_Init,"ax",%progbits
 143              		.align	1
 144              		.global	MX_TIM5_Init
 145              		.syntax unified
 146              		.thumb
 147              		.thumb_func
 149              	MX_TIM5_Init:
 150              	.LFB240:
  70:Core/Src/tim.c **** /* TIM5 init function */
  71:Core/Src/tim.c **** void MX_TIM5_Init(void)
  72:Core/Src/tim.c **** {
 151              		.loc 1 72 1 is_stmt 1 view -0
 152              		.cfi_startproc
 153              		@ args = 0, pretend = 0, frame = 24
 154              		@ frame_needed = 0, uses_anonymous_args = 0
 155 0000 00B5     		push	{lr}
 156              	.LCFI4:
ARM GAS  /tmp/ccoQaHyU.s 			page 5


 157              		.cfi_def_cfa_offset 4
 158              		.cfi_offset 14, -4
 159 0002 87B0     		sub	sp, sp, #28
 160              	.LCFI5:
 161              		.cfi_def_cfa_offset 32
  73:Core/Src/tim.c **** 
  74:Core/Src/tim.c ****   /* USER CODE BEGIN TIM5_Init 0 */
  75:Core/Src/tim.c **** 
  76:Core/Src/tim.c ****   /* USER CODE END TIM5_Init 0 */
  77:Core/Src/tim.c **** 
  78:Core/Src/tim.c ****   TIM_ClockConfigTypeDef sClockSourceConfig = {0};
 162              		.loc 1 78 3 view .LVU38
 163              		.loc 1 78 26 is_stmt 0 view .LVU39
 164 0004 0023     		movs	r3, #0
 165 0006 0293     		str	r3, [sp, #8]
 166 0008 0393     		str	r3, [sp, #12]
 167 000a 0493     		str	r3, [sp, #16]
 168 000c 0593     		str	r3, [sp, #20]
  79:Core/Src/tim.c ****   TIM_MasterConfigTypeDef sMasterConfig = {0};
 169              		.loc 1 79 3 is_stmt 1 view .LVU40
 170              		.loc 1 79 27 is_stmt 0 view .LVU41
 171 000e 0093     		str	r3, [sp]
 172 0010 0193     		str	r3, [sp, #4]
  80:Core/Src/tim.c **** 
  81:Core/Src/tim.c ****   /* USER CODE BEGIN TIM5_Init 1 */
  82:Core/Src/tim.c **** 
  83:Core/Src/tim.c ****   /* USER CODE END TIM5_Init 1 */
  84:Core/Src/tim.c ****   htim5.Instance = TIM5;
 173              		.loc 1 84 3 is_stmt 1 view .LVU42
 174              		.loc 1 84 18 is_stmt 0 view .LVU43
 175 0012 1548     		ldr	r0, .L19
 176 0014 154A     		ldr	r2, .L19+4
 177 0016 0260     		str	r2, [r0]
  85:Core/Src/tim.c ****   htim5.Init.Prescaler = 15999;
 178              		.loc 1 85 3 is_stmt 1 view .LVU44
 179              		.loc 1 85 24 is_stmt 0 view .LVU45
 180 0018 43F67F62 		movw	r2, #15999
 181 001c 4260     		str	r2, [r0, #4]
  86:Core/Src/tim.c ****   htim5.Init.CounterMode = TIM_COUNTERMODE_UP;
 182              		.loc 1 86 3 is_stmt 1 view .LVU46
 183              		.loc 1 86 26 is_stmt 0 view .LVU47
 184 001e 8360     		str	r3, [r0, #8]
  87:Core/Src/tim.c ****   htim5.Init.Period = 999;
 185              		.loc 1 87 3 is_stmt 1 view .LVU48
 186              		.loc 1 87 21 is_stmt 0 view .LVU49
 187 0020 40F2E732 		movw	r2, #999
 188 0024 C260     		str	r2, [r0, #12]
  88:Core/Src/tim.c ****   htim5.Init.ClockDivision = TIM_CLOCKDIVISION_DIV1;
 189              		.loc 1 88 3 is_stmt 1 view .LVU50
 190              		.loc 1 88 28 is_stmt 0 view .LVU51
 191 0026 0361     		str	r3, [r0, #16]
  89:Core/Src/tim.c ****   htim5.Init.AutoReloadPreload = TIM_AUTORELOAD_PRELOAD_DISABLE;
 192              		.loc 1 89 3 is_stmt 1 view .LVU52
 193              		.loc 1 89 32 is_stmt 0 view .LVU53
 194 0028 8361     		str	r3, [r0, #24]
  90:Core/Src/tim.c ****   if (HAL_TIM_Base_Init(&htim5) != HAL_OK)
 195              		.loc 1 90 3 is_stmt 1 view .LVU54
ARM GAS  /tmp/ccoQaHyU.s 			page 6


 196              		.loc 1 90 7 is_stmt 0 view .LVU55
 197 002a FFF7FEFF 		bl	HAL_TIM_Base_Init
 198              	.LVL6:
 199              		.loc 1 90 6 view .LVU56
 200 002e 90B9     		cbnz	r0, .L16
 201              	.L12:
  91:Core/Src/tim.c ****   {
  92:Core/Src/tim.c ****     Error_Handler();
  93:Core/Src/tim.c ****   }
  94:Core/Src/tim.c ****   sClockSourceConfig.ClockSource = TIM_CLOCKSOURCE_INTERNAL;
 202              		.loc 1 94 3 is_stmt 1 view .LVU57
 203              		.loc 1 94 34 is_stmt 0 view .LVU58
 204 0030 4FF48053 		mov	r3, #4096
 205 0034 0293     		str	r3, [sp, #8]
  95:Core/Src/tim.c ****   if (HAL_TIM_ConfigClockSource(&htim5, &sClockSourceConfig) != HAL_OK)
 206              		.loc 1 95 3 is_stmt 1 view .LVU59
 207              		.loc 1 95 7 is_stmt 0 view .LVU60
 208 0036 02A9     		add	r1, sp, #8
 209 0038 0B48     		ldr	r0, .L19
 210 003a FFF7FEFF 		bl	HAL_TIM_ConfigClockSource
 211              	.LVL7:
 212              		.loc 1 95 6 view .LVU61
 213 003e 68B9     		cbnz	r0, .L17
 214              	.L13:
  96:Core/Src/tim.c ****   {
  97:Core/Src/tim.c ****     Error_Handler();
  98:Core/Src/tim.c ****   }
  99:Core/Src/tim.c ****   sMasterConfig.MasterOutputTrigger = TIM_TRGO_RESET;
 215              		.loc 1 99 3 is_stmt 1 view .LVU62
 216              		.loc 1 99 37 is_stmt 0 view .LVU63
 217 0040 0023     		movs	r3, #0
 218 0042 0093     		str	r3, [sp]
 100:Core/Src/tim.c ****   sMasterConfig.MasterSlaveMode = TIM_MASTERSLAVEMODE_DISABLE;
 219              		.loc 1 100 3 is_stmt 1 view .LVU64
 220              		.loc 1 100 33 is_stmt 0 view .LVU65
 221 0044 0193     		str	r3, [sp, #4]
 101:Core/Src/tim.c ****   if (HAL_TIMEx_MasterConfigSynchronization(&htim5, &sMasterConfig) != HAL_OK)
 222              		.loc 1 101 3 is_stmt 1 view .LVU66
 223              		.loc 1 101 7 is_stmt 0 view .LVU67
 224 0046 6946     		mov	r1, sp
 225 0048 0748     		ldr	r0, .L19
 226 004a FFF7FEFF 		bl	HAL_TIMEx_MasterConfigSynchronization
 227              	.LVL8:
 228              		.loc 1 101 6 view .LVU68
 229 004e 40B9     		cbnz	r0, .L18
 230              	.L11:
 102:Core/Src/tim.c ****   {
 103:Core/Src/tim.c ****     Error_Handler();
 104:Core/Src/tim.c ****   }
 105:Core/Src/tim.c ****   /* USER CODE BEGIN TIM5_Init 2 */
 106:Core/Src/tim.c **** 
 107:Core/Src/tim.c ****   /* USER CODE END TIM5_Init 2 */
 108:Core/Src/tim.c **** 
 109:Core/Src/tim.c **** }
 231              		.loc 1 109 1 view .LVU69
 232 0050 07B0     		add	sp, sp, #28
 233              	.LCFI6:
ARM GAS  /tmp/ccoQaHyU.s 			page 7


 234              		.cfi_remember_state
 235              		.cfi_def_cfa_offset 4
 236              		@ sp needed
 237 0052 5DF804FB 		ldr	pc, [sp], #4
 238              	.L16:
 239              	.LCFI7:
 240              		.cfi_restore_state
  92:Core/Src/tim.c ****   }
 241              		.loc 1 92 5 is_stmt 1 view .LVU70
 242 0056 FFF7FEFF 		bl	Error_Handler
 243              	.LVL9:
 244 005a E9E7     		b	.L12
 245              	.L17:
  97:Core/Src/tim.c ****   }
 246              		.loc 1 97 5 view .LVU71
 247 005c FFF7FEFF 		bl	Error_Handler
 248              	.LVL10:
 249 0060 EEE7     		b	.L13
 250              	.L18:
 103:Core/Src/tim.c ****   }
 251              		.loc 1 103 5 view .LVU72
 252 0062 FFF7FEFF 		bl	Error_Handler
 253              	.LVL11:
 254              		.loc 1 109 1 is_stmt 0 view .LVU73
 255 0066 F3E7     		b	.L11
 256              	.L20:
 257              		.align	2
 258              	.L19:
 259 0068 00000000 		.word	.LANCHOR1
 260 006c 000C0040 		.word	1073744896
 261              		.cfi_endproc
 262              	.LFE240:
 264              		.section	.text.HAL_TIM_Base_MspInit,"ax",%progbits
 265              		.align	1
 266              		.global	HAL_TIM_Base_MspInit
 267              		.syntax unified
 268              		.thumb
 269              		.thumb_func
 271              	HAL_TIM_Base_MspInit:
 272              	.LVL12:
 273              	.LFB241:
 110:Core/Src/tim.c **** 
 111:Core/Src/tim.c **** void HAL_TIM_Base_MspInit(TIM_HandleTypeDef* tim_baseHandle)
 112:Core/Src/tim.c **** {
 274              		.loc 1 112 1 is_stmt 1 view -0
 275              		.cfi_startproc
 276              		@ args = 0, pretend = 0, frame = 8
 277              		@ frame_needed = 0, uses_anonymous_args = 0
 278              		.loc 1 112 1 is_stmt 0 view .LVU75
 279 0000 00B5     		push	{lr}
 280              	.LCFI8:
 281              		.cfi_def_cfa_offset 4
 282              		.cfi_offset 14, -4
 283 0002 83B0     		sub	sp, sp, #12
 284              	.LCFI9:
 285              		.cfi_def_cfa_offset 16
 113:Core/Src/tim.c **** 
ARM GAS  /tmp/ccoQaHyU.s 			page 8


 114:Core/Src/tim.c ****   if(tim_baseHandle->Instance==TIM2)
 286              		.loc 1 114 3 is_stmt 1 view .LVU76
 287              		.loc 1 114 20 is_stmt 0 view .LVU77
 288 0004 0368     		ldr	r3, [r0]
 289              		.loc 1 114 5 view .LVU78
 290 0006 B3F1804F 		cmp	r3, #1073741824
 291 000a 05D0     		beq	.L25
 115:Core/Src/tim.c ****   {
 116:Core/Src/tim.c ****   /* USER CODE BEGIN TIM2_MspInit 0 */
 117:Core/Src/tim.c **** 
 118:Core/Src/tim.c ****   /* USER CODE END TIM2_MspInit 0 */
 119:Core/Src/tim.c ****     /* TIM2 clock enable */
 120:Core/Src/tim.c ****     __HAL_RCC_TIM2_CLK_ENABLE();
 121:Core/Src/tim.c ****   /* USER CODE BEGIN TIM2_MspInit 1 */
 122:Core/Src/tim.c **** 
 123:Core/Src/tim.c ****   /* USER CODE END TIM2_MspInit 1 */
 124:Core/Src/tim.c ****   }
 125:Core/Src/tim.c ****   else if(tim_baseHandle->Instance==TIM5)
 292              		.loc 1 125 8 is_stmt 1 view .LVU79
 293              		.loc 1 125 10 is_stmt 0 view .LVU80
 294 000c 134A     		ldr	r2, .L27
 295 000e 9342     		cmp	r3, r2
 296 0010 0FD0     		beq	.L26
 297              	.LVL13:
 298              	.L21:
 126:Core/Src/tim.c ****   {
 127:Core/Src/tim.c ****   /* USER CODE BEGIN TIM5_MspInit 0 */
 128:Core/Src/tim.c **** 
 129:Core/Src/tim.c ****   /* USER CODE END TIM5_MspInit 0 */
 130:Core/Src/tim.c ****     /* TIM5 clock enable */
 131:Core/Src/tim.c ****     __HAL_RCC_TIM5_CLK_ENABLE();
 132:Core/Src/tim.c **** 
 133:Core/Src/tim.c ****     /* TIM5 interrupt Init */
 134:Core/Src/tim.c ****     HAL_NVIC_SetPriority(TIM5_IRQn, 0, 0);
 135:Core/Src/tim.c ****     HAL_NVIC_EnableIRQ(TIM5_IRQn);
 136:Core/Src/tim.c ****   /* USER CODE BEGIN TIM5_MspInit 1 */
 137:Core/Src/tim.c **** 
 138:Core/Src/tim.c ****   /* USER CODE END TIM5_MspInit 1 */
 139:Core/Src/tim.c ****   }
 140:Core/Src/tim.c **** }
 299              		.loc 1 140 1 view .LVU81
 300 0012 03B0     		add	sp, sp, #12
 301              	.LCFI10:
 302              		.cfi_remember_state
 303              		.cfi_def_cfa_offset 4
 304              		@ sp needed
 305 0014 5DF804FB 		ldr	pc, [sp], #4
 306              	.LVL14:
 307              	.L25:
 308              	.LCFI11:
 309              		.cfi_restore_state
 120:Core/Src/tim.c ****   /* USER CODE BEGIN TIM2_MspInit 1 */
 310              		.loc 1 120 5 is_stmt 1 view .LVU82
 311              	.LBB2:
 120:Core/Src/tim.c ****   /* USER CODE BEGIN TIM2_MspInit 1 */
 312              		.loc 1 120 5 view .LVU83
 313 0018 0023     		movs	r3, #0
ARM GAS  /tmp/ccoQaHyU.s 			page 9


 314 001a 0093     		str	r3, [sp]
 120:Core/Src/tim.c ****   /* USER CODE BEGIN TIM2_MspInit 1 */
 315              		.loc 1 120 5 view .LVU84
 316 001c 104B     		ldr	r3, .L27+4
 317 001e 1A6C     		ldr	r2, [r3, #64]
 318 0020 42F00102 		orr	r2, r2, #1
 319 0024 1A64     		str	r2, [r3, #64]
 120:Core/Src/tim.c ****   /* USER CODE BEGIN TIM2_MspInit 1 */
 320              		.loc 1 120 5 view .LVU85
 321 0026 1B6C     		ldr	r3, [r3, #64]
 322 0028 03F00103 		and	r3, r3, #1
 323 002c 0093     		str	r3, [sp]
 120:Core/Src/tim.c ****   /* USER CODE BEGIN TIM2_MspInit 1 */
 324              		.loc 1 120 5 view .LVU86
 325 002e 009B     		ldr	r3, [sp]
 326              	.LBE2:
 120:Core/Src/tim.c ****   /* USER CODE BEGIN TIM2_MspInit 1 */
 327              		.loc 1 120 5 view .LVU87
 328 0030 EFE7     		b	.L21
 329              	.L26:
 131:Core/Src/tim.c **** 
 330              		.loc 1 131 5 view .LVU88
 331              	.LBB3:
 131:Core/Src/tim.c **** 
 332              		.loc 1 131 5 view .LVU89
 333 0032 0021     		movs	r1, #0
 334 0034 0191     		str	r1, [sp, #4]
 131:Core/Src/tim.c **** 
 335              		.loc 1 131 5 view .LVU90
 336 0036 0A4B     		ldr	r3, .L27+4
 337 0038 1A6C     		ldr	r2, [r3, #64]
 338 003a 42F00802 		orr	r2, r2, #8
 339 003e 1A64     		str	r2, [r3, #64]
 131:Core/Src/tim.c **** 
 340              		.loc 1 131 5 view .LVU91
 341 0040 1B6C     		ldr	r3, [r3, #64]
 342 0042 03F00803 		and	r3, r3, #8
 343 0046 0193     		str	r3, [sp, #4]
 131:Core/Src/tim.c **** 
 344              		.loc 1 131 5 view .LVU92
 345 0048 019B     		ldr	r3, [sp, #4]
 346              	.LBE3:
 131:Core/Src/tim.c **** 
 347              		.loc 1 131 5 view .LVU93
 134:Core/Src/tim.c ****     HAL_NVIC_EnableIRQ(TIM5_IRQn);
 348              		.loc 1 134 5 view .LVU94
 349 004a 0A46     		mov	r2, r1
 350 004c 3220     		movs	r0, #50
 351              	.LVL15:
 134:Core/Src/tim.c ****     HAL_NVIC_EnableIRQ(TIM5_IRQn);
 352              		.loc 1 134 5 is_stmt 0 view .LVU95
 353 004e FFF7FEFF 		bl	HAL_NVIC_SetPriority
 354              	.LVL16:
 135:Core/Src/tim.c ****   /* USER CODE BEGIN TIM5_MspInit 1 */
 355              		.loc 1 135 5 is_stmt 1 view .LVU96
 356 0052 3220     		movs	r0, #50
 357 0054 FFF7FEFF 		bl	HAL_NVIC_EnableIRQ
ARM GAS  /tmp/ccoQaHyU.s 			page 10


 358              	.LVL17:
 359              		.loc 1 140 1 is_stmt 0 view .LVU97
 360 0058 DBE7     		b	.L21
 361              	.L28:
 362 005a 00BF     		.align	2
 363              	.L27:
 364 005c 000C0040 		.word	1073744896
 365 0060 00380240 		.word	1073887232
 366              		.cfi_endproc
 367              	.LFE241:
 369              		.section	.text.HAL_TIM_Base_MspDeInit,"ax",%progbits
 370              		.align	1
 371              		.global	HAL_TIM_Base_MspDeInit
 372              		.syntax unified
 373              		.thumb
 374              		.thumb_func
 376              	HAL_TIM_Base_MspDeInit:
 377              	.LVL18:
 378              	.LFB242:
 141:Core/Src/tim.c **** 
 142:Core/Src/tim.c **** void HAL_TIM_Base_MspDeInit(TIM_HandleTypeDef* tim_baseHandle)
 143:Core/Src/tim.c **** {
 379              		.loc 1 143 1 is_stmt 1 view -0
 380              		.cfi_startproc
 381              		@ args = 0, pretend = 0, frame = 0
 382              		@ frame_needed = 0, uses_anonymous_args = 0
 383              		.loc 1 143 1 is_stmt 0 view .LVU99
 384 0000 08B5     		push	{r3, lr}
 385              	.LCFI12:
 386              		.cfi_def_cfa_offset 8
 387              		.cfi_offset 3, -8
 388              		.cfi_offset 14, -4
 144:Core/Src/tim.c **** 
 145:Core/Src/tim.c ****   if(tim_baseHandle->Instance==TIM2)
 389              		.loc 1 145 3 is_stmt 1 view .LVU100
 390              		.loc 1 145 20 is_stmt 0 view .LVU101
 391 0002 0368     		ldr	r3, [r0]
 392              		.loc 1 145 5 view .LVU102
 393 0004 B3F1804F 		cmp	r3, #1073741824
 394 0008 03D0     		beq	.L33
 146:Core/Src/tim.c ****   {
 147:Core/Src/tim.c ****   /* USER CODE BEGIN TIM2_MspDeInit 0 */
 148:Core/Src/tim.c **** 
 149:Core/Src/tim.c ****   /* USER CODE END TIM2_MspDeInit 0 */
 150:Core/Src/tim.c ****     /* Peripheral clock disable */
 151:Core/Src/tim.c ****     __HAL_RCC_TIM2_CLK_DISABLE();
 152:Core/Src/tim.c ****   /* USER CODE BEGIN TIM2_MspDeInit 1 */
 153:Core/Src/tim.c **** 
 154:Core/Src/tim.c ****   /* USER CODE END TIM2_MspDeInit 1 */
 155:Core/Src/tim.c ****   }
 156:Core/Src/tim.c ****   else if(tim_baseHandle->Instance==TIM5)
 395              		.loc 1 156 8 is_stmt 1 view .LVU103
 396              		.loc 1 156 10 is_stmt 0 view .LVU104
 397 000a 0A4A     		ldr	r2, .L35
 398 000c 9342     		cmp	r3, r2
 399 000e 06D0     		beq	.L34
 400              	.LVL19:
ARM GAS  /tmp/ccoQaHyU.s 			page 11


 401              	.L29:
 157:Core/Src/tim.c ****   {
 158:Core/Src/tim.c ****   /* USER CODE BEGIN TIM5_MspDeInit 0 */
 159:Core/Src/tim.c **** 
 160:Core/Src/tim.c ****   /* USER CODE END TIM5_MspDeInit 0 */
 161:Core/Src/tim.c ****     /* Peripheral clock disable */
 162:Core/Src/tim.c ****     __HAL_RCC_TIM5_CLK_DISABLE();
 163:Core/Src/tim.c **** 
 164:Core/Src/tim.c ****     /* TIM5 interrupt Deinit */
 165:Core/Src/tim.c ****     HAL_NVIC_DisableIRQ(TIM5_IRQn);
 166:Core/Src/tim.c ****   /* USER CODE BEGIN TIM5_MspDeInit 1 */
 167:Core/Src/tim.c **** 
 168:Core/Src/tim.c ****   /* USER CODE END TIM5_MspDeInit 1 */
 169:Core/Src/tim.c ****   }
 170:Core/Src/tim.c **** }
 402              		.loc 1 170 1 view .LVU105
 403 0010 08BD     		pop	{r3, pc}
 404              	.LVL20:
 405              	.L33:
 151:Core/Src/tim.c ****   /* USER CODE BEGIN TIM2_MspDeInit 1 */
 406              		.loc 1 151 5 is_stmt 1 view .LVU106
 407 0012 094A     		ldr	r2, .L35+4
 408 0014 136C     		ldr	r3, [r2, #64]
 409 0016 23F00103 		bic	r3, r3, #1
 410 001a 1364     		str	r3, [r2, #64]
 411 001c F8E7     		b	.L29
 412              	.L34:
 162:Core/Src/tim.c **** 
 413              		.loc 1 162 5 view .LVU107
 414 001e 02F50B32 		add	r2, r2, #142336
 415 0022 136C     		ldr	r3, [r2, #64]
 416 0024 23F00803 		bic	r3, r3, #8
 417 0028 1364     		str	r3, [r2, #64]
 165:Core/Src/tim.c ****   /* USER CODE BEGIN TIM5_MspDeInit 1 */
 418              		.loc 1 165 5 view .LVU108
 419 002a 3220     		movs	r0, #50
 420              	.LVL21:
 165:Core/Src/tim.c ****   /* USER CODE BEGIN TIM5_MspDeInit 1 */
 421              		.loc 1 165 5 is_stmt 0 view .LVU109
 422 002c FFF7FEFF 		bl	HAL_NVIC_DisableIRQ
 423              	.LVL22:
 424              		.loc 1 170 1 view .LVU110
 425 0030 EEE7     		b	.L29
 426              	.L36:
 427 0032 00BF     		.align	2
 428              	.L35:
 429 0034 000C0040 		.word	1073744896
 430 0038 00380240 		.word	1073887232
 431              		.cfi_endproc
 432              	.LFE242:
 434              		.global	htim5
 435              		.global	htim2
 436              		.section	.bss.htim2,"aw",%nobits
 437              		.align	2
 438              		.set	.LANCHOR0,. + 0
 441              	htim2:
 442 0000 00000000 		.space	72
ARM GAS  /tmp/ccoQaHyU.s 			page 12


 442      00000000 
 442      00000000 
 442      00000000 
 442      00000000 
 443              		.section	.bss.htim5,"aw",%nobits
 444              		.align	2
 445              		.set	.LANCHOR1,. + 0
 448              	htim5:
 449 0000 00000000 		.space	72
 449      00000000 
 449      00000000 
 449      00000000 
 449      00000000 
 450              		.text
 451              	.Letext0:
 452              		.file 2 "/opt/gcc-arm-none-eabi-10.3-2021.10/arm-none-eabi/include/machine/_default_types.h"
 453              		.file 3 "/opt/gcc-arm-none-eabi-10.3-2021.10/arm-none-eabi/include/sys/_stdint.h"
 454              		.file 4 "Drivers/CMSIS/Device/ST/STM32F4xx/Include/stm32f407xx.h"
 455              		.file 5 "Drivers/STM32F4xx_HAL_Driver/Inc/stm32f4xx_hal_def.h"
 456              		.file 6 "Drivers/STM32F4xx_HAL_Driver/Inc/stm32f4xx_hal_dma.h"
 457              		.file 7 "Drivers/STM32F4xx_HAL_Driver/Inc/stm32f4xx_hal_tim.h"
 458              		.file 8 "Core/Inc/tim.h"
 459              		.file 9 "Drivers/STM32F4xx_HAL_Driver/Inc/stm32f4xx_hal_cortex.h"
 460              		.file 10 "Drivers/STM32F4xx_HAL_Driver/Inc/stm32f4xx_hal_tim_ex.h"
 461              		.file 11 "Core/Inc/main.h"
ARM GAS  /tmp/ccoQaHyU.s 			page 13


DEFINED SYMBOLS
                            *ABS*:0000000000000000 tim.c
     /tmp/ccoQaHyU.s:20     .text.MX_TIM2_Init:0000000000000000 $t
     /tmp/ccoQaHyU.s:26     .text.MX_TIM2_Init:0000000000000000 MX_TIM2_Init
     /tmp/ccoQaHyU.s:138    .text.MX_TIM2_Init:000000000000006c $d
     /tmp/ccoQaHyU.s:143    .text.MX_TIM5_Init:0000000000000000 $t
     /tmp/ccoQaHyU.s:149    .text.MX_TIM5_Init:0000000000000000 MX_TIM5_Init
     /tmp/ccoQaHyU.s:259    .text.MX_TIM5_Init:0000000000000068 $d
     /tmp/ccoQaHyU.s:265    .text.HAL_TIM_Base_MspInit:0000000000000000 $t
     /tmp/ccoQaHyU.s:271    .text.HAL_TIM_Base_MspInit:0000000000000000 HAL_TIM_Base_MspInit
     /tmp/ccoQaHyU.s:364    .text.HAL_TIM_Base_MspInit:000000000000005c $d
     /tmp/ccoQaHyU.s:370    .text.HAL_TIM_Base_MspDeInit:0000000000000000 $t
     /tmp/ccoQaHyU.s:376    .text.HAL_TIM_Base_MspDeInit:0000000000000000 HAL_TIM_Base_MspDeInit
     /tmp/ccoQaHyU.s:429    .text.HAL_TIM_Base_MspDeInit:0000000000000034 $d
     /tmp/ccoQaHyU.s:448    .bss.htim5:0000000000000000 htim5
     /tmp/ccoQaHyU.s:441    .bss.htim2:0000000000000000 htim2
     /tmp/ccoQaHyU.s:437    .bss.htim2:0000000000000000 $d
     /tmp/ccoQaHyU.s:444    .bss.htim5:0000000000000000 $d

UNDEFINED SYMBOLS
HAL_TIM_Base_Init
HAL_TIM_ConfigClockSource
HAL_TIMEx_MasterConfigSynchronization
Error_Handler
HAL_NVIC_SetPriority
HAL_NVIC_EnableIRQ
HAL_NVIC_DisableIRQ
