ARM GAS  /tmp/ccetKoaa.s 			page 1


   1              		.cpu cortex-m4
   2              		.arch armv7e-m
   3              		.fpu fpv4-sp-d16
   4              		.eabi_attribute 27, 1
   5              		.eabi_attribute 28, 1
   6              		.eabi_attribute 20, 1
   7              		.eabi_attribute 21, 1
   8              		.eabi_attribute 23, 3
   9              		.eabi_attribute 24, 1
  10              		.eabi_attribute 25, 1
  11              		.eabi_attribute 26, 1
  12              		.eabi_attribute 30, 1
  13              		.eabi_attribute 34, 1
  14              		.eabi_attribute 18, 4
  15              		.file	"usart.c"
  16              		.text
  17              	.Ltext0:
  18              		.cfi_sections	.debug_frame
  19              		.section	.text.MX_USART1_UART_Init,"ax",%progbits
  20              		.align	1
  21              		.global	MX_USART1_UART_Init
  22              		.syntax unified
  23              		.thumb
  24              		.thumb_func
  26              	MX_USART1_UART_Init:
  27              	.LFB239:
  28              		.file 1 "Core/Src/usart.c"
   1:Core/Src/usart.c **** /* USER CODE BEGIN Header */
   2:Core/Src/usart.c **** /**
   3:Core/Src/usart.c ****   ******************************************************************************
   4:Core/Src/usart.c ****   * @file    usart.c
   5:Core/Src/usart.c ****   * @brief   This file provides code for the configuration
   6:Core/Src/usart.c ****   *          of the USART instances.
   7:Core/Src/usart.c ****   ******************************************************************************
   8:Core/Src/usart.c ****   * @attention
   9:Core/Src/usart.c ****   *
  10:Core/Src/usart.c ****   * Copyright (c) 2025 STMicroelectronics.
  11:Core/Src/usart.c ****   * All rights reserved.
  12:Core/Src/usart.c ****   *
  13:Core/Src/usart.c ****   * This software is licensed under terms that can be found in the LICENSE file
  14:Core/Src/usart.c ****   * in the root directory of this software component.
  15:Core/Src/usart.c ****   * If no LICENSE file comes with this software, it is provided AS-IS.
  16:Core/Src/usart.c ****   *
  17:Core/Src/usart.c ****   ******************************************************************************
  18:Core/Src/usart.c ****   */
  19:Core/Src/usart.c **** /* USER CODE END Header */
  20:Core/Src/usart.c **** /* Includes ------------------------------------------------------------------*/
  21:Core/Src/usart.c **** #include "usart.h"
  22:Core/Src/usart.c **** 
  23:Core/Src/usart.c **** /* USER CODE BEGIN 0 */
  24:Core/Src/usart.c **** 
  25:Core/Src/usart.c **** /* USER CODE END 0 */
  26:Core/Src/usart.c **** 
  27:Core/Src/usart.c **** UART_HandleTypeDef huart1;
  28:Core/Src/usart.c **** UART_HandleTypeDef huart2;
  29:Core/Src/usart.c **** DMA_HandleTypeDef hdma_usart1_rx;
  30:Core/Src/usart.c **** DMA_HandleTypeDef hdma_usart2_tx;
ARM GAS  /tmp/ccetKoaa.s 			page 2


  31:Core/Src/usart.c **** 
  32:Core/Src/usart.c **** /* USART1 init function */
  33:Core/Src/usart.c **** 
  34:Core/Src/usart.c **** void MX_USART1_UART_Init(void)
  35:Core/Src/usart.c **** {
  29              		.loc 1 35 1 view -0
  30              		.cfi_startproc
  31              		@ args = 0, pretend = 0, frame = 0
  32              		@ frame_needed = 0, uses_anonymous_args = 0
  33 0000 08B5     		push	{r3, lr}
  34              	.LCFI0:
  35              		.cfi_def_cfa_offset 8
  36              		.cfi_offset 3, -8
  37              		.cfi_offset 14, -4
  36:Core/Src/usart.c **** 
  37:Core/Src/usart.c ****   /* USER CODE BEGIN USART1_Init 0 */
  38:Core/Src/usart.c **** 
  39:Core/Src/usart.c ****   /* USER CODE END USART1_Init 0 */
  40:Core/Src/usart.c **** 
  41:Core/Src/usart.c ****   /* USER CODE BEGIN USART1_Init 1 */
  42:Core/Src/usart.c **** 
  43:Core/Src/usart.c ****   /* USER CODE END USART1_Init 1 */
  44:Core/Src/usart.c ****   huart1.Instance = USART1;
  38              		.loc 1 44 3 view .LVU1
  39              		.loc 1 44 19 is_stmt 0 view .LVU2
  40 0002 0A48     		ldr	r0, .L5
  41 0004 0A4B     		ldr	r3, .L5+4
  42 0006 0360     		str	r3, [r0]
  45:Core/Src/usart.c ****   huart1.Init.BaudRate = 115200;
  43              		.loc 1 45 3 is_stmt 1 view .LVU3
  44              		.loc 1 45 24 is_stmt 0 view .LVU4
  45 0008 4FF4E133 		mov	r3, #115200
  46 000c 4360     		str	r3, [r0, #4]
  46:Core/Src/usart.c ****   huart1.Init.WordLength = UART_WORDLENGTH_8B;
  47              		.loc 1 46 3 is_stmt 1 view .LVU5
  48              		.loc 1 46 26 is_stmt 0 view .LVU6
  49 000e 0023     		movs	r3, #0
  50 0010 8360     		str	r3, [r0, #8]
  47:Core/Src/usart.c ****   huart1.Init.StopBits = UART_STOPBITS_1;
  51              		.loc 1 47 3 is_stmt 1 view .LVU7
  52              		.loc 1 47 24 is_stmt 0 view .LVU8
  53 0012 C360     		str	r3, [r0, #12]
  48:Core/Src/usart.c ****   huart1.Init.Parity = UART_PARITY_NONE;
  54              		.loc 1 48 3 is_stmt 1 view .LVU9
  55              		.loc 1 48 22 is_stmt 0 view .LVU10
  56 0014 0361     		str	r3, [r0, #16]
  49:Core/Src/usart.c ****   huart1.Init.Mode = UART_MODE_TX_RX;
  57              		.loc 1 49 3 is_stmt 1 view .LVU11
  58              		.loc 1 49 20 is_stmt 0 view .LVU12
  59 0016 0C22     		movs	r2, #12
  60 0018 4261     		str	r2, [r0, #20]
  50:Core/Src/usart.c ****   huart1.Init.HwFlowCtl = UART_HWCONTROL_NONE;
  61              		.loc 1 50 3 is_stmt 1 view .LVU13
  62              		.loc 1 50 25 is_stmt 0 view .LVU14
  63 001a 8361     		str	r3, [r0, #24]
  51:Core/Src/usart.c ****   huart1.Init.OverSampling = UART_OVERSAMPLING_16;
  64              		.loc 1 51 3 is_stmt 1 view .LVU15
ARM GAS  /tmp/ccetKoaa.s 			page 3


  65              		.loc 1 51 28 is_stmt 0 view .LVU16
  66 001c C361     		str	r3, [r0, #28]
  52:Core/Src/usart.c ****   if (HAL_UART_Init(&huart1) != HAL_OK)
  67              		.loc 1 52 3 is_stmt 1 view .LVU17
  68              		.loc 1 52 7 is_stmt 0 view .LVU18
  69 001e FFF7FEFF 		bl	HAL_UART_Init
  70              	.LVL0:
  71              		.loc 1 52 6 view .LVU19
  72 0022 00B9     		cbnz	r0, .L4
  73              	.L1:
  53:Core/Src/usart.c ****   {
  54:Core/Src/usart.c ****     Error_Handler();
  55:Core/Src/usart.c ****   }
  56:Core/Src/usart.c ****   /* USER CODE BEGIN USART1_Init 2 */
  57:Core/Src/usart.c **** 
  58:Core/Src/usart.c ****   /* USER CODE END USART1_Init 2 */
  59:Core/Src/usart.c **** 
  60:Core/Src/usart.c **** }
  74              		.loc 1 60 1 view .LVU20
  75 0024 08BD     		pop	{r3, pc}
  76              	.L4:
  54:Core/Src/usart.c ****   }
  77              		.loc 1 54 5 is_stmt 1 view .LVU21
  78 0026 FFF7FEFF 		bl	Error_Handler
  79              	.LVL1:
  80              		.loc 1 60 1 is_stmt 0 view .LVU22
  81 002a FBE7     		b	.L1
  82              	.L6:
  83              		.align	2
  84              	.L5:
  85 002c 00000000 		.word	.LANCHOR0
  86 0030 00100140 		.word	1073811456
  87              		.cfi_endproc
  88              	.LFE239:
  90              		.section	.text.MX_USART2_UART_Init,"ax",%progbits
  91              		.align	1
  92              		.global	MX_USART2_UART_Init
  93              		.syntax unified
  94              		.thumb
  95              		.thumb_func
  97              	MX_USART2_UART_Init:
  98              	.LFB240:
  61:Core/Src/usart.c **** /* USART2 init function */
  62:Core/Src/usart.c **** 
  63:Core/Src/usart.c **** void MX_USART2_UART_Init(void)
  64:Core/Src/usart.c **** {
  99              		.loc 1 64 1 is_stmt 1 view -0
 100              		.cfi_startproc
 101              		@ args = 0, pretend = 0, frame = 0
 102              		@ frame_needed = 0, uses_anonymous_args = 0
 103 0000 08B5     		push	{r3, lr}
 104              	.LCFI1:
 105              		.cfi_def_cfa_offset 8
 106              		.cfi_offset 3, -8
 107              		.cfi_offset 14, -4
  65:Core/Src/usart.c **** 
  66:Core/Src/usart.c ****   /* USER CODE BEGIN USART2_Init 0 */
ARM GAS  /tmp/ccetKoaa.s 			page 4


  67:Core/Src/usart.c **** 
  68:Core/Src/usart.c ****   /* USER CODE END USART2_Init 0 */
  69:Core/Src/usart.c **** 
  70:Core/Src/usart.c ****   /* USER CODE BEGIN USART2_Init 1 */
  71:Core/Src/usart.c **** 
  72:Core/Src/usart.c ****   /* USER CODE END USART2_Init 1 */
  73:Core/Src/usart.c ****   huart2.Instance = USART2;
 108              		.loc 1 73 3 view .LVU24
 109              		.loc 1 73 19 is_stmt 0 view .LVU25
 110 0002 0A48     		ldr	r0, .L11
 111 0004 0A4B     		ldr	r3, .L11+4
 112 0006 0360     		str	r3, [r0]
  74:Core/Src/usart.c ****   huart2.Init.BaudRate = 115200;
 113              		.loc 1 74 3 is_stmt 1 view .LVU26
 114              		.loc 1 74 24 is_stmt 0 view .LVU27
 115 0008 4FF4E133 		mov	r3, #115200
 116 000c 4360     		str	r3, [r0, #4]
  75:Core/Src/usart.c ****   huart2.Init.WordLength = UART_WORDLENGTH_8B;
 117              		.loc 1 75 3 is_stmt 1 view .LVU28
 118              		.loc 1 75 26 is_stmt 0 view .LVU29
 119 000e 0023     		movs	r3, #0
 120 0010 8360     		str	r3, [r0, #8]
  76:Core/Src/usart.c ****   huart2.Init.StopBits = UART_STOPBITS_1;
 121              		.loc 1 76 3 is_stmt 1 view .LVU30
 122              		.loc 1 76 24 is_stmt 0 view .LVU31
 123 0012 C360     		str	r3, [r0, #12]
  77:Core/Src/usart.c ****   huart2.Init.Parity = UART_PARITY_NONE;
 124              		.loc 1 77 3 is_stmt 1 view .LVU32
 125              		.loc 1 77 22 is_stmt 0 view .LVU33
 126 0014 0361     		str	r3, [r0, #16]
  78:Core/Src/usart.c ****   huart2.Init.Mode = UART_MODE_TX_RX;
 127              		.loc 1 78 3 is_stmt 1 view .LVU34
 128              		.loc 1 78 20 is_stmt 0 view .LVU35
 129 0016 0C22     		movs	r2, #12
 130 0018 4261     		str	r2, [r0, #20]
  79:Core/Src/usart.c ****   huart2.Init.HwFlowCtl = UART_HWCONTROL_NONE;
 131              		.loc 1 79 3 is_stmt 1 view .LVU36
 132              		.loc 1 79 25 is_stmt 0 view .LVU37
 133 001a 8361     		str	r3, [r0, #24]
  80:Core/Src/usart.c ****   huart2.Init.OverSampling = UART_OVERSAMPLING_16;
 134              		.loc 1 80 3 is_stmt 1 view .LVU38
 135              		.loc 1 80 28 is_stmt 0 view .LVU39
 136 001c C361     		str	r3, [r0, #28]
  81:Core/Src/usart.c ****   if (HAL_UART_Init(&huart2) != HAL_OK)
 137              		.loc 1 81 3 is_stmt 1 view .LVU40
 138              		.loc 1 81 7 is_stmt 0 view .LVU41
 139 001e FFF7FEFF 		bl	HAL_UART_Init
 140              	.LVL2:
 141              		.loc 1 81 6 view .LVU42
 142 0022 00B9     		cbnz	r0, .L10
 143              	.L7:
  82:Core/Src/usart.c ****   {
  83:Core/Src/usart.c ****     Error_Handler();
  84:Core/Src/usart.c ****   }
  85:Core/Src/usart.c ****   /* USER CODE BEGIN USART2_Init 2 */
  86:Core/Src/usart.c **** 
  87:Core/Src/usart.c ****   /* USER CODE END USART2_Init 2 */
ARM GAS  /tmp/ccetKoaa.s 			page 5


  88:Core/Src/usart.c **** 
  89:Core/Src/usart.c **** }
 144              		.loc 1 89 1 view .LVU43
 145 0024 08BD     		pop	{r3, pc}
 146              	.L10:
  83:Core/Src/usart.c ****   }
 147              		.loc 1 83 5 is_stmt 1 view .LVU44
 148 0026 FFF7FEFF 		bl	Error_Handler
 149              	.LVL3:
 150              		.loc 1 89 1 is_stmt 0 view .LVU45
 151 002a FBE7     		b	.L7
 152              	.L12:
 153              		.align	2
 154              	.L11:
 155 002c 00000000 		.word	.LANCHOR1
 156 0030 00440040 		.word	1073759232
 157              		.cfi_endproc
 158              	.LFE240:
 160              		.section	.text.HAL_UART_MspInit,"ax",%progbits
 161              		.align	1
 162              		.global	HAL_UART_MspInit
 163              		.syntax unified
 164              		.thumb
 165              		.thumb_func
 167              	HAL_UART_MspInit:
 168              	.LVL4:
 169              	.LFB241:
  90:Core/Src/usart.c **** 
  91:Core/Src/usart.c **** void HAL_UART_MspInit(UART_HandleTypeDef* uartHandle)
  92:Core/Src/usart.c **** {
 170              		.loc 1 92 1 is_stmt 1 view -0
 171              		.cfi_startproc
 172              		@ args = 0, pretend = 0, frame = 40
 173              		@ frame_needed = 0, uses_anonymous_args = 0
 174              		.loc 1 92 1 is_stmt 0 view .LVU47
 175 0000 30B5     		push	{r4, r5, lr}
 176              	.LCFI2:
 177              		.cfi_def_cfa_offset 12
 178              		.cfi_offset 4, -12
 179              		.cfi_offset 5, -8
 180              		.cfi_offset 14, -4
 181 0002 8BB0     		sub	sp, sp, #44
 182              	.LCFI3:
 183              		.cfi_def_cfa_offset 56
 184 0004 0446     		mov	r4, r0
  93:Core/Src/usart.c **** 
  94:Core/Src/usart.c ****   GPIO_InitTypeDef GPIO_InitStruct = {0};
 185              		.loc 1 94 3 is_stmt 1 view .LVU48
 186              		.loc 1 94 20 is_stmt 0 view .LVU49
 187 0006 0023     		movs	r3, #0
 188 0008 0593     		str	r3, [sp, #20]
 189 000a 0693     		str	r3, [sp, #24]
 190 000c 0793     		str	r3, [sp, #28]
 191 000e 0893     		str	r3, [sp, #32]
 192 0010 0993     		str	r3, [sp, #36]
  95:Core/Src/usart.c ****   if(uartHandle->Instance==USART1)
 193              		.loc 1 95 3 is_stmt 1 view .LVU50
ARM GAS  /tmp/ccetKoaa.s 			page 6


 194              		.loc 1 95 16 is_stmt 0 view .LVU51
 195 0012 0368     		ldr	r3, [r0]
 196              		.loc 1 95 5 view .LVU52
 197 0014 414A     		ldr	r2, .L23
 198 0016 9342     		cmp	r3, r2
 199 0018 04D0     		beq	.L19
  96:Core/Src/usart.c ****   {
  97:Core/Src/usart.c ****   /* USER CODE BEGIN USART1_MspInit 0 */
  98:Core/Src/usart.c **** 
  99:Core/Src/usart.c ****   /* USER CODE END USART1_MspInit 0 */
 100:Core/Src/usart.c ****     /* USART1 clock enable */
 101:Core/Src/usart.c ****     __HAL_RCC_USART1_CLK_ENABLE();
 102:Core/Src/usart.c **** 
 103:Core/Src/usart.c ****     __HAL_RCC_GPIOA_CLK_ENABLE();
 104:Core/Src/usart.c ****     /**USART1 GPIO Configuration
 105:Core/Src/usart.c ****     PA9     ------> USART1_TX
 106:Core/Src/usart.c ****     PA10     ------> USART1_RX
 107:Core/Src/usart.c ****     */
 108:Core/Src/usart.c ****     GPIO_InitStruct.Pin = GPIO_PIN_9|GPIO_PIN_10;
 109:Core/Src/usart.c ****     GPIO_InitStruct.Mode = GPIO_MODE_AF_PP;
 110:Core/Src/usart.c ****     GPIO_InitStruct.Pull = GPIO_PULLDOWN;
 111:Core/Src/usart.c ****     GPIO_InitStruct.Speed = GPIO_SPEED_FREQ_VERY_HIGH;
 112:Core/Src/usart.c ****     GPIO_InitStruct.Alternate = GPIO_AF7_USART1;
 113:Core/Src/usart.c ****     HAL_GPIO_Init(GPIOA, &GPIO_InitStruct);
 114:Core/Src/usart.c **** 
 115:Core/Src/usart.c ****     /* USART1 DMA Init */
 116:Core/Src/usart.c ****     /* USART1_RX Init */
 117:Core/Src/usart.c ****     hdma_usart1_rx.Instance = DMA2_Stream2;
 118:Core/Src/usart.c ****     hdma_usart1_rx.Init.Channel = DMA_CHANNEL_4;
 119:Core/Src/usart.c ****     hdma_usart1_rx.Init.Direction = DMA_PERIPH_TO_MEMORY;
 120:Core/Src/usart.c ****     hdma_usart1_rx.Init.PeriphInc = DMA_PINC_DISABLE;
 121:Core/Src/usart.c ****     hdma_usart1_rx.Init.MemInc = DMA_MINC_ENABLE;
 122:Core/Src/usart.c ****     hdma_usart1_rx.Init.PeriphDataAlignment = DMA_PDATAALIGN_BYTE;
 123:Core/Src/usart.c ****     hdma_usart1_rx.Init.MemDataAlignment = DMA_MDATAALIGN_BYTE;
 124:Core/Src/usart.c ****     hdma_usart1_rx.Init.Mode = DMA_NORMAL;
 125:Core/Src/usart.c ****     hdma_usart1_rx.Init.Priority = DMA_PRIORITY_LOW;
 126:Core/Src/usart.c ****     hdma_usart1_rx.Init.FIFOMode = DMA_FIFOMODE_DISABLE;
 127:Core/Src/usart.c ****     if (HAL_DMA_Init(&hdma_usart1_rx) != HAL_OK)
 128:Core/Src/usart.c ****     {
 129:Core/Src/usart.c ****       Error_Handler();
 130:Core/Src/usart.c ****     }
 131:Core/Src/usart.c **** 
 132:Core/Src/usart.c ****     __HAL_LINKDMA(uartHandle,hdmarx,hdma_usart1_rx);
 133:Core/Src/usart.c **** 
 134:Core/Src/usart.c ****   /* USER CODE BEGIN USART1_MspInit 1 */
 135:Core/Src/usart.c **** 
 136:Core/Src/usart.c ****   /* USER CODE END USART1_MspInit 1 */
 137:Core/Src/usart.c ****   }
 138:Core/Src/usart.c ****   else if(uartHandle->Instance==USART2)
 200              		.loc 1 138 8 is_stmt 1 view .LVU53
 201              		.loc 1 138 10 is_stmt 0 view .LVU54
 202 001a 414A     		ldr	r2, .L23+4
 203 001c 9342     		cmp	r3, r2
 204 001e 3FD0     		beq	.L20
 205              	.LVL5:
 206              	.L13:
 139:Core/Src/usart.c ****   {
ARM GAS  /tmp/ccetKoaa.s 			page 7


 140:Core/Src/usart.c ****   /* USER CODE BEGIN USART2_MspInit 0 */
 141:Core/Src/usart.c **** 
 142:Core/Src/usart.c ****   /* USER CODE END USART2_MspInit 0 */
 143:Core/Src/usart.c ****     /* USART2 clock enable */
 144:Core/Src/usart.c ****     __HAL_RCC_USART2_CLK_ENABLE();
 145:Core/Src/usart.c **** 
 146:Core/Src/usart.c ****     __HAL_RCC_GPIOA_CLK_ENABLE();
 147:Core/Src/usart.c ****     /**USART2 GPIO Configuration
 148:Core/Src/usart.c ****     PA2     ------> USART2_TX
 149:Core/Src/usart.c ****     PA3     ------> USART2_RX
 150:Core/Src/usart.c ****     */
 151:Core/Src/usart.c ****     GPIO_InitStruct.Pin = GPIO_PIN_2|GPIO_PIN_3;
 152:Core/Src/usart.c ****     GPIO_InitStruct.Mode = GPIO_MODE_AF_PP;
 153:Core/Src/usart.c ****     GPIO_InitStruct.Pull = GPIO_PULLDOWN;
 154:Core/Src/usart.c ****     GPIO_InitStruct.Speed = GPIO_SPEED_FREQ_VERY_HIGH;
 155:Core/Src/usart.c ****     GPIO_InitStruct.Alternate = GPIO_AF7_USART2;
 156:Core/Src/usart.c ****     HAL_GPIO_Init(GPIOA, &GPIO_InitStruct);
 157:Core/Src/usart.c **** 
 158:Core/Src/usart.c ****     /* USART2 DMA Init */
 159:Core/Src/usart.c ****     /* USART2_TX Init */
 160:Core/Src/usart.c ****     hdma_usart2_tx.Instance = DMA1_Stream6;
 161:Core/Src/usart.c ****     hdma_usart2_tx.Init.Channel = DMA_CHANNEL_4;
 162:Core/Src/usart.c ****     hdma_usart2_tx.Init.Direction = DMA_MEMORY_TO_PERIPH;
 163:Core/Src/usart.c ****     hdma_usart2_tx.Init.PeriphInc = DMA_PINC_DISABLE;
 164:Core/Src/usart.c ****     hdma_usart2_tx.Init.MemInc = DMA_MINC_ENABLE;
 165:Core/Src/usart.c ****     hdma_usart2_tx.Init.PeriphDataAlignment = DMA_PDATAALIGN_BYTE;
 166:Core/Src/usart.c ****     hdma_usart2_tx.Init.MemDataAlignment = DMA_MDATAALIGN_BYTE;
 167:Core/Src/usart.c ****     hdma_usart2_tx.Init.Mode = DMA_NORMAL;
 168:Core/Src/usart.c ****     hdma_usart2_tx.Init.Priority = DMA_PRIORITY_LOW;
 169:Core/Src/usart.c ****     hdma_usart2_tx.Init.FIFOMode = DMA_FIFOMODE_DISABLE;
 170:Core/Src/usart.c ****     if (HAL_DMA_Init(&hdma_usart2_tx) != HAL_OK)
 171:Core/Src/usart.c ****     {
 172:Core/Src/usart.c ****       Error_Handler();
 173:Core/Src/usart.c ****     }
 174:Core/Src/usart.c **** 
 175:Core/Src/usart.c ****     __HAL_LINKDMA(uartHandle,hdmatx,hdma_usart2_tx);
 176:Core/Src/usart.c **** 
 177:Core/Src/usart.c ****   /* USER CODE BEGIN USART2_MspInit 1 */
 178:Core/Src/usart.c **** 
 179:Core/Src/usart.c ****   /* USER CODE END USART2_MspInit 1 */
 180:Core/Src/usart.c ****   }
 181:Core/Src/usart.c **** }
 207              		.loc 1 181 1 view .LVU55
 208 0020 0BB0     		add	sp, sp, #44
 209              	.LCFI4:
 210              		.cfi_remember_state
 211              		.cfi_def_cfa_offset 12
 212              		@ sp needed
 213 0022 30BD     		pop	{r4, r5, pc}
 214              	.LVL6:
 215              	.L19:
 216              	.LCFI5:
 217              		.cfi_restore_state
 101:Core/Src/usart.c **** 
 218              		.loc 1 101 5 is_stmt 1 view .LVU56
 219              	.LBB2:
 101:Core/Src/usart.c **** 
ARM GAS  /tmp/ccetKoaa.s 			page 8


 220              		.loc 1 101 5 view .LVU57
 221 0024 0025     		movs	r5, #0
 222 0026 0195     		str	r5, [sp, #4]
 101:Core/Src/usart.c **** 
 223              		.loc 1 101 5 view .LVU58
 224 0028 3E4B     		ldr	r3, .L23+8
 225 002a 5A6C     		ldr	r2, [r3, #68]
 226 002c 42F01002 		orr	r2, r2, #16
 227 0030 5A64     		str	r2, [r3, #68]
 101:Core/Src/usart.c **** 
 228              		.loc 1 101 5 view .LVU59
 229 0032 5A6C     		ldr	r2, [r3, #68]
 230 0034 02F01002 		and	r2, r2, #16
 231 0038 0192     		str	r2, [sp, #4]
 101:Core/Src/usart.c **** 
 232              		.loc 1 101 5 view .LVU60
 233 003a 019A     		ldr	r2, [sp, #4]
 234              	.LBE2:
 101:Core/Src/usart.c **** 
 235              		.loc 1 101 5 view .LVU61
 103:Core/Src/usart.c ****     /**USART1 GPIO Configuration
 236              		.loc 1 103 5 view .LVU62
 237              	.LBB3:
 103:Core/Src/usart.c ****     /**USART1 GPIO Configuration
 238              		.loc 1 103 5 view .LVU63
 239 003c 0295     		str	r5, [sp, #8]
 103:Core/Src/usart.c ****     /**USART1 GPIO Configuration
 240              		.loc 1 103 5 view .LVU64
 241 003e 1A6B     		ldr	r2, [r3, #48]
 242 0040 42F00102 		orr	r2, r2, #1
 243 0044 1A63     		str	r2, [r3, #48]
 103:Core/Src/usart.c ****     /**USART1 GPIO Configuration
 244              		.loc 1 103 5 view .LVU65
 245 0046 1B6B     		ldr	r3, [r3, #48]
 246 0048 03F00103 		and	r3, r3, #1
 247 004c 0293     		str	r3, [sp, #8]
 103:Core/Src/usart.c ****     /**USART1 GPIO Configuration
 248              		.loc 1 103 5 view .LVU66
 249 004e 029B     		ldr	r3, [sp, #8]
 250              	.LBE3:
 103:Core/Src/usart.c ****     /**USART1 GPIO Configuration
 251              		.loc 1 103 5 view .LVU67
 108:Core/Src/usart.c ****     GPIO_InitStruct.Mode = GPIO_MODE_AF_PP;
 252              		.loc 1 108 5 view .LVU68
 108:Core/Src/usart.c ****     GPIO_InitStruct.Mode = GPIO_MODE_AF_PP;
 253              		.loc 1 108 25 is_stmt 0 view .LVU69
 254 0050 4FF4C063 		mov	r3, #1536
 255 0054 0593     		str	r3, [sp, #20]
 109:Core/Src/usart.c ****     GPIO_InitStruct.Pull = GPIO_PULLDOWN;
 256              		.loc 1 109 5 is_stmt 1 view .LVU70
 109:Core/Src/usart.c ****     GPIO_InitStruct.Pull = GPIO_PULLDOWN;
 257              		.loc 1 109 26 is_stmt 0 view .LVU71
 258 0056 0223     		movs	r3, #2
 259 0058 0693     		str	r3, [sp, #24]
 110:Core/Src/usart.c ****     GPIO_InitStruct.Speed = GPIO_SPEED_FREQ_VERY_HIGH;
 260              		.loc 1 110 5 is_stmt 1 view .LVU72
 110:Core/Src/usart.c ****     GPIO_InitStruct.Speed = GPIO_SPEED_FREQ_VERY_HIGH;
ARM GAS  /tmp/ccetKoaa.s 			page 9


 261              		.loc 1 110 26 is_stmt 0 view .LVU73
 262 005a 0793     		str	r3, [sp, #28]
 111:Core/Src/usart.c ****     GPIO_InitStruct.Alternate = GPIO_AF7_USART1;
 263              		.loc 1 111 5 is_stmt 1 view .LVU74
 111:Core/Src/usart.c ****     GPIO_InitStruct.Alternate = GPIO_AF7_USART1;
 264              		.loc 1 111 27 is_stmt 0 view .LVU75
 265 005c 0323     		movs	r3, #3
 266 005e 0893     		str	r3, [sp, #32]
 112:Core/Src/usart.c ****     HAL_GPIO_Init(GPIOA, &GPIO_InitStruct);
 267              		.loc 1 112 5 is_stmt 1 view .LVU76
 112:Core/Src/usart.c ****     HAL_GPIO_Init(GPIOA, &GPIO_InitStruct);
 268              		.loc 1 112 31 is_stmt 0 view .LVU77
 269 0060 0723     		movs	r3, #7
 270 0062 0993     		str	r3, [sp, #36]
 113:Core/Src/usart.c **** 
 271              		.loc 1 113 5 is_stmt 1 view .LVU78
 272 0064 05A9     		add	r1, sp, #20
 273 0066 3048     		ldr	r0, .L23+12
 274              	.LVL7:
 113:Core/Src/usart.c **** 
 275              		.loc 1 113 5 is_stmt 0 view .LVU79
 276 0068 FFF7FEFF 		bl	HAL_GPIO_Init
 277              	.LVL8:
 117:Core/Src/usart.c ****     hdma_usart1_rx.Init.Channel = DMA_CHANNEL_4;
 278              		.loc 1 117 5 is_stmt 1 view .LVU80
 117:Core/Src/usart.c ****     hdma_usart1_rx.Init.Channel = DMA_CHANNEL_4;
 279              		.loc 1 117 29 is_stmt 0 view .LVU81
 280 006c 2F48     		ldr	r0, .L23+16
 281 006e 304B     		ldr	r3, .L23+20
 282 0070 0360     		str	r3, [r0]
 118:Core/Src/usart.c ****     hdma_usart1_rx.Init.Direction = DMA_PERIPH_TO_MEMORY;
 283              		.loc 1 118 5 is_stmt 1 view .LVU82
 118:Core/Src/usart.c ****     hdma_usart1_rx.Init.Direction = DMA_PERIPH_TO_MEMORY;
 284              		.loc 1 118 33 is_stmt 0 view .LVU83
 285 0072 4FF00063 		mov	r3, #134217728
 286 0076 4360     		str	r3, [r0, #4]
 119:Core/Src/usart.c ****     hdma_usart1_rx.Init.PeriphInc = DMA_PINC_DISABLE;
 287              		.loc 1 119 5 is_stmt 1 view .LVU84
 119:Core/Src/usart.c ****     hdma_usart1_rx.Init.PeriphInc = DMA_PINC_DISABLE;
 288              		.loc 1 119 35 is_stmt 0 view .LVU85
 289 0078 8560     		str	r5, [r0, #8]
 120:Core/Src/usart.c ****     hdma_usart1_rx.Init.MemInc = DMA_MINC_ENABLE;
 290              		.loc 1 120 5 is_stmt 1 view .LVU86
 120:Core/Src/usart.c ****     hdma_usart1_rx.Init.MemInc = DMA_MINC_ENABLE;
 291              		.loc 1 120 35 is_stmt 0 view .LVU87
 292 007a C560     		str	r5, [r0, #12]
 121:Core/Src/usart.c ****     hdma_usart1_rx.Init.PeriphDataAlignment = DMA_PDATAALIGN_BYTE;
 293              		.loc 1 121 5 is_stmt 1 view .LVU88
 121:Core/Src/usart.c ****     hdma_usart1_rx.Init.PeriphDataAlignment = DMA_PDATAALIGN_BYTE;
 294              		.loc 1 121 32 is_stmt 0 view .LVU89
 295 007c 4FF48063 		mov	r3, #1024
 296 0080 0361     		str	r3, [r0, #16]
 122:Core/Src/usart.c ****     hdma_usart1_rx.Init.MemDataAlignment = DMA_MDATAALIGN_BYTE;
 297              		.loc 1 122 5 is_stmt 1 view .LVU90
 122:Core/Src/usart.c ****     hdma_usart1_rx.Init.MemDataAlignment = DMA_MDATAALIGN_BYTE;
 298              		.loc 1 122 45 is_stmt 0 view .LVU91
 299 0082 4561     		str	r5, [r0, #20]
ARM GAS  /tmp/ccetKoaa.s 			page 10


 123:Core/Src/usart.c ****     hdma_usart1_rx.Init.Mode = DMA_NORMAL;
 300              		.loc 1 123 5 is_stmt 1 view .LVU92
 123:Core/Src/usart.c ****     hdma_usart1_rx.Init.Mode = DMA_NORMAL;
 301              		.loc 1 123 42 is_stmt 0 view .LVU93
 302 0084 8561     		str	r5, [r0, #24]
 124:Core/Src/usart.c ****     hdma_usart1_rx.Init.Priority = DMA_PRIORITY_LOW;
 303              		.loc 1 124 5 is_stmt 1 view .LVU94
 124:Core/Src/usart.c ****     hdma_usart1_rx.Init.Priority = DMA_PRIORITY_LOW;
 304              		.loc 1 124 30 is_stmt 0 view .LVU95
 305 0086 C561     		str	r5, [r0, #28]
 125:Core/Src/usart.c ****     hdma_usart1_rx.Init.FIFOMode = DMA_FIFOMODE_DISABLE;
 306              		.loc 1 125 5 is_stmt 1 view .LVU96
 125:Core/Src/usart.c ****     hdma_usart1_rx.Init.FIFOMode = DMA_FIFOMODE_DISABLE;
 307              		.loc 1 125 34 is_stmt 0 view .LVU97
 308 0088 0562     		str	r5, [r0, #32]
 126:Core/Src/usart.c ****     if (HAL_DMA_Init(&hdma_usart1_rx) != HAL_OK)
 309              		.loc 1 126 5 is_stmt 1 view .LVU98
 126:Core/Src/usart.c ****     if (HAL_DMA_Init(&hdma_usart1_rx) != HAL_OK)
 310              		.loc 1 126 34 is_stmt 0 view .LVU99
 311 008a 4562     		str	r5, [r0, #36]
 127:Core/Src/usart.c ****     {
 312              		.loc 1 127 5 is_stmt 1 view .LVU100
 127:Core/Src/usart.c ****     {
 313              		.loc 1 127 9 is_stmt 0 view .LVU101
 314 008c FFF7FEFF 		bl	HAL_DMA_Init
 315              	.LVL9:
 127:Core/Src/usart.c ****     {
 316              		.loc 1 127 8 view .LVU102
 317 0090 18B9     		cbnz	r0, .L21
 318              	.L15:
 132:Core/Src/usart.c **** 
 319              		.loc 1 132 5 is_stmt 1 view .LVU103
 132:Core/Src/usart.c **** 
 320              		.loc 1 132 5 view .LVU104
 321 0092 264B     		ldr	r3, .L23+16
 322 0094 E363     		str	r3, [r4, #60]
 132:Core/Src/usart.c **** 
 323              		.loc 1 132 5 view .LVU105
 324 0096 9C63     		str	r4, [r3, #56]
 132:Core/Src/usart.c **** 
 325              		.loc 1 132 5 view .LVU106
 326 0098 C2E7     		b	.L13
 327              	.L21:
 129:Core/Src/usart.c ****     }
 328              		.loc 1 129 7 view .LVU107
 329 009a FFF7FEFF 		bl	Error_Handler
 330              	.LVL10:
 331 009e F8E7     		b	.L15
 332              	.LVL11:
 333              	.L20:
 144:Core/Src/usart.c **** 
 334              		.loc 1 144 5 view .LVU108
 335              	.LBB4:
 144:Core/Src/usart.c **** 
 336              		.loc 1 144 5 view .LVU109
 337 00a0 0025     		movs	r5, #0
 338 00a2 0395     		str	r5, [sp, #12]
ARM GAS  /tmp/ccetKoaa.s 			page 11


 144:Core/Src/usart.c **** 
 339              		.loc 1 144 5 view .LVU110
 340 00a4 1F4B     		ldr	r3, .L23+8
 341 00a6 1A6C     		ldr	r2, [r3, #64]
 342 00a8 42F40032 		orr	r2, r2, #131072
 343 00ac 1A64     		str	r2, [r3, #64]
 144:Core/Src/usart.c **** 
 344              		.loc 1 144 5 view .LVU111
 345 00ae 1A6C     		ldr	r2, [r3, #64]
 346 00b0 02F40032 		and	r2, r2, #131072
 347 00b4 0392     		str	r2, [sp, #12]
 144:Core/Src/usart.c **** 
 348              		.loc 1 144 5 view .LVU112
 349 00b6 039A     		ldr	r2, [sp, #12]
 350              	.LBE4:
 144:Core/Src/usart.c **** 
 351              		.loc 1 144 5 view .LVU113
 146:Core/Src/usart.c ****     /**USART2 GPIO Configuration
 352              		.loc 1 146 5 view .LVU114
 353              	.LBB5:
 146:Core/Src/usart.c ****     /**USART2 GPIO Configuration
 354              		.loc 1 146 5 view .LVU115
 355 00b8 0495     		str	r5, [sp, #16]
 146:Core/Src/usart.c ****     /**USART2 GPIO Configuration
 356              		.loc 1 146 5 view .LVU116
 357 00ba 1A6B     		ldr	r2, [r3, #48]
 358 00bc 42F00102 		orr	r2, r2, #1
 359 00c0 1A63     		str	r2, [r3, #48]
 146:Core/Src/usart.c ****     /**USART2 GPIO Configuration
 360              		.loc 1 146 5 view .LVU117
 361 00c2 1B6B     		ldr	r3, [r3, #48]
 362 00c4 03F00103 		and	r3, r3, #1
 363 00c8 0493     		str	r3, [sp, #16]
 146:Core/Src/usart.c ****     /**USART2 GPIO Configuration
 364              		.loc 1 146 5 view .LVU118
 365 00ca 049B     		ldr	r3, [sp, #16]
 366              	.LBE5:
 146:Core/Src/usart.c ****     /**USART2 GPIO Configuration
 367              		.loc 1 146 5 view .LVU119
 151:Core/Src/usart.c ****     GPIO_InitStruct.Mode = GPIO_MODE_AF_PP;
 368              		.loc 1 151 5 view .LVU120
 151:Core/Src/usart.c ****     GPIO_InitStruct.Mode = GPIO_MODE_AF_PP;
 369              		.loc 1 151 25 is_stmt 0 view .LVU121
 370 00cc 0C23     		movs	r3, #12
 371 00ce 0593     		str	r3, [sp, #20]
 152:Core/Src/usart.c ****     GPIO_InitStruct.Pull = GPIO_PULLDOWN;
 372              		.loc 1 152 5 is_stmt 1 view .LVU122
 152:Core/Src/usart.c ****     GPIO_InitStruct.Pull = GPIO_PULLDOWN;
 373              		.loc 1 152 26 is_stmt 0 view .LVU123
 374 00d0 0223     		movs	r3, #2
 375 00d2 0693     		str	r3, [sp, #24]
 153:Core/Src/usart.c ****     GPIO_InitStruct.Speed = GPIO_SPEED_FREQ_VERY_HIGH;
 376              		.loc 1 153 5 is_stmt 1 view .LVU124
 153:Core/Src/usart.c ****     GPIO_InitStruct.Speed = GPIO_SPEED_FREQ_VERY_HIGH;
 377              		.loc 1 153 26 is_stmt 0 view .LVU125
 378 00d4 0793     		str	r3, [sp, #28]
 154:Core/Src/usart.c ****     GPIO_InitStruct.Alternate = GPIO_AF7_USART2;
ARM GAS  /tmp/ccetKoaa.s 			page 12


 379              		.loc 1 154 5 is_stmt 1 view .LVU126
 154:Core/Src/usart.c ****     GPIO_InitStruct.Alternate = GPIO_AF7_USART2;
 380              		.loc 1 154 27 is_stmt 0 view .LVU127
 381 00d6 0323     		movs	r3, #3
 382 00d8 0893     		str	r3, [sp, #32]
 155:Core/Src/usart.c ****     HAL_GPIO_Init(GPIOA, &GPIO_InitStruct);
 383              		.loc 1 155 5 is_stmt 1 view .LVU128
 155:Core/Src/usart.c ****     HAL_GPIO_Init(GPIOA, &GPIO_InitStruct);
 384              		.loc 1 155 31 is_stmt 0 view .LVU129
 385 00da 0723     		movs	r3, #7
 386 00dc 0993     		str	r3, [sp, #36]
 156:Core/Src/usart.c **** 
 387              		.loc 1 156 5 is_stmt 1 view .LVU130
 388 00de 05A9     		add	r1, sp, #20
 389 00e0 1148     		ldr	r0, .L23+12
 390              	.LVL12:
 156:Core/Src/usart.c **** 
 391              		.loc 1 156 5 is_stmt 0 view .LVU131
 392 00e2 FFF7FEFF 		bl	HAL_GPIO_Init
 393              	.LVL13:
 160:Core/Src/usart.c ****     hdma_usart2_tx.Init.Channel = DMA_CHANNEL_4;
 394              		.loc 1 160 5 is_stmt 1 view .LVU132
 160:Core/Src/usart.c ****     hdma_usart2_tx.Init.Channel = DMA_CHANNEL_4;
 395              		.loc 1 160 29 is_stmt 0 view .LVU133
 396 00e6 1348     		ldr	r0, .L23+24
 397 00e8 134B     		ldr	r3, .L23+28
 398 00ea 0360     		str	r3, [r0]
 161:Core/Src/usart.c ****     hdma_usart2_tx.Init.Direction = DMA_MEMORY_TO_PERIPH;
 399              		.loc 1 161 5 is_stmt 1 view .LVU134
 161:Core/Src/usart.c ****     hdma_usart2_tx.Init.Direction = DMA_MEMORY_TO_PERIPH;
 400              		.loc 1 161 33 is_stmt 0 view .LVU135
 401 00ec 4FF00063 		mov	r3, #134217728
 402 00f0 4360     		str	r3, [r0, #4]
 162:Core/Src/usart.c ****     hdma_usart2_tx.Init.PeriphInc = DMA_PINC_DISABLE;
 403              		.loc 1 162 5 is_stmt 1 view .LVU136
 162:Core/Src/usart.c ****     hdma_usart2_tx.Init.PeriphInc = DMA_PINC_DISABLE;
 404              		.loc 1 162 35 is_stmt 0 view .LVU137
 405 00f2 4023     		movs	r3, #64
 406 00f4 8360     		str	r3, [r0, #8]
 163:Core/Src/usart.c ****     hdma_usart2_tx.Init.MemInc = DMA_MINC_ENABLE;
 407              		.loc 1 163 5 is_stmt 1 view .LVU138
 163:Core/Src/usart.c ****     hdma_usart2_tx.Init.MemInc = DMA_MINC_ENABLE;
 408              		.loc 1 163 35 is_stmt 0 view .LVU139
 409 00f6 C560     		str	r5, [r0, #12]
 164:Core/Src/usart.c ****     hdma_usart2_tx.Init.PeriphDataAlignment = DMA_PDATAALIGN_BYTE;
 410              		.loc 1 164 5 is_stmt 1 view .LVU140
 164:Core/Src/usart.c ****     hdma_usart2_tx.Init.PeriphDataAlignment = DMA_PDATAALIGN_BYTE;
 411              		.loc 1 164 32 is_stmt 0 view .LVU141
 412 00f8 4FF48063 		mov	r3, #1024
 413 00fc 0361     		str	r3, [r0, #16]
 165:Core/Src/usart.c ****     hdma_usart2_tx.Init.MemDataAlignment = DMA_MDATAALIGN_BYTE;
 414              		.loc 1 165 5 is_stmt 1 view .LVU142
 165:Core/Src/usart.c ****     hdma_usart2_tx.Init.MemDataAlignment = DMA_MDATAALIGN_BYTE;
 415              		.loc 1 165 45 is_stmt 0 view .LVU143
 416 00fe 4561     		str	r5, [r0, #20]
 166:Core/Src/usart.c ****     hdma_usart2_tx.Init.Mode = DMA_NORMAL;
 417              		.loc 1 166 5 is_stmt 1 view .LVU144
ARM GAS  /tmp/ccetKoaa.s 			page 13


 166:Core/Src/usart.c ****     hdma_usart2_tx.Init.Mode = DMA_NORMAL;
 418              		.loc 1 166 42 is_stmt 0 view .LVU145
 419 0100 8561     		str	r5, [r0, #24]
 167:Core/Src/usart.c ****     hdma_usart2_tx.Init.Priority = DMA_PRIORITY_LOW;
 420              		.loc 1 167 5 is_stmt 1 view .LVU146
 167:Core/Src/usart.c ****     hdma_usart2_tx.Init.Priority = DMA_PRIORITY_LOW;
 421              		.loc 1 167 30 is_stmt 0 view .LVU147
 422 0102 C561     		str	r5, [r0, #28]
 168:Core/Src/usart.c ****     hdma_usart2_tx.Init.FIFOMode = DMA_FIFOMODE_DISABLE;
 423              		.loc 1 168 5 is_stmt 1 view .LVU148
 168:Core/Src/usart.c ****     hdma_usart2_tx.Init.FIFOMode = DMA_FIFOMODE_DISABLE;
 424              		.loc 1 168 34 is_stmt 0 view .LVU149
 425 0104 0562     		str	r5, [r0, #32]
 169:Core/Src/usart.c ****     if (HAL_DMA_Init(&hdma_usart2_tx) != HAL_OK)
 426              		.loc 1 169 5 is_stmt 1 view .LVU150
 169:Core/Src/usart.c ****     if (HAL_DMA_Init(&hdma_usart2_tx) != HAL_OK)
 427              		.loc 1 169 34 is_stmt 0 view .LVU151
 428 0106 4562     		str	r5, [r0, #36]
 170:Core/Src/usart.c ****     {
 429              		.loc 1 170 5 is_stmt 1 view .LVU152
 170:Core/Src/usart.c ****     {
 430              		.loc 1 170 9 is_stmt 0 view .LVU153
 431 0108 FFF7FEFF 		bl	HAL_DMA_Init
 432              	.LVL14:
 170:Core/Src/usart.c ****     {
 433              		.loc 1 170 8 view .LVU154
 434 010c 18B9     		cbnz	r0, .L22
 435              	.L17:
 175:Core/Src/usart.c **** 
 436              		.loc 1 175 5 is_stmt 1 view .LVU155
 175:Core/Src/usart.c **** 
 437              		.loc 1 175 5 view .LVU156
 438 010e 094B     		ldr	r3, .L23+24
 439 0110 A363     		str	r3, [r4, #56]
 175:Core/Src/usart.c **** 
 440              		.loc 1 175 5 view .LVU157
 441 0112 9C63     		str	r4, [r3, #56]
 175:Core/Src/usart.c **** 
 442              		.loc 1 175 5 view .LVU158
 443              		.loc 1 181 1 is_stmt 0 view .LVU159
 444 0114 84E7     		b	.L13
 445              	.L22:
 172:Core/Src/usart.c ****     }
 446              		.loc 1 172 7 is_stmt 1 view .LVU160
 447 0116 FFF7FEFF 		bl	Error_Handler
 448              	.LVL15:
 449 011a F8E7     		b	.L17
 450              	.L24:
 451              		.align	2
 452              	.L23:
 453 011c 00100140 		.word	1073811456
 454 0120 00440040 		.word	1073759232
 455 0124 00380240 		.word	1073887232
 456 0128 00000240 		.word	1073872896
 457 012c 00000000 		.word	.LANCHOR2
 458 0130 40640240 		.word	1073898560
 459 0134 00000000 		.word	.LANCHOR3
ARM GAS  /tmp/ccetKoaa.s 			page 14


 460 0138 A0600240 		.word	1073897632
 461              		.cfi_endproc
 462              	.LFE241:
 464              		.section	.text.HAL_UART_MspDeInit,"ax",%progbits
 465              		.align	1
 466              		.global	HAL_UART_MspDeInit
 467              		.syntax unified
 468              		.thumb
 469              		.thumb_func
 471              	HAL_UART_MspDeInit:
 472              	.LVL16:
 473              	.LFB242:
 182:Core/Src/usart.c **** 
 183:Core/Src/usart.c **** void HAL_UART_MspDeInit(UART_HandleTypeDef* uartHandle)
 184:Core/Src/usart.c **** {
 474              		.loc 1 184 1 view -0
 475              		.cfi_startproc
 476              		@ args = 0, pretend = 0, frame = 0
 477              		@ frame_needed = 0, uses_anonymous_args = 0
 478              		.loc 1 184 1 is_stmt 0 view .LVU162
 479 0000 10B5     		push	{r4, lr}
 480              	.LCFI6:
 481              		.cfi_def_cfa_offset 8
 482              		.cfi_offset 4, -8
 483              		.cfi_offset 14, -4
 484 0002 0446     		mov	r4, r0
 185:Core/Src/usart.c **** 
 186:Core/Src/usart.c ****   if(uartHandle->Instance==USART1)
 485              		.loc 1 186 3 is_stmt 1 view .LVU163
 486              		.loc 1 186 16 is_stmt 0 view .LVU164
 487 0004 0368     		ldr	r3, [r0]
 488              		.loc 1 186 5 view .LVU165
 489 0006 134A     		ldr	r2, .L31
 490 0008 9342     		cmp	r3, r2
 491 000a 03D0     		beq	.L29
 187:Core/Src/usart.c ****   {
 188:Core/Src/usart.c ****   /* USER CODE BEGIN USART1_MspDeInit 0 */
 189:Core/Src/usart.c **** 
 190:Core/Src/usart.c ****   /* USER CODE END USART1_MspDeInit 0 */
 191:Core/Src/usart.c ****     /* Peripheral clock disable */
 192:Core/Src/usart.c ****     __HAL_RCC_USART1_CLK_DISABLE();
 193:Core/Src/usart.c **** 
 194:Core/Src/usart.c ****     /**USART1 GPIO Configuration
 195:Core/Src/usart.c ****     PA9     ------> USART1_TX
 196:Core/Src/usart.c ****     PA10     ------> USART1_RX
 197:Core/Src/usart.c ****     */
 198:Core/Src/usart.c ****     HAL_GPIO_DeInit(GPIOA, GPIO_PIN_9|GPIO_PIN_10);
 199:Core/Src/usart.c **** 
 200:Core/Src/usart.c ****     /* USART1 DMA DeInit */
 201:Core/Src/usart.c ****     HAL_DMA_DeInit(uartHandle->hdmarx);
 202:Core/Src/usart.c ****   /* USER CODE BEGIN USART1_MspDeInit 1 */
 203:Core/Src/usart.c **** 
 204:Core/Src/usart.c ****   /* USER CODE END USART1_MspDeInit 1 */
 205:Core/Src/usart.c ****   }
 206:Core/Src/usart.c ****   else if(uartHandle->Instance==USART2)
 492              		.loc 1 206 8 is_stmt 1 view .LVU166
 493              		.loc 1 206 10 is_stmt 0 view .LVU167
ARM GAS  /tmp/ccetKoaa.s 			page 15


 494 000c 124A     		ldr	r2, .L31+4
 495 000e 9342     		cmp	r3, r2
 496 0010 0FD0     		beq	.L30
 497              	.LVL17:
 498              	.L25:
 207:Core/Src/usart.c ****   {
 208:Core/Src/usart.c ****   /* USER CODE BEGIN USART2_MspDeInit 0 */
 209:Core/Src/usart.c **** 
 210:Core/Src/usart.c ****   /* USER CODE END USART2_MspDeInit 0 */
 211:Core/Src/usart.c ****     /* Peripheral clock disable */
 212:Core/Src/usart.c ****     __HAL_RCC_USART2_CLK_DISABLE();
 213:Core/Src/usart.c **** 
 214:Core/Src/usart.c ****     /**USART2 GPIO Configuration
 215:Core/Src/usart.c ****     PA2     ------> USART2_TX
 216:Core/Src/usart.c ****     PA3     ------> USART2_RX
 217:Core/Src/usart.c ****     */
 218:Core/Src/usart.c ****     HAL_GPIO_DeInit(GPIOA, GPIO_PIN_2|GPIO_PIN_3);
 219:Core/Src/usart.c **** 
 220:Core/Src/usart.c ****     /* USART2 DMA DeInit */
 221:Core/Src/usart.c ****     HAL_DMA_DeInit(uartHandle->hdmatx);
 222:Core/Src/usart.c **** 
 223:Core/Src/usart.c ****     /* USART2 interrupt Deinit */
 224:Core/Src/usart.c ****     HAL_NVIC_DisableIRQ(USART2_IRQn);
 225:Core/Src/usart.c ****   /* USER CODE BEGIN USART2_MspDeInit 1 */
 226:Core/Src/usart.c **** 
 227:Core/Src/usart.c ****   /* USER CODE END USART2_MspDeInit 1 */
 228:Core/Src/usart.c ****   }
 229:Core/Src/usart.c **** }
 499              		.loc 1 229 1 view .LVU168
 500 0012 10BD     		pop	{r4, pc}
 501              	.LVL18:
 502              	.L29:
 192:Core/Src/usart.c **** 
 503              		.loc 1 192 5 is_stmt 1 view .LVU169
 504 0014 02F59432 		add	r2, r2, #75776
 505 0018 536C     		ldr	r3, [r2, #68]
 506 001a 23F01003 		bic	r3, r3, #16
 507 001e 5364     		str	r3, [r2, #68]
 198:Core/Src/usart.c **** 
 508              		.loc 1 198 5 view .LVU170
 509 0020 4FF4C061 		mov	r1, #1536
 510 0024 0D48     		ldr	r0, .L31+8
 511              	.LVL19:
 198:Core/Src/usart.c **** 
 512              		.loc 1 198 5 is_stmt 0 view .LVU171
 513 0026 FFF7FEFF 		bl	HAL_GPIO_DeInit
 514              	.LVL20:
 201:Core/Src/usart.c ****   /* USER CODE BEGIN USART1_MspDeInit 1 */
 515              		.loc 1 201 5 is_stmt 1 view .LVU172
 516 002a E06B     		ldr	r0, [r4, #60]
 517 002c FFF7FEFF 		bl	HAL_DMA_DeInit
 518              	.LVL21:
 519 0030 EFE7     		b	.L25
 520              	.LVL22:
 521              	.L30:
 212:Core/Src/usart.c **** 
 522              		.loc 1 212 5 view .LVU173
ARM GAS  /tmp/ccetKoaa.s 			page 16


 523 0032 02F5FA32 		add	r2, r2, #128000
 524 0036 136C     		ldr	r3, [r2, #64]
 525 0038 23F40033 		bic	r3, r3, #131072
 526 003c 1364     		str	r3, [r2, #64]
 218:Core/Src/usart.c **** 
 527              		.loc 1 218 5 view .LVU174
 528 003e 0C21     		movs	r1, #12
 529 0040 0648     		ldr	r0, .L31+8
 530              	.LVL23:
 218:Core/Src/usart.c **** 
 531              		.loc 1 218 5 is_stmt 0 view .LVU175
 532 0042 FFF7FEFF 		bl	HAL_GPIO_DeInit
 533              	.LVL24:
 221:Core/Src/usart.c **** 
 534              		.loc 1 221 5 is_stmt 1 view .LVU176
 535 0046 A06B     		ldr	r0, [r4, #56]
 536 0048 FFF7FEFF 		bl	HAL_DMA_DeInit
 537              	.LVL25:
 224:Core/Src/usart.c ****   /* USER CODE BEGIN USART2_MspDeInit 1 */
 538              		.loc 1 224 5 view .LVU177
 539 004c 2620     		movs	r0, #38
 540 004e FFF7FEFF 		bl	HAL_NVIC_DisableIRQ
 541              	.LVL26:
 542              		.loc 1 229 1 is_stmt 0 view .LVU178
 543 0052 DEE7     		b	.L25
 544              	.L32:
 545              		.align	2
 546              	.L31:
 547 0054 00100140 		.word	1073811456
 548 0058 00440040 		.word	1073759232
 549 005c 00000240 		.word	1073872896
 550              		.cfi_endproc
 551              	.LFE242:
 553              		.global	hdma_usart2_tx
 554              		.global	hdma_usart1_rx
 555              		.global	huart2
 556              		.global	huart1
 557              		.section	.bss.hdma_usart1_rx,"aw",%nobits
 558              		.align	2
 559              		.set	.LANCHOR2,. + 0
 562              	hdma_usart1_rx:
 563 0000 00000000 		.space	96
 563      00000000 
 563      00000000 
 563      00000000 
 563      00000000 
 564              		.section	.bss.hdma_usart2_tx,"aw",%nobits
 565              		.align	2
 566              		.set	.LANCHOR3,. + 0
 569              	hdma_usart2_tx:
 570 0000 00000000 		.space	96
 570      00000000 
 570      00000000 
 570      00000000 
 570      00000000 
 571              		.section	.bss.huart1,"aw",%nobits
 572              		.align	2
ARM GAS  /tmp/ccetKoaa.s 			page 17


 573              		.set	.LANCHOR0,. + 0
 576              	huart1:
 577 0000 00000000 		.space	72
 577      00000000 
 577      00000000 
 577      00000000 
 577      00000000 
 578              		.section	.bss.huart2,"aw",%nobits
 579              		.align	2
 580              		.set	.LANCHOR1,. + 0
 583              	huart2:
 584 0000 00000000 		.space	72
 584      00000000 
 584      00000000 
 584      00000000 
 584      00000000 
 585              		.text
 586              	.Letext0:
 587              		.file 2 "/opt/gcc-arm-none-eabi-10.3-2021.10/arm-none-eabi/include/machine/_default_types.h"
 588              		.file 3 "/opt/gcc-arm-none-eabi-10.3-2021.10/arm-none-eabi/include/sys/_stdint.h"
 589              		.file 4 "Drivers/CMSIS/Device/ST/STM32F4xx/Include/stm32f407xx.h"
 590              		.file 5 "Drivers/STM32F4xx_HAL_Driver/Inc/stm32f4xx_hal_def.h"
 591              		.file 6 "Drivers/STM32F4xx_HAL_Driver/Inc/stm32f4xx_hal_gpio.h"
 592              		.file 7 "Drivers/STM32F4xx_HAL_Driver/Inc/stm32f4xx_hal_dma.h"
 593              		.file 8 "Drivers/STM32F4xx_HAL_Driver/Inc/stm32f4xx_hal_uart.h"
 594              		.file 9 "Core/Inc/usart.h"
 595              		.file 10 "Drivers/STM32F4xx_HAL_Driver/Inc/stm32f4xx_hal_cortex.h"
 596              		.file 11 "Core/Inc/main.h"
ARM GAS  /tmp/ccetKoaa.s 			page 18


DEFINED SYMBOLS
                            *ABS*:0000000000000000 usart.c
     /tmp/ccetKoaa.s:20     .text.MX_USART1_UART_Init:0000000000000000 $t
     /tmp/ccetKoaa.s:26     .text.MX_USART1_UART_Init:0000000000000000 MX_USART1_UART_Init
     /tmp/ccetKoaa.s:85     .text.MX_USART1_UART_Init:000000000000002c $d
     /tmp/ccetKoaa.s:91     .text.MX_USART2_UART_Init:0000000000000000 $t
     /tmp/ccetKoaa.s:97     .text.MX_USART2_UART_Init:0000000000000000 MX_USART2_UART_Init
     /tmp/ccetKoaa.s:155    .text.MX_USART2_UART_Init:000000000000002c $d
     /tmp/ccetKoaa.s:161    .text.HAL_UART_MspInit:0000000000000000 $t
     /tmp/ccetKoaa.s:167    .text.HAL_UART_MspInit:0000000000000000 HAL_UART_MspInit
     /tmp/ccetKoaa.s:453    .text.HAL_UART_MspInit:000000000000011c $d
     /tmp/ccetKoaa.s:465    .text.HAL_UART_MspDeInit:0000000000000000 $t
     /tmp/ccetKoaa.s:471    .text.HAL_UART_MspDeInit:0000000000000000 HAL_UART_MspDeInit
     /tmp/ccetKoaa.s:547    .text.HAL_UART_MspDeInit:0000000000000054 $d
     /tmp/ccetKoaa.s:569    .bss.hdma_usart2_tx:0000000000000000 hdma_usart2_tx
     /tmp/ccetKoaa.s:562    .bss.hdma_usart1_rx:0000000000000000 hdma_usart1_rx
     /tmp/ccetKoaa.s:583    .bss.huart2:0000000000000000 huart2
     /tmp/ccetKoaa.s:576    .bss.huart1:0000000000000000 huart1
     /tmp/ccetKoaa.s:558    .bss.hdma_usart1_rx:0000000000000000 $d
     /tmp/ccetKoaa.s:565    .bss.hdma_usart2_tx:0000000000000000 $d
     /tmp/ccetKoaa.s:572    .bss.huart1:0000000000000000 $d
     /tmp/ccetKoaa.s:579    .bss.huart2:0000000000000000 $d

UNDEFINED SYMBOLS
HAL_UART_Init
Error_Handler
HAL_GPIO_Init
HAL_DMA_Init
HAL_GPIO_DeInit
HAL_DMA_DeInit
HAL_NVIC_DisableIRQ
